Microchip MPLAB XC8 Compiler V1.21 ()

Linker command line:

--edf=/opt/microchip/xc8/v1.21/dat/en_msgs.txt \
  --UDF=html/kelvin_ntc.X.production.link.html -cs \
  -h+dist/Debug_26K80/production/kelvin_ntc.X.production.sym \
  --cmf=dist/Debug_26K80/production/kelvin_ntc.X.production.cmf -z \
  -Q18LF26K80 -o/tmp/cgtIksrY9 \
  -Mdist/Debug_26K80/production/kelvin_ntc.X.production.map -E1 -ver=XC8 \
  -ACODE=00h-0FFFFh -ACONST=00h-0FFFFh -ASMALLCONST=0F00h-0FFFhx241 \
  -AMEDIUMCONST=0F00h-0FFFFh -ACOMRAM=01h-05Fh -AABS1=00h-0E40h \
  -ABIGRAM=01h-0E40h -ARAM=060h-0FFh,0100h-01FFhx13,0E00h-0E40h \
  -ABANK0=060h-0FFh -ABANK1=0100h-01FFh -ABANK2=0200h-02FFh \
  -ABANK3=0300h-03FFh -ABANK4=0400h-04FFh -ABANK5=0500h-05FFh \
  -ABANK6=0600h-06FFh -ABANK7=0700h-07FFh -ABANK8=0800h-08FFh \
  -ABANK9=0900h-09FFh -ABANK10=0A00h-0AFFh -ABANK11=0B00h-0BFFh \
  -ABANK12=0C00h-0CFFh -ABANK13=0D00h-0DFFh -ABANK14=0E00h-0E40h \
  -ASFR=0E41h-0EFFh,0F00h-0F5Fh,0F60h-0FFFh \
  -preset_vec=00h,intcode,intcodelo=018h,powerup,init,end_init \
  -pramtop=0F00h -psmallconst=SMALLCONST -pmediumconst=MEDIUMCONST \
  -pconst=CONST -AFARRAM=00h-00h -ACONFIG=0300000h-030000Dh -pconfig=CONFIG \
  -AIDLOC=0200000h-0200007h -pidloc=IDLOC -AEEDATA=0F00000h-0F003FFh \
  -peeprom_data=EEDATA \
  -prdata=COMRAM,nvrram=COMRAM,nvbit=COMRAM,rbss=COMRAM,rbit=COMRAM \
  -pfarbss=FARRAM,fardata=FARRAM,nvFARRAM=FARRAM \
  -pintsave_regs=BIGRAM,bigbss=BIGRAM,bigdata=BIGRAM -pbss=RAM \
  -pidata=CODE,irdata=CODE,ibigdata=CODE,ifardata=CODE /tmp/cgtNo4HOx.obj \
  dist/Debug_26K80/production/kelvin_ntc.X.production.obj 

Object code version is 3.11

Machine type is 18LF26K80

Call graph: (short form)




                Name                               Link     Load   Length Selector   Space Scale
/tmp/cgtNo4HOx.obj
                end_init                            2BA      2BA        4        C       0
                reset_vec                             0        0        4        0       0
                idloc                            200000   200000        8   200000       0
                config                           300000   300000        E   300000       0
dist/Debug_26K80/production/kelvin_ntc.X.production.obj
                intcodelo                            18       18      2A2        C       0
                smallconst                          F00      F00       6E      780       0
                text102                            608C     608C        4      7B7       0
                text101                            602E     602E       12      7B7       0
                text99                             1E0E     1E0E      7AC      7B7       0
                text98                             4E88     4E88       BC      7B7       0
                text97                             4C40     4C40       CE      7B7       0
                text96                             5BCA     5BCA       3A      7B7       0
                text95                             601C     601C       12      7B7       0
                text94                             6088     6088        4      7B7       0
                text93                             5ADA     5ADA       3E      7B7       0
                text92                             5EDC     5EDC       1E      7B7       0
                text91                             593C     593C       4A      7B7       0
                text90                             5F9C     5F9C       18      7B7       0
                text89                             53FA     53FA       90      7B7       0
                text88                             5B54     5B54       3C      7B7       0
                text87                             607A     607A        6      7B7       0
                text86                             5B90     5B90       3A      7B7       0
                text85                             5FCA     5FCA       16      7B7       0
                text84                             5E5E     5E5E       24      7B7       0
                text83                             5F4E     5F4E       1C      7B7       0
                text82                             25BA     25BA      770      7B7       0
                text81                             6084     6084        4      7B7       0
                text80                             5C04     5C04       36      7B7       0
                text79                             5592     5592       7E      7B7       0
                text78                             46E6     46E6      11E      7B7       0
                text77                             3D78     3D78      1F2      7B7       0
                text76                             5DCC     5DCC       26      7B7       0
                text75                             56F8     56F8       74      7B7       0
                text74                             5CFE     5CFE       2C      7B7       0
                text73                             4A30     4A30      114      7B7       0
                text72                             42F8     42F8      160      7B7       0
                text71                             5A16     5A16       48      7B7       0
                text70                             4FFC     4FFC       B2      7B7       0
                text69                             5CD0     5CD0       2E      7B7       0
                text68                             5EBE     5EBE       1E      7B7       0
                text67                             4D0E     4D0E       BE      7B7       0
                text66                             5F6A     5F6A       1A      7B7       0
                text65                             5E3A     5E3A       24      7B7       0
                text64                             609C     609C        2      7B7       0
                text63                             5EA0     5EA0       1E      7B7       0
                text62                             5F84     5F84       18      7B7       0
                text61                             6068     6068        A      7B7       0
                text60                             59CE     59CE       48      7B7       0
                text59                             5CA0     5CA0       30      7B7       0
                text58                             5D54     5D54       2A      7B7       0
                text57                             609A     609A        2      7B7       0
                text56                             6098     6098        2      7B7       0
                text55                             6096     6096        2      7B7       0
                text54                             6008     6008       14      7B7       0
                text53                             5F32     5F32       1C      7B7       0
                text52                             5FF4     5FF4       14      7B7       0
                text51                             5FE0     5FE0       14      7B7       0
                text50                             6094     6094        2      7B7       0
                text49                             6092     6092        2      7B7       0
                text48                             6090     6090        2      7B7       0
                text47                             605E     605E        A      7B7       0
                text46                             6054     6054        A      7B7       0
                text45                             4158     4158      1A0      7B7       0
                text44                             5FB4     5FB4       16      7B7       0
                text43                             5C6E     5C6E       32      7B7       0
                text42                             52BC     52BC       A0      7B7       0
                text41                              F6E      F6E      EA0      7B7       0
                text40                             5E16     5E16       24      7B7       0
                text39                             5F16     5F16       1C      7B7       0
                text38                             5EFA     5EFA       1C      7B7       0
                text37                             6072     6072        8      7B7       0
                text36                             491C     491C      114      7B7       0
                text35                             5E82     5E82       1E      7B7       0
                text34                             5D7E     5D7E       28      7B7       0
                text33                             2D2A     2D2A      626      7B7       0
                text32                             5C3A     5C3A       34      7B7       0
                text31                             4458     4458      156      7B7       0
                text30                             5684     5684       74      7B7       0
                text29                             515E     515E       B0      7B7       0
                text28                             5610     5610       74      7B7       0
                text27                             5510     5510       82      7B7       0
                text26                             6080     6080        4      7B7       0
                text25                             3350     3350      5EE      7B7       0
                text24                             604A     604A        A      7B7       0
                text23                             6040     6040        A      7B7       0
                text22                             5DA6     5DA6       26      7B7       0
                text21                             576C     576C       56      7B7       0
                text20                             50AE     50AE       B0      7B7       0
                text19                             585C     585C       4C      7B7       0
                text18                             5B18     5B18       3C      7B7       0
                text17                             57C2     57C2       4E      7B7       0
                text16                             5986     5986       48      7B7       0
                text15                             5810     5810       4C      7B7       0
                text14                             548A     548A       86      7B7       0
                text13                             535C     535C       9E      7B7       0
                text12                             4B44     4B44       FC      7B7       0
                text11                             4F44     4F44       B8      7B7       0
                text10                             520E     520E       AE      7B7       0
                text9                              5DF2     5DF2       24      7B7       0
                text8                              3F6A     3F6A      1EE      7B7       0
                text7                              45AE     45AE      138      7B7       0
                text6                              5A9C     5A9C       3E      7B7       0
                text5                              4DCC     4DCC       BC      7B7       0
                text4                              58F2     58F2       4A      7B7       0
                text3                              58A8     58A8       4A      7B7       0
                text2                              5D2A     5D2A       2A      7B7       0
                text1                              393E     393E      43A      7B7       0
                text0                              4804     4804      118      7B7       0
                cstackCOMRAM                          1        1       45        1       1
                cstackBANK0                          60       60       56       60       1
                cstackBANK1                         16A      16A       34      100       1
                bssBIGRAM                           19E      19E      3C0      19E       1
                bssBANK1                            100      100       6A      100       1
                bssBANK0                             B6       B6       23       60       1
                bssCOMRAM                            46       46        D        1       1
                cinit                              5A5E     5A5E       3E      7B7       0

TOTAL           Name                               Link     Load   Length     Space
        CLASS   CODE           
                end_init                            2BA      2BA        4         0
                intcodelo                            18       18      2A2         0
                reset_vec                             0        0        4         0
                text102                            608C     608C        4         0
                text101                            602E     602E       12         0
                text99                             1E0E     1E0E      7AC         0
                text98                             4E88     4E88       BC         0
                text97                             4C40     4C40       CE         0
                text96                             5BCA     5BCA       3A         0
                text95                             601C     601C       12         0
                text94                             6088     6088        4         0
                text93                             5ADA     5ADA       3E         0
                text92                             5EDC     5EDC       1E         0
                text91                             593C     593C       4A         0
                text90                             5F9C     5F9C       18         0
                text89                             53FA     53FA       90         0
                text88                             5B54     5B54       3C         0
                text87                             607A     607A        6         0
                text86                             5B90     5B90       3A         0
                text85                             5FCA     5FCA       16         0
                text84                             5E5E     5E5E       24         0
                text83                             5F4E     5F4E       1C         0
                text82                             25BA     25BA      770         0
                text81                             6084     6084        4         0
                text80                             5C04     5C04       36         0
                text79                             5592     5592       7E         0
                text78                             46E6     46E6      11E         0
                text77                             3D78     3D78      1F2         0
                text76                             5DCC     5DCC       26         0
                text75                             56F8     56F8       74         0
                text74                             5CFE     5CFE       2C         0
                text73                             4A30     4A30      114         0
                text72                             42F8     42F8      160         0
                text71                             5A16     5A16       48         0
                text70                             4FFC     4FFC       B2         0
                text69                             5CD0     5CD0       2E         0
                text68                             5EBE     5EBE       1E         0
                text67                             4D0E     4D0E       BE         0
                text66                             5F6A     5F6A       1A         0
                text65                             5E3A     5E3A       24         0
                text64                             609C     609C        2         0
                text63                             5EA0     5EA0       1E         0
                text62                             5F84     5F84       18         0
                text61                             6068     6068        A         0
                text60                             59CE     59CE       48         0
                text59                             5CA0     5CA0       30         0
                text58                             5D54     5D54       2A         0
                text57                             609A     609A        2         0
                text56                             6098     6098        2         0
                text55                             6096     6096        2         0
                text54                             6008     6008       14         0
                text53                             5F32     5F32       1C         0
                text52                             5FF4     5FF4       14         0
                text51                             5FE0     5FE0       14         0
                text50                             6094     6094        2         0
                text49                             6092     6092        2         0
                text48                             6090     6090        2         0
                text47                             605E     605E        A         0
                text46                             6054     6054        A         0
                text45                             4158     4158      1A0         0
                text44                             5FB4     5FB4       16         0
                text43                             5C6E     5C6E       32         0
                text42                             52BC     52BC       A0         0
                text41                              F6E      F6E      EA0         0
                text40                             5E16     5E16       24         0
                text39                             5F16     5F16       1C         0
                text38                             5EFA     5EFA       1C         0
                text37                             6072     6072        8         0
                text36                             491C     491C      114         0
                text35                             5E82     5E82       1E         0
                text34                             5D7E     5D7E       28         0
                text33                             2D2A     2D2A      626         0
                text32                             5C3A     5C3A       34         0
                text31                             4458     4458      156         0
                text30                             5684     5684       74         0
                text29                             515E     515E       B0         0
                text28                             5610     5610       74         0
                text27                             5510     5510       82         0
                text26                             6080     6080        4         0
                text25                             3350     3350      5EE         0
                text24                             604A     604A        A         0
                text23                             6040     6040        A         0
                text22                             5DA6     5DA6       26         0
                text21                             576C     576C       56         0
                text20                             50AE     50AE       B0         0
                text19                             585C     585C       4C         0
                text18                             5B18     5B18       3C         0
                text17                             57C2     57C2       4E         0
                text16                             5986     5986       48         0
                text15                             5810     5810       4C         0
                text14                             548A     548A       86         0
                text13                             535C     535C       9E         0
                text12                             4B44     4B44       FC         0
                text11                             4F44     4F44       B8         0
                text10                             520E     520E       AE         0
                text9                              5DF2     5DF2       24         0
                text8                              3F6A     3F6A      1EE         0
                text7                              45AE     45AE      138         0
                text6                              5A9C     5A9C       3E         0
                text5                              4DCC     4DCC       BC         0
                text4                              58F2     58F2       4A         0
                text3                              58A8     58A8       4A         0
                text2                              5D2A     5D2A       2A         0
                text1                              393E     393E      43A         0
                text0                              4804     4804      118         0
                cinit                              5A5E     5A5E       3E         0

        CLASS   CONST          

        CLASS   SMALLCONST     
                smallconst                          F00      F00       6E         0

        CLASS   MEDIUMCONST    

        CLASS   COMRAM         
                cstackCOMRAM                          1        1       45         1
                bssCOMRAM                            46       46        D         1

        CLASS   ABS1           

        CLASS   BIGRAM         
                bssBIGRAM                           19E      19E      3C0         1

        CLASS   RAM            

        CLASS   BANK0          
                cstackBANK0                          60       60       56         1
                bssBANK0                             B6       B6       23         1

        CLASS   BANK1          
                cstackBANK1                         16A      16A       34         1
                bssBANK1                            100      100       6A         1

        CLASS   BANK2          

        CLASS   BANK3          

        CLASS   BANK4          

        CLASS   BANK5          

        CLASS   BANK6          

        CLASS   BANK7          

        CLASS   BANK8          

        CLASS   BANK9          

        CLASS   BANK10         

        CLASS   BANK11         

        CLASS   BANK12         

        CLASS   BANK13         

        CLASS   BANK14         

        CLASS   SFR            

        CLASS   FARRAM         

        CLASS   CONFIG         
                config                           300000   300000        E         0

        CLASS   IDLOC          
                idloc                            200000   200000        8         0

        CLASS   EEDATA         



SEGMENTS        Name                           Load    Length   Top    Selector   Space  Class

                reset_vec                      000000  000004  000004         0       0  CODE    
                cstackCOMRAM                   000001  000052  000053         1       1  COMRAM  
                intcodelo                      000018  0002A6  0002BE         C       0  CODE    
                cstackBANK0                    000060  000079  0000D9        60       1  BANK0   
                bssBANK1                       000100  00009E  00019E       100       1  BANK1   
                bssBIGRAM                      00019E  0003C0  00055E       19E       1  BIGRAM  
                smallconst                     000F00  00006E  000F6E       780       0  SMALLCON
                text41                         000F6E  005130  00609E       7B7       0  CODE    
                idloc                          200000  000008  200008    200000       0  IDLOC   
                config                         300000  00000E  30000E    300000       0  CONFIG  


UNUSED ADDRESS RANGES

        Name                Unused          Largest block    Delta
        BANK0            0000D9-0000FF               27
        BANK10           000A00-000AFF              100
        BANK11           000B00-000BFF              100
        BANK12           000C00-000CFF              100
        BANK13           000D00-000DFF              100
        BANK14           000E00-000E40               41
        BANK5            00055E-0005FF               A2
        BANK6            000600-0006FF              100
        BANK7            000700-0007FF              100
        BANK8            000800-0008FF              100
        BANK9            000900-0009FF              100
        BIGRAM           000053-00005F                D
                         0000D9-0000FF               27
                         00055E-000E40              8E3
        CODE             000004-000017               14
                         0002BE-000EFF              C42
                         00609E-00FFFF             9F62
        COMRAM           000053-00005F                D
        CONST            000004-000017               14
                         0002BE-000EFF              C42
                         00609E-00FFFF             9F62
        EEDATA           F00000-F003FF              400
        MEDIUMCONST      00609E-00FFFF             9F62
        RAM              0000D9-0000FF               27
                         00055E-000E40              100
        SFR              000E41-000FFF               BF
        SMALLCONST       00609E-00FFFF              100

                                  Symbol Table

?_Celsius2Fahrenheit                     cstackBANK0  000076
?_Celsius2Kelvin                         cstackCOMRAM 00002C
?_ECANReceiveMessage                     cstackCOMRAM 000015
?_ECANSendMessage                        cstackCOMRAM 000018
?_OpenADC                                cstackCOMRAM 00000E
?_Read_b_eep                             cstackCOMRAM 000016
?_WriteTimer0                            cstackCOMRAM 00000E
?_Write_b_eep                            cstackCOMRAM 00000E
?__CANIDToRegs                           cstackCOMRAM 00000E
?__ECANPointBuffer                       cstackCOMRAM 00000E
?__RegsToCANID                           cstackCOMRAM 00000E
?___aldiv                                cstackBANK0  00007C
?___altofl                               cstackBANK0  00008A
?___asfladd                              cstackCOMRAM 00002C
?___asfldiv                              cstackBANK0  000060
?___asflmul                              cstackBANK0  000076
?___asflsub                              cstackBANK0  00007E
?___awtofl                               cstackCOMRAM 000018
?___fladd                                cstackCOMRAM 00001D
?___fldiv                                cstackCOMRAM 00002C
?___flge                                 cstackCOMRAM 00000E
?___flmul                                cstackBANK0  000060
?___flneg                                cstackCOMRAM 00000E
?___flpack                               cstackCOMRAM 00000E
?___flsub                                cstackBANK0  000076
?___fltol                                cstackBANK0  000076
?___lbmod                                cstackCOMRAM 00000E
?___lwtofl                               cstackCOMRAM 000018
?___wmul                                 cstackCOMRAM 00000E
?_eval_poly                              cstackBANK0  000076
?_exp                                    cstackBANK0  000099
?_floor                                  cstackBANK0  00008F
?_frexp                                  cstackCOMRAM 00000E
?_getCANFrame                            cstackCOMRAM 000020
?_getCalibrationValue                    cstackCOMRAM 000018
?_getVSCPFrame                           cstackCOMRAM 000024
?_ldexp                                  cstackBANK0  000081
?_log                                    cstackBANK0  000081
?_sendCANFrame                           cstackCOMRAM 00003C
?_sendVSCPFrame                          cstackBANK0  000060
?_setEventData                           cstackBANK0  00007C
?_vscp_getFamilyCode                     cstackCOMRAM 00000E
?_vscp_getFamilyType                     cstackCOMRAM 00000E
?_vscp_sendHeartBeat                     cstackCOMRAM 000044
?_vscp_setControlByte                    cstackCOMRAM 000012
?_vscp_setGUID                           cstackCOMRAM 000012
?_vscp_setManufacturerId                 cstackCOMRAM 000012
?_vscp_setUserID                         cstackCOMRAM 000012
?_vscp_writeAppReg                       cstackCOMRAM 000021
?_vscp_writeRegister                     cstackCOMRAM 000025
?_vscp_writeStdReg                       cstackCOMRAM 000019
?i1_WriteTimer0                          cstackCOMRAM 000001
Celsius2Fahrenheit@tc                    cstackBANK0  000076
Celsius2Kelvin@tc                        cstackCOMRAM 00002C
ECANReceiveMessage@data                  cstackCOMRAM 000015
ECANReceiveMessage@dataLen               cstackCOMRAM 000016
ECANReceiveMessage@i                     cstackCOMRAM 00001B
ECANReceiveMessage@id                    cstackCOMRAM 00001A
ECANReceiveMessage@mode                  cstackCOMRAM 00001C
ECANReceiveMessage@msgFlags              cstackCOMRAM 000017
ECANReceiveMessage@ptr                   cstackCOMRAM 00001E
ECANReceiveMessage@savedPtr              cstackCOMRAM 000018
ECANReceiveMessage@temp                  cstackCOMRAM 00001D
ECANSendMessage@buffers                  cstackCOMRAM 000033
ECANSendMessage@data                     cstackCOMRAM 00001C
ECANSendMessage@dataLen                  cstackCOMRAM 00001D
ECANSendMessage@i                        cstackCOMRAM 000039
ECANSendMessage@id                       cstackCOMRAM 000018
ECANSendMessage@j                        cstackCOMRAM 000034
ECANSendMessage@mode                     cstackCOMRAM 000032
ECANSendMessage@msgFlags                 cstackCOMRAM 00001E
ECANSendMessage@pb                       cstackCOMRAM 000020
ECANSendMessage@ptr                      cstackCOMRAM 00003A
ECANSendMessage@temp                     cstackCOMRAM 000038
ECANSendMessage@tempBSEL0                cstackCOMRAM 000035
ECANSendMessage@tempPtr                  cstackCOMRAM 000036
ECANSetOperationMode@mode                cstackCOMRAM 00000E
OpenADC@config                           cstackCOMRAM 000012
OpenADC@config2                          cstackCOMRAM 00000E
OpenADC@config3                          cstackCOMRAM 00000F
OpenTimer0@config                        cstackCOMRAM 00000E
PL10                                     text25       00383E
PL12                                     text25       003858
PL14                                     text25       00386E
PL16                                     text73       004AF0
PL18                                     text78       0047AA
PL2                                      text25       0037E8
PL20                                     text25       00387E
PL22                                     text25       00388C
PL24                                     text73       004B04
PL26                                     text73       004B14
PL28                                     text11       004FE4
PL30                                     text25       0038A6
PL32                                     text33       00330C
PL34                                     text78       0047B8
PL36                                     text78       0047CA
PL38                                     text25       0038BE
PL4                                      text25       0037F6
PL40                                     text73       004B26
PL42                                     text25       0038D2
PL44                                     text45       0042D8
PL46                                     text78       0047DE
PL48                                     text33       003324
PL50                                     text25       0038E6
PL52                                     text78       0047F2
PL54                                     text25       0038FA
PL56                                     text1        003D66
PL58                                     text31       00459C
PL6                                      text25       003814
PL60                                     text41       001DFE
PL62                                     text97       004CF0
PL64                                     text43       005C90
PL66                                     text97       004D00
PL68                                     text28       005676
PL70                                     text33       003338
PL72                                     text25       00390C
PL74                                     text77       003F5C
PL76                                     text25       00391A
PL78                                     text73       004B3A
PL8                                      text25       003830
PL80                                     text45       0042EC
PL82                                     text98       004F38
PL84                                     text33       003346
PL86                                     text25       003928
PL88                                     text25       003930
PL90                                     text25       003936
Read_b_eep@badd                          cstackCOMRAM 000016
WriteTimer0@timer                        cstackCOMRAM 000010
WriteTimer0@timer0                       cstackCOMRAM 00000E
Write_b_eep@GIE_BIT_VAL                  cstackCOMRAM 000011
Write_b_eep@badd                         cstackCOMRAM 00000E
Write_b_eep@bdat                         cstackCOMRAM 000010
_ADCON0                                  (abs)        000FC2
_ADCON0bits                              (abs)        000FC2
_ADCON1                                  (abs)        000FC1
_ADCON2                                  (abs)        000FC0
_ADRESH                                  (abs)        000FC4
_ADRESL                                  (abs)        000FC3
_B0CON                                   (abs)        000E80
_B0RXFUL                                 (abs)        007407
_B0TXEN                                  (abs)        0073EA
_B1CON                                   (abs)        000E90
_B1RXFUL                                 (abs)        007487
_B1TXEN                                  (abs)        0073EB
_B2CON                                   (abs)        000EA0
_B2RXFUL                                 (abs)        007507
_B2TXEN                                  (abs)        0073EC
_B3CON                                   (abs)        000EB0
_B3RXFUL                                 (abs)        007587
_B3TXEN                                  (abs)        0073ED
_B4CON                                   (abs)        000EC0
_B4RXFUL                                 (abs)        007607
_B4TXEN                                  (abs)        0073EE
_B5CON                                   (abs)        000ED0
_B5RXFUL                                 (abs)        007687
_B5TXEN                                  (abs)        0073EF
_BRGCON1                                 (abs)        000E43
_BRGCON2                                 (abs)        000E44
_BRGCON3                                 (abs)        000E45
_BSEL0                                   (abs)        000E7D
_Busy_eep                                text87       00607A
_CANCON                                  (abs)        000F6F
_CIOCON                                  (abs)        000F70
_Celsius2Fahrenheit                      text30       005684
_Celsius2Kelvin                          text32       005C3A
_ConvertADC                              text94       006088
_ECANCON                                 (abs)        000F72
_ECANInitialize                          text89       0053FA
_ECANReceiveMessage                      text77       003D78
_ECANSendMessage                         text72       0042F8
_ECANSetOperationMode                    text90       005F9C
_EEADR                                   (abs)        000F74
_EEADRH                                  (abs)        000F75
_EECON1bits                              (abs)        000F7F
_EECON2                                  (abs)        000F7E
_EEDATA                                  (abs)        000F73
_FIFOEMPTY                               (abs)        007B8F
_INTCONbits                              (abs)        000FF2
_IRXIF                                   (abs)        007BBF
_MDSEL0                                  (abs)        007B96
_MDSEL1                                  (abs)        007B97
_MSEL0                                   (abs)        000E79
_MSEL1                                   (abs)        000E7A
_MSEL2                                   (abs)        000E7B
_OpenADC                                 text91       00593C
_OpenTimer0                              text92       005EDC
_PIE1bits                                (abs)        000F9D
_PIR1bits                                (abs)        000F9E
_PORTC                                   (abs)        000F82
_RXB0CON                                 (abs)        000F60
_RXB0FILHIT0                             (abs)        007B00
_RXB0FUL                                 (abs)        007B07
_RXB0IF                                  (abs)        007BB8
_RXB0OVFL                                (abs)        007B8F
_RXB1CON                                 (abs)        000F30
_RXB1CONbits                             (abs)        000F30
_RXB1IF                                  (abs)        007BB9
_RXB1OVFL                                (abs)        007B8E
_RXF0EIDH                                (abs)        000EE2
_RXF0EIDL                                (abs)        000EE3
_RXF0SIDH                                (abs)        000EE0
_RXF0SIDL                                (abs)        000EE1
_RXF1EIDH                                (abs)        000EE6
_RXF1EIDL                                (abs)        000EE7
_RXF1SIDH                                (abs)        000EE4
_RXF1SIDL                                (abs)        000EE5
_RXFBCON0                                (abs)        000E71
_RXFBCON1                                (abs)        000E72
_RXFBCON2                                (abs)        000E73
_RXFBCON3                                (abs)        000E74
_RXFBCON4                                (abs)        000E75
_RXFBCON5                                (abs)        000E76
_RXFBCON6                                (abs)        000E77
_RXFBCON7                                (abs)        000E78
_RXFCON0                                 (abs)        000E46
_RXFCON1                                 (abs)        000E47
_RXM0EIDH                                (abs)        000EFA
_RXM0EIDL                                (abs)        000EFB
_RXM0EXIDM                               (abs)        0077CB
_RXM0SIDH                                (abs)        000EF8
_RXM0SIDL                                (abs)        000EF9
_RXM1EIDH                                (abs)        000EFE
_RXM1EIDL                                (abs)        000EFF
_RXM1EXIDEN                              (abs)        0077EB
_RXM1SIDH                                (abs)        000EFC
_RXM1SIDL                                (abs)        000EFD
_Read_b_eep                              text62       005F84
_T0CON                                   (abs)        000FD5
_T0CONbits                               (abs)        000FD5
_TMR0H                                   (abs)        000FD7
_TMR0L                                   (abs)        000FD6
_TRISA                                   (abs)        000F92
_TRISB                                   (abs)        000F93
_TRISC                                   (abs)        000F94
_TXB0CON                                 (abs)        000F20
_TXB1CON                                 (abs)        000F10
_TXB2CON                                 (abs)        000F00
_WriteTimer0                             text95       00601C
_Write_b_eep                             text86       005B90
__CANIDToRegs                            text73       004A30
__CANIDToRegs@Value                      cstackCOMRAM 000017
__CANIDToRegs@ptr                        cstackCOMRAM 00000E
__CANIDToRegs@type                       cstackCOMRAM 000014
__CANIDToRegs@val                        cstackCOMRAM 000010
__CFG_BBSIZ$BB2K                         (abs)        000000
__CFG_BOREN$SBORDIS                      (abs)        000000
__CFG_BORV$1                             (abs)        000000
__CFG_CANMX$PORTB                        (abs)        000000
__CFG_FOSC$HS2                           (abs)        000000
__CFG_INTOSCSEL$HIGH                     (abs)        000000
__CFG_MCLRE$ON                           (abs)        000000
__CFG_MSSPMSK$MSK7                       (abs)        000000
__CFG_PLLCFG$ON                          (abs)        000000
__CFG_RETEN$OFF                          (abs)        000000
__CFG_SOSCSEL$DIG                        (abs)        000000
__CFG_STVREN$ON                          (abs)        000000
__CFG_WDTEN$OFF                          (abs)        000000
__CFG_WDTPS$1048576                      (abs)        000000
__CFG_XINST$OFF                          (abs)        000000
__ECANPointBuffer                        text79       005592
__ECANPointBuffer@b                      cstackCOMRAM 000011
__ECANPointBuffer@pt                     cstackCOMRAM 000012
__ECANRxFilterHitInfo                    bssCOMRAM    000048
__HRAM                                   (abs)        000000
__Habs1                                  abs1         000000
__Hbank0                                 bank0        000000
__Hbank1                                 bank1        000000
__Hbank10                                bank10       000000
__Hbank11                                bank11       000000
__Hbank12                                bank12       000000
__Hbank13                                bank13       000000
__Hbank14                                bank14       000000
__Hbank2                                 bank2        000000
__Hbank3                                 bank3        000000
__Hbank4                                 bank4        000000
__Hbank5                                 bank5        000000
__Hbank6                                 bank6        000000
__Hbank7                                 bank7        000000
__Hbank8                                 bank8        000000
__Hbank9                                 bank9        000000
__Hbigbss                                bigbss       000000
__Hbigdata                               bigdata      000000
__Hbigram                                bigram       000000
__Hbss                                   bss          000000
__HbssBANK0                              bssBANK0     000000
__HbssBANK1                              bssBANK1     000000
__HbssBIGRAM                             bssBIGRAM    000000
__HbssCOMRAM                             bssCOMRAM    000000
__Hcinit                                 cinit        000000
__Hclrtext                               clrtext      000000
__Hcomram                                comram       000000
__Hconfig                                config       30000E
__Hconst                                 const        000000
__HcstackBANK0                           cstackBANK0  000000
__HcstackBANK1                           cstackBANK1  000000
__HcstackCOMRAM                          cstackCOMRAM 000000
__Hdata                                  data         000000
__Heeprom_data                           eeprom_data  000000
__Hend_init                              end_init     0002BE
__Hfarbss                                farbss       000000
__Hfardata                               fardata      000000
__Hibigdata                              ibigdata     000000
__Hidata                                 idata        000000
__Hidloc                                 idloc        200008
__Hifardata                              ifardata     000000
__Hinit                                  init         0002BA
__Hintcode                               intcode      000004
__Hintcode_body                          intcode_body 000000
__Hintcodelo                             intcodelo    0002BA
__Hintentry                              intentry     000000
__Hintret                                intret       000000
__Hintsave_regs                          intsave_regs 000000
__Hirdata                                irdata       000000
__Hmediumconst                           mediumconst  000000
__HnvFARRAM                              nvFARRAM     000000
__Hnvbit                                 nvbit        000000
__Hnvrram                                nvrram       000000
__Hpa_nodes                              pa_nodes     000000
__Hparam                                 rparam       000000
__Hpowerup                               powerup      0002BA
__Hram                                   ram          000000
__Hramtop                                ramtop       000F00
__Hrbit                                  rbit         000000
__Hrbss                                  rbss         000000
__Hrdata                                 rdata        000000
__Hreset_vec                             reset_vec    000004
__Hrparam                                rparam       000000
__Hsfr                                   sfr          000000
__Hsmallconst                            smallconst   000F6E
__Hstruct                                struct       000000
__Htemp                                  temp         000000
__Htext                                  text         000000
__Htext0                                 text0        000000
__Htext1                                 text1        000000
__Htext10                                text10       000000
__Htext101                               text101      000000
__Htext102                               text102      000000
__Htext103                               text103      000000
__Htext11                                text11       000000
__Htext12                                text12       000000
__Htext13                                text13       000000
__Htext14                                text14       000000
__Htext15                                text15       000000
__Htext16                                text16       000000
__Htext17                                text17       000000
__Htext18                                text18       000000
__Htext19                                text19       000000
__Htext2                                 text2        000000
__Htext20                                text20       000000
__Htext21                                text21       000000
__Htext22                                text22       000000
__Htext23                                text23       000000
__Htext24                                text24       000000
__Htext25                                text25       000000
__Htext26                                text26       000000
__Htext27                                text27       000000
__Htext28                                text28       000000
__Htext29                                text29       000000
__Htext3                                 text3        000000
__Htext30                                text30       000000
__Htext31                                text31       000000
__Htext32                                text32       000000
__Htext33                                text33       000000
__Htext34                                text34       000000
__Htext35                                text35       000000
__Htext36                                text36       000000
__Htext37                                text37       000000
__Htext38                                text38       000000
__Htext39                                text39       000000
__Htext4                                 text4        000000
__Htext40                                text40       000000
__Htext41                                text41       000000
__Htext42                                text42       000000
__Htext43                                text43       000000
__Htext44                                text44       000000
__Htext45                                text45       000000
__Htext46                                text46       000000
__Htext47                                text47       000000
__Htext48                                text48       000000
__Htext49                                text49       000000
__Htext5                                 text5        000000
__Htext50                                text50       000000
__Htext51                                text51       000000
__Htext52                                text52       000000
__Htext53                                text53       000000
__Htext54                                text54       000000
__Htext55                                text55       000000
__Htext56                                text56       000000
__Htext57                                text57       000000
__Htext58                                text58       000000
__Htext59                                text59       000000
__Htext6                                 text6        000000
__Htext60                                text60       000000
__Htext61                                text61       000000
__Htext62                                text62       000000
__Htext63                                text63       000000
__Htext64                                text64       000000
__Htext65                                text65       000000
__Htext66                                text66       000000
__Htext67                                text67       000000
__Htext68                                text68       000000
__Htext69                                text69       000000
__Htext7                                 text7        000000
__Htext70                                text70       000000
__Htext71                                text71       000000
__Htext72                                text72       000000
__Htext73                                text73       000000
__Htext74                                text74       000000
__Htext75                                text75       000000
__Htext76                                text76       000000
__Htext77                                text77       000000
__Htext78                                text78       000000
__Htext79                                text79       000000
__Htext8                                 text8        000000
__Htext80                                text80       000000
__Htext81                                text81       000000
__Htext82                                text82       000000
__Htext83                                text83       000000
__Htext84                                text84       000000
__Htext85                                text85       000000
__Htext86                                text86       000000
__Htext87                                text87       000000
__Htext88                                text88       000000
__Htext89                                text89       000000
__Htext9                                 text9        000000
__Htext90                                text90       000000
__Htext91                                text91       000000
__Htext92                                text92       000000
__Htext93                                text93       000000
__Htext94                                text94       000000
__Htext95                                text95       000000
__Htext96                                text96       000000
__Htext97                                text97       000000
__Htext98                                text98       000000
__Htext99                                text99       000000
__LRAM                                   (abs)        000001
__Labs1                                  abs1         000000
__Lbank0                                 bank0        000000
__Lbank1                                 bank1        000000
__Lbank10                                bank10       000000
__Lbank11                                bank11       000000
__Lbank12                                bank12       000000
__Lbank13                                bank13       000000
__Lbank14                                bank14       000000
__Lbank2                                 bank2        000000
__Lbank3                                 bank3        000000
__Lbank4                                 bank4        000000
__Lbank5                                 bank5        000000
__Lbank6                                 bank6        000000
__Lbank7                                 bank7        000000
__Lbank8                                 bank8        000000
__Lbank9                                 bank9        000000
__Lbigbss                                bigbss       000000
__Lbigdata                               bigdata      000000
__Lbigram                                bigram       000000
__Lbss                                   bss          000000
__LbssBANK0                              bssBANK0     000000
__LbssBANK1                              bssBANK1     000000
__LbssBIGRAM                             bssBIGRAM    000000
__LbssCOMRAM                             bssCOMRAM    000000
__Lcinit                                 cinit        000000
__Lclrtext                               clrtext      000000
__Lcomram                                comram       000000
__Lconfig                                config       300000
__Lconst                                 const        000000
__LcstackBANK0                           cstackBANK0  000000
__LcstackBANK1                           cstackBANK1  000000
__LcstackCOMRAM                          cstackCOMRAM 000000
__Ldata                                  data         000000
__Leeprom_data                           eeprom_data  000000
__Lend_init                              end_init     0002BA
__Lfarbss                                farbss       000000
__Lfardata                               fardata      000000
__Libigdata                              ibigdata     000000
__Lidata                                 idata        000000
__Lidloc                                 idloc        200000
__Lifardata                              ifardata     000000
__Linit                                  init         0002BA
__Lintcode                               intcode      000004
__Lintcode_body                          intcode_body 000000
__Lintcodelo                             intcodelo    000018
__Lintentry                              intentry     000000
__Lintret                                intret       000000
__Lintsave_regs                          intsave_regs 000000
__Lirdata                                irdata       000000
__Lmediumconst                           mediumconst  000000
__LnvFARRAM                              nvFARRAM     000000
__Lnvbit                                 nvbit        000000
__Lnvrram                                nvrram       000000
__Lpa_nodes                              pa_nodes     000000
__Lparam                                 rparam       000000
__Lpowerup                               powerup      0002BA
__Lram                                   ram          000000
__Lramtop                                ramtop       000F00
__Lrbit                                  rbit         000000
__Lrbss                                  rbss         000000
__Lrdata                                 rdata        000000
__Lreset_vec                             reset_vec    000000
__Lrparam                                rparam       000000
__Lsfr                                   sfr          000000
__Lsmallconst                            smallconst   000F00
__Lstruct                                struct       000000
__Ltemp                                  temp         000000
__Ltext                                  text         000000
__Ltext0                                 text0        000000
__Ltext1                                 text1        000000
__Ltext10                                text10       000000
__Ltext101                               text101      000000
__Ltext102                               text102      000000
__Ltext103                               text103      000000
__Ltext11                                text11       000000
__Ltext12                                text12       000000
__Ltext13                                text13       000000
__Ltext14                                text14       000000
__Ltext15                                text15       000000
__Ltext16                                text16       000000
__Ltext17                                text17       000000
__Ltext18                                text18       000000
__Ltext19                                text19       000000
__Ltext2                                 text2        000000
__Ltext20                                text20       000000
__Ltext21                                text21       000000
__Ltext22                                text22       000000
__Ltext23                                text23       000000
__Ltext24                                text24       000000
__Ltext25                                text25       000000
__Ltext26                                text26       000000
__Ltext27                                text27       000000
__Ltext28                                text28       000000
__Ltext29                                text29       000000
__Ltext3                                 text3        000000
__Ltext30                                text30       000000
__Ltext31                                text31       000000
__Ltext32                                text32       000000
__Ltext33                                text33       000000
__Ltext34                                text34       000000
__Ltext35                                text35       000000
__Ltext36                                text36       000000
__Ltext37                                text37       000000
__Ltext38                                text38       000000
__Ltext39                                text39       000000
__Ltext4                                 text4        000000
__Ltext40                                text40       000000
__Ltext41                                text41       000000
__Ltext42                                text42       000000
__Ltext43                                text43       000000
__Ltext44                                text44       000000
__Ltext45                                text45       000000
__Ltext46                                text46       000000
__Ltext47                                text47       000000
__Ltext48                                text48       000000
__Ltext49                                text49       000000
__Ltext5                                 text5        000000
__Ltext50                                text50       000000
__Ltext51                                text51       000000
__Ltext52                                text52       000000
__Ltext53                                text53       000000
__Ltext54                                text54       000000
__Ltext55                                text55       000000
__Ltext56                                text56       000000
__Ltext57                                text57       000000
__Ltext58                                text58       000000
__Ltext59                                text59       000000
__Ltext6                                 text6        000000
__Ltext60                                text60       000000
__Ltext61                                text61       000000
__Ltext62                                text62       000000
__Ltext63                                text63       000000
__Ltext64                                text64       000000
__Ltext65                                text65       000000
__Ltext66                                text66       000000
__Ltext67                                text67       000000
__Ltext68                                text68       000000
__Ltext69                                text69       000000
__Ltext7                                 text7        000000
__Ltext70                                text70       000000
__Ltext71                                text71       000000
__Ltext72                                text72       000000
__Ltext73                                text73       000000
__Ltext74                                text74       000000
__Ltext75                                text75       000000
__Ltext76                                text76       000000
__Ltext77                                text77       000000
__Ltext78                                text78       000000
__Ltext79                                text79       000000
__Ltext8                                 text8        000000
__Ltext80                                text80       000000
__Ltext81                                text81       000000
__Ltext82                                text82       000000
__Ltext83                                text83       000000
__Ltext84                                text84       000000
__Ltext85                                text85       000000
__Ltext86                                text86       000000
__Ltext87                                text87       000000
__Ltext88                                text88       000000
__Ltext89                                text89       000000
__Ltext9                                 text9        000000
__Ltext90                                text90       000000
__Ltext91                                text91       000000
__Ltext92                                text92       000000
__Ltext93                                text93       000000
__Ltext94                                text94       000000
__Ltext95                                text95       000000
__Ltext96                                text96       000000
__Ltext97                                text97       000000
__Ltext98                                text98       000000
__Ltext99                                text99       000000
__RegsToCANID                            text78       0046E6
__RegsToCANID@Value                      cstackCOMRAM 000014
__RegsToCANID@ptr                        cstackCOMRAM 00000E
__RegsToCANID@type                       cstackCOMRAM 000011
__RegsToCANID@val                        cstackCOMRAM 000010
__S0                                     (abs)        30000E
__S1                                     (abs)        00055E
___aldiv                                 text5        004DCC
___aldiv@counter                         cstackBANK0  000084
___aldiv@dividend                        cstackBANK0  00007C
___aldiv@divisor                         cstackBANK0  000080
___aldiv@quotient                        cstackBANK0  000086
___aldiv@sign                            cstackBANK0  000085
___altofl                                text16       005986
___altofl@c                              cstackBANK0  00008A
___altofl@sign                           cstackBANK0  00008E
___asfladd                               text4        0058F2
___asfladd@f1p                           cstackCOMRAM 00002C
___asfladd@f2                            cstackCOMRAM 00002E
___asfldiv                               text3        0058A8
___asfldiv@f1p                           cstackBANK0  000060
___asfldiv@f2                            cstackBANK0  000062
___asflmul                               text19       00585C
___asflmul@mp                            cstackCOMRAM 000042
___asflmul@multiplicand                  cstackBANK0  000076
___asflsub                               text17       0057C2
___asflsub@f1p                           cstackBANK0  00007E
___asflsub@f2                            cstackBANK0  000080
___awtofl                                text96       005BCA
___awtofl@c                              cstackCOMRAM 000018
___awtofl@sign                           cstackCOMRAM 00001E
___fladd                                 text31       004458
___fladd@exp1                            cstackCOMRAM 00002B
___fladd@exp2                            cstackCOMRAM 00002A
___fladd@f1                              cstackCOMRAM 00001D
___fladd@f2                              cstackCOMRAM 000021
___fladd@sign                            cstackCOMRAM 000029
___fldiv                                 text20       0050AE
___fldiv@cntr                            cstackCOMRAM 00003F
___fldiv@exp                             cstackCOMRAM 000040
___fldiv@f1                              cstackCOMRAM 00002C
___fldiv@f2                              cstackCOMRAM 000030
___fldiv@f3                              cstackCOMRAM 00003B
___fldiv@sign                            cstackCOMRAM 000041
___flge                                  text15       005810
___flge@ff1                              cstackCOMRAM 00000E
___flge@ff2                              cstackCOMRAM 000012
___flmul                                 text97       004C40
___flmul@cntr                            cstackBANK0  000074
___flmul@exp                             cstackBANK0  00006F
___flmul@f1                              cstackBANK0  000060
___flmul@f2                              cstackBANK0  000064
___flmul@f3_as_product                   cstackBANK0  000070
___flmul@sign                            cstackBANK0  000075
___flneg                                 text9        005DF2
___flneg@f1                              cstackCOMRAM 00000E
___flpack                                text98       004E88
___flpack@arg                            cstackCOMRAM 00000E
___flpack@exp                            cstackCOMRAM 000012
___flpack@sign                           cstackCOMRAM 000013
___flsub                                 text18       005B18
___flsub@f1                              cstackBANK0  000076
___flsub@f2                              cstackBANK0  00007A
___fltol                                 text13       00535C
___fltol@exp1                            cstackBANK0  00007B
___fltol@f1                              cstackBANK0  000076
___fltol@sign1                           cstackBANK0  00007A
___lbmod                                 text34       005D7E
___lbmod@counter                         cstackCOMRAM 000010
___lbmod@dividend                        cstackCOMRAM 00000F
___lbmod@divisor                         cstackCOMRAM 00000E
___lbmod@rem                             cstackCOMRAM 000011
___lwtofl                                text2        005D2A
___lwtofl@c                              cstackCOMRAM 000018
___wmul                                  text43       005C6E
___wmul@multiplicand                     cstackCOMRAM 000010
___wmul@multiplier                       cstackCOMRAM 00000E
___wmul@product                          cstackCOMRAM 000014
__accesstop                              (abs)        000060
__activetblptr                           (abs)        000003
__end_ofPL10                             text25       003858
__end_ofPL12                             text25       00386E
__end_ofPL14                             text25       00387E
__end_ofPL16                             text73       004B04
__end_ofPL18                             text78       0047B8
__end_ofPL2                              text25       0037F6
__end_ofPL20                             text25       00388C
__end_ofPL22                             text25       0038A6
__end_ofPL24                             text73       004B14
__end_ofPL26                             text73       004B26
__end_ofPL28                             text11       004FFC
__end_ofPL30                             text25       0038BE
__end_ofPL32                             text33       003324
__end_ofPL34                             text78       0047CA
__end_ofPL36                             text78       0047DE
__end_ofPL38                             text25       0038D2
__end_ofPL4                              text25       003814
__end_ofPL40                             text73       004B3A
__end_ofPL42                             text25       0038E6
__end_ofPL44                             text45       0042EC
__end_ofPL46                             text78       0047F2
__end_ofPL48                             text33       003338
__end_ofPL50                             text25       0038FA
__end_ofPL52                             text78       004804
__end_ofPL54                             text25       00390C
__end_ofPL56                             text1        003D78
__end_ofPL58                             text31       0045AE
__end_ofPL6                              text25       003830
__end_ofPL60                             text41       001E0E
__end_ofPL62                             text97       004D00
__end_ofPL64                             text43       005CA0
__end_ofPL66                             text97       004D0E
__end_ofPL68                             text28       005684
__end_ofPL70                             text33       003346
__end_ofPL72                             text25       00391A
__end_ofPL74                             text77       003F6A
__end_ofPL76                             text25       003928
__end_ofPL78                             text73       004B44
__end_ofPL8                              text25       00383E
__end_ofPL80                             text45       0042F8
__end_ofPL82                             text98       004F44
__end_ofPL84                             text33       003350
__end_ofPL86                             text25       003930
__end_ofPL88                             text25       003936
__end_ofPL90                             text25       00393E
__end_of_Busy_eep                        text87       006080
__end_of_Celsius2Fahrenheit              text30       0056F8
__end_of_Celsius2Kelvin                  text32       005C6E
__end_of_ConvertADC                      text94       00608C
__end_of_ECANInitialize                  text89       00548A
__end_of_ECANReceiveMessage              text77       003F5C
__end_of_ECANSendMessage                 text72       004458
__end_of_ECANSetOperationMode            text90       005FB4
__end_of_OpenADC                         text91       005986
__end_of_OpenTimer0                      text92       005EFA
__end_of_Read_b_eep                      text62       005F9C
__end_of_WriteTimer0                     text95       00602E
__end_of_Write_b_eep                     text86       005BCA
__end_of__CANIDToRegs                    text73       004AF0
__end_of__ECANPointBuffer                text79       005610
__end_of__RegsToCANID                    text78       0047AA
__end_of___aldiv                         text5        004E88
__end_of___altofl                        text16       0059CE
__end_of___asfladd                       text4        00593C
__end_of___asfldiv                       text3        0058F2
__end_of___asflmul                       text19       0058A8
__end_of___asflsub                       text17       005810
__end_of___awtofl                        text96       005C04
__end_of___fladd                         text31       00459C
__end_of___fldiv                         text20       00515E
__end_of___flge                          text15       00585C
__end_of___flmul                         text97       004CF0
__end_of___flneg                         text9        005E16
__end_of___flpack                        text98       004F38
__end_of___flsub                         text18       005B54
__end_of___fltol                         text13       0053FA
__end_of___lbmod                         text34       005DA6
__end_of___lwtofl                        text2        005D54
__end_of___wmul                          text43       005C90
__end_of__initialization                 cinit        005A96
__end_of_doOneSecondWork                 text25       0037E8
__end_of_doWork                          text1        003D66
__end_of_eval_poly                       text11       004FE4
__end_of_exp                             text8        004158
__end_of_floor                           text12       004C40
__end_of_frexp                           text14       005510
__end_of_getCANFrame                     text76       005DF2
__end_of_getCalibrationValue             text6        005ADA
__end_of_getVSCPFrame                    text75       00576C
__end_of_handle_sync                     text27       005592
__end_of_init                            text88       005B90
__end_of_init_app_eeprom                 text82       002D2A
__end_of_init_app_ram                    text93       005B18
__end_of_interrupt_at_low_vector         intcodelo    0002BA
__end_of_ldexp                           text10       0052BC
__end_of_log                             text7        0046E6
__end_of_main                            text0        00491C
__end_of_sendCANFrame                    text71       005A5E
__end_of_sendTempEvent                   text28       005676
__end_of_sendVSCPFrame                   text70       0050AE
__end_of_setEventData                    text29       00520E
__end_of_vscp_check_pstorage             text80       005C3A
__end_of_vscp_deviceURL                  smallconst   000F20
__end_of_vscp_doOneSecondWork            text21       0057C2
__end_of_vscp_error                      text26       006084
__end_of_vscp_getBootLoaderAlgorithm     text50       006096
__end_of_vscp_getBufferSize              text49       006094
__end_of_vscp_getControlByte             text83       005F6A
__end_of_vscp_getEvent                   text74       005D2A
__end_of_vscp_getFamilyCode              text47       006068
__end_of_vscp_getFamilyType              text46       00605E
__end_of_vscp_getGUID                    text54       00601C
__end_of_vscp_getMDF_URL                 text53       005F4E
__end_of_vscp_getMajorVersion            text57       00609C
__end_of_vscp_getManufacturerId          text51       005FF4
__end_of_vscp_getMatrixInfo              text66       005F84
__end_of_vscp_getMinorVersion            text56       00609A
__end_of_vscp_getRegisterPagesUsed       text48       006092
__end_of_vscp_getSubMinorVersion         text55       006098
__end_of_vscp_getSubzone                 text23       00604A
__end_of_vscp_getUserID                  text52       006008
__end_of_vscp_getZone                    text24       006054
__end_of_vscp_goActiveState              text68       005EDC
__end_of_vscp_goBootloaderMode           text65       005E5E
__end_of_vscp_handleDropNickname         text59       005CD0
__end_of_vscp_handleHeartbeat            text64       00609E
__end_of_vscp_handleProbeState           text67       004DCC
__end_of_vscp_handleProtocolEvent        text33       00330C
__end_of_vscp_handleSetNickname          text63       005EBE
__end_of_vscp_init                       text60       005A16
__end_of_vscp_init_pstorage              text81       006088
__end_of_vscp_newNodeOnline              text58       005D7E
__end_of_vscp_readAppReg                 text99       0025BA
__end_of_vscp_readNicknamePermanent      text61       006072
__end_of_vscp_readRegister               text44       005FCA
__end_of_vscp_readStdReg                 text45       0042D8
__end_of_vscp_restoreDefaults            text37       00607A
__end_of_vscp_sendEvent                  text69       005CFE
__end_of_vscp_sendHeartBeat              text22       005DCC
__end_of_vscp_setControlByte             text84       005E82
__end_of_vscp_setGUID                    text40       005E3A
__end_of_vscp_setManufacturerId          text38       005F16
__end_of_vscp_setUserID                  text39       005F32
__end_of_vscp_writeAppReg                text41       001DFE
__end_of_vscp_writeNicknamePermanent     text85       005FE0
__end_of_vscp_writeRegister              text35       005EA0
__end_of_vscp_writeStdReg                text36       004A30
__end_of_writeCoeffs2Ram                 text42       00535C
__end_ofexp@coeff                        smallconst   000F48
__end_ofi1_ConvertADC                    text102      006090
__end_ofi1_WriteTimer0                   text101      006040
__end_oflog@coeff                        smallconst   000F6C
__initialization                         cinit        005A5E
__mediumconst                            mediumconst  000000
__pbssBANK0                              bssBANK0     0000B6
__pbssBANK1                              bssBANK1     000100
__pbssBIGRAM                             bssBIGRAM    00019E
__pbssCOMRAM                             bssCOMRAM    000046
__pcinit                                 cinit        005A5E
__pcstackBANK0                           cstackBANK0  000060
__pcstackBANK1                           cstackBANK1  00016A
__pcstackCOMRAM                          cstackCOMRAM 000001
__pintcodelo                             intcodelo    000018
__psmallconst                            smallconst   000F00
__ptext0                                 text0        004804
__ptext1                                 text1        00393E
__ptext10                                text10       00520E
__ptext101                               text101      00602E
__ptext102                               text102      00608C
__ptext103                               text103      000000
__ptext11                                text11       004F44
__ptext12                                text12       004B44
__ptext13                                text13       00535C
__ptext14                                text14       00548A
__ptext15                                text15       005810
__ptext16                                text16       005986
__ptext17                                text17       0057C2
__ptext18                                text18       005B18
__ptext19                                text19       00585C
__ptext2                                 text2        005D2A
__ptext20                                text20       0050AE
__ptext21                                text21       00576C
__ptext22                                text22       005DA6
__ptext23                                text23       006040
__ptext24                                text24       00604A
__ptext25                                text25       003350
__ptext26                                text26       006080
__ptext27                                text27       005510
__ptext28                                text28       005610
__ptext29                                text29       00515E
__ptext3                                 text3        0058A8
__ptext30                                text30       005684
__ptext31                                text31       004458
__ptext32                                text32       005C3A
__ptext33                                text33       002D2A
__ptext34                                text34       005D7E
__ptext35                                text35       005E82
__ptext36                                text36       00491C
__ptext37                                text37       006072
[...]
  f3_as_produc    4   16[BANK0 ] unsigned long 
  sign            1   21[BANK0 ] unsigned char 
  cntr            1   20[BANK0 ] unsigned char 
  exp             1   15[BANK0 ] unsigned char 
 Return value:  Size  Location     Type
                  4    0[BANK0 ] unsigned char 
 Registers used:
		wreg, status,2, status,0, cstack
 Tracked objects:
		On entry : 
		On exit  : 
		Unchanged: 
 Data sizes:     COMRAM   BANK0   BANK1   BANK2   BANK3   BANK4   BANK5   BANK6   BANK7   BANK8   BANK9  BANK10  BANK11  BANK12  BANK13  BANK14
      Params:         0       8       0       0       0       0       0       0       0       0       0       0       0       0       0       0
      Locals:         0      14       0       0       0       0       0       0       0       0       0       0       0       0       0       0
      Temps:          0       0       0       0       0       0       0       0       0       0       0       0       0       0       0       0
      Totals:         0      22       0       0       0       0       0       0       0       0       0       0       0       0       0       0
Total ram usage:       22 bytes
 Hardware stack levels used:    1
 Hardware stack levels required when called:    3
 This function calls:
		___flpack
 This function is called by:
		_doWork
		_Celsius2Fahrenheit
		___asflmul
		_log
		_eval_poly
 This function uses a non-reentrant model


 *************** function ___flpack *****************
 Defined at:
		line 64 in file "/opt/microchip/xc8/v1.21/sources/common/double.c"
 Parameters:    Size  Location     Type
  arg             4   13[COMRAM] unsigned long 
  exp             1   17[COMRAM] unsigned char 
  sign            1   18[COMRAM] unsigned char 
 Auto vars:     Size  Location     Type
		None
 Return value:  Size  Location     Type
                  4   13[COMRAM] unsigned char 
 Registers used:
		wreg, status,2, status,0
 Tracked objects:
		On entry : 
		On exit  : 
		Unchanged: 
 Data sizes:     COMRAM   BANK0   BANK1   BANK2   BANK3   BANK4   BANK5   BANK6   BANK7   BANK8   BANK9  BANK10  BANK11  BANK12  BANK13  BANK14
      Params:         6       0       0       0       0       0       0       0       0       0       0       0       0       0       0       0
      Locals:         0       0       0       0       0       0       0       0       0       0       0       0       0       0       0       0
      Temps:          4       0       0       0       0       0       0       0       0       0       0       0       0       0       0       0
      Totals:        10       0       0       0       0       0       0       0       0       0       0       0       0       0       0       0
Total ram usage:       10 bytes
 Hardware stack levels used:    1
 Hardware stack levels required when called:    2
 This function calls:
		Nothing
 This function is called by:
		___altofl
		___awtofl
		___fladd
		___fldiv
		___flmul
		___lwtofl
 This function uses a non-reentrant model


 *************** function _vscp_readAppReg *****************
 Defined at:
		line 1327 in file "../main.c"
 Parameters:    Size  Location     Type
  reg             1    wreg     unsigned char 
 Auto vars:     Size  Location     Type
  reg             1   24[COMRAM] unsigned char 
  pos             1   23[COMRAM] unsigned char 
  rv              1   25[COMRAM] unsigned char 
 Return value:  Size  Location     Type
                  1    wreg      unsigned char 
 Registers used:
		wreg, fsr2l, fsr2h, status,2, status,0, cstack
 Tracked objects:
		On entry : 
		On exit  : 
		Unchanged: 
 Data sizes:     COMRAM   BANK0   BANK1   BANK2   BANK3   BANK4   BANK5   BANK6   BANK7   BANK8   BANK9  BANK10  BANK11  BANK12  BANK13  BANK14
      Params:         0       0       0       0       0       0       0       0       0       0       0       0       0       0       0       0
      Locals:         3       0       0       0       0       0       0       0       0       0       0       0       0       0       0       0
      Temps:          0       0       0       0       0       0       0       0       0       0       0       0       0       0       0       0
      Totals:         3       0       0       0       0       0       0       0       0       0       0       0       0       0       0       0
Total ram usage:        3 bytes
 Hardware stack levels used:    1
 Hardware stack levels required when called:    3
 This function calls:
		_Read_b_eep
 This function is called by:
		_vscp_readRegister
		_vscp_handleProtocolEvent
 This function uses a non-reentrant model


 *************** function _interrupt_at_low_vector *****************
 Defined at:
		line 166 in file "../main.c"
 Parameters:    Size  Location     Type
		None
 Auto vars:     Size  Location     Type
		None
 Return value:  Size  Location     Type
		None               void
 Registers used:
		wreg, fsr2l, fsr2h, status,2, status,0, prodl, prodh, cstack
 Tracked objects:
		On entry : 
		On exit  : 
		Unchanged: 
 Data sizes:     COMRAM   BANK0   BANK1   BANK2   BANK3   BANK4   BANK5   BANK6   BANK7   BANK8   BANK9  BANK10  BANK11  BANK12  BANK13  BANK14
      Params:         0       0       0       0       0       0       0       0       0       0       0       0       0       0       0       0
      Locals:         0       0       0       0       0       0       0       0       0       0       0       0       0       0       0       0
      Temps:          9       0       0       0       0       0       0       0       0       0       0       0       0       0       0       0
      Totals:         9       0       0       0       0       0       0       0       0       0       0       0       0       0       0       0
Total ram usage:        9 bytes
 Hardware stack levels used:    1
 Hardware stack levels required when called:    1
 This function calls:
		i1_ConvertADC
		i1_WriteTimer0
 This function is called by:
		Interrupt level 1
 This function uses a non-reentrant model


 *************** function i1_WriteTimer0 *****************
 Defined at:
		line 17 in file "/opt/microchip/xc8/v1.21/sources/pic18/plib/Timers/t0write.c"
 Parameters:    Size  Location     Type
  timer0          2    0[COMRAM] unsigned int 
 Auto vars:     Size  Location     Type
  WriteTimer0     2    2[COMRAM] struct Timers
 Return value:  Size  Location     Type
		None               void
 Registers used:
		None
 Tracked objects:
		On entry : 
		On exit  : 
		Unchanged: 
 Data sizes:     COMRAM   BANK0   BANK1   BANK2   BANK3   BANK4   BANK5   BANK6   BANK7   BANK8   BANK9  BANK10  BANK11  BANK12  BANK13  BANK14
      Params:         2       0       0       0       0       0       0       0       0       0       0       0       0       0       0       0
      Locals:         2       0       0       0       0       0       0       0       0       0       0       0       0       0       0       0
      Temps:          0       0       0       0       0       0       0       0       0       0       0       0       0       0       0       0
      Totals:         4       0       0       0       0       0       0       0       0       0       0       0       0       0       0       0
Total ram usage:        4 bytes
 Hardware stack levels used:    1
 This function calls:
		Nothing
 This function is called by:
		_interrupt_at_low_vector
 This function uses a non-reentrant model


 *************** function i1_ConvertADC *****************
 Defined at:
		line 23 in file "/opt/microchip/xc8/v1.21/sources/pic18/plib/ADC/adcconv.c"
 Parameters:    Size  Location     Type
		None
 Auto vars:     Size  Location     Type
		None
 Return value:  Size  Location     Type
		None               void
 Registers used:
		None
 Tracked objects:
		On entry : 
		On exit  : 
		Unchanged: 
 Data sizes:     COMRAM   BANK0   BANK1   BANK2   BANK3   BANK4   BANK5   BANK6   BANK7   BANK8   BANK9  BANK10  BANK11  BANK12  BANK13  BANK14
      Params:         0       0       0       0       0       0       0       0       0       0       0       0       0       0       0       0
      Locals:         0       0       0       0       0       0       0       0       0       0       0       0       0       0       0       0
      Temps:          0       0       0       0       0       0       0       0       0       0       0       0       0       0       0       0
      Totals:         0       0       0       0       0       0       0       0       0       0       0       0       0       0       0       0
Total ram usage:        0 bytes
 Hardware stack levels used:    1
 This function calls:
		Nothing
 This function is called by:
		_interrupt_at_low_vector
 This function uses a non-reentrant model



MODULE INFORMATION

Module		Function		Class		Link	Load	Size
/opt/microchip/xc8/v1.21/sources/pic18/asfladd.c
		___asfladd     		CODE           	58F2	0000	74

/opt/microchip/xc8/v1.21/sources/pic18/asfladd.c estimated size: 74

/opt/microchip/xc8/v1.21/sources/common/double.c
		___flpack      		CODE           	4E88	0000	176

/opt/microchip/xc8/v1.21/sources/common/double.c estimated size: 176

/opt/microchip/xc8/v1.21/sources/common/exp.c
		_exp           		CODE           	3F6A	0000	494

/opt/microchip/xc8/v1.21/sources/common/exp.c estimated size: 494

../main.c
		_vscp_getBootLo		CODE           	6094	0000	2
		_vscp_getZone  		CODE           	604A	0000	10
		_vscp_getContro		CODE           	5F4E	0000	28
		_init          		CODE           	5B54	0000	60
		_vscp_setManufa		CODE           	5EFA	0000	28
		_vscp_setGUID  		CODE           	5E16	0000	36
		_sendTempEvent 		CODE           	5610	0000	102
		_getVSCPFrame  		CODE           	56F8	0000	116
		_vscp_setContro		CODE           	5E5E	0000	36
		_vscp_getUserID		CODE           	5FF4	0000	20
		_setEventData  		CODE           	515E	0000	176
		_doWork        		CODE           	393E	0000	1064
		_getCalibration		CODE           	5A9C	0000	62
		_vscp_init_psto		CODE           	6084	0000	4
		_vscp_restoreDe		CODE           	6072	0000	8
		_vscp_readAppRe		CODE           	1E0E	0000	1964
		_vscp_getFamily		CODE           	605E	0000	10
		_vscp_setUserID		CODE           	5F16	0000	28
		_getCANFrame   		CODE           	5DCC	0000	38
		_main          		CODE           	4804	0000	280
		_handle_sync   		CODE           	5510	0000	130
		_vscp_getRegist		CODE           	6090	0000	2
		_doOneSecondWor		CODE           	3350	0000	1176
		_sendVSCPFrame 		CODE           	4FFC	0000	178
		_vscp_getMDF_UR		CODE           	5F32	0000	28
		_init_app_eepro		CODE           	25BA	0000	1904
		_sendCANFrame  		CODE           	5A16	0000	72
		_vscp_writeAppR		CODE           	0F6E	0000	3728
		_vscp_getFamily		CODE           	6054	0000	10
		_vscp_getBuffer		CODE           	6092	0000	2
		_vscp_getSubzon		CODE           	6040	0000	10
		_vscp_getMatrix		CODE           	5F6A	0000	26
		_vscp_goBootloa		CODE           	5E3A	0000	36
		_writeCoeffs2Ra		CODE           	52BC	0000	160
		_vscp_readNickn		CODE           	6068	0000	10
		_interrupt_at_l		CODE           	0018	0000	674
		_vscp_getMajorV		CODE           	609A	0000	2
		_vscp_getMinorV		CODE           	6098	0000	2
		_vscp_writeNick		CODE           	5FCA	0000	22
		_init_app_ram  		CODE           	5ADA	0000	62
		_vscp_getManufa		CODE           	5FE0	0000	20
		_vscp_getSubMin		CODE           	6096	0000	2
		_vscp_getGUID  		CODE           	6008	0000	20

../main.c estimated size: 12348

/opt/microchip/xc8/v1.21/sources/pic18/plib/ADC/adcopen.c
		_OpenADC       		CODE           	593C	0000	74

/opt/microchip/xc8/v1.21/sources/pic18/plib/ADC/adcopen.c estimated size: 74

/opt/microchip/xc8/v1.21/sources/common/log.c
		_log           		CODE           	45AE	0000	312

/opt/microchip/xc8/v1.21/sources/common/log.c estimated size: 312

/opt/microchip/xc8/v1.21/sources/common/fladd.c
		___fladd       		CODE           	4458	0000	324

/opt/microchip/xc8/v1.21/sources/common/fladd.c estimated size: 324

/opt/microchip/xc8/v1.21/sources/pic18/plib/EEP/write_B.c
		_Write_b_eep   		CODE           	5B90	0000	58

/opt/microchip/xc8/v1.21/sources/pic18/plib/EEP/write_B.c estimated size: 58

/opt/microchip/xc8/v1.21/sources/pic18/plib/EEP/busy_eep.c
		_Busy_eep      		CODE           	607A	0000	6

/opt/microchip/xc8/v1.21/sources/pic18/plib/EEP/busy_eep.c estimated size: 6

../ECAN.c
		_ECANReceiveMes		CODE           	3D78	0000	484
		__RegsToCANID  		CODE           	46E6	0000	196
		__ECANPointBuff		CODE           	5592	0000	126
		_ECANInitialize		CODE           	53FA	0000	144
		__CANIDToRegs  		CODE           	4A30	0000	192
		_ECANSetOperati		CODE           	5F9C	0000	24
		_ECANSendMessag		CODE           	42F8	0000	352

../ECAN.c estimated size: 1518

shared
		PL12           		CODE           	3858	0000	22
		PL50           		CODE           	38E6	0000	20
		PL8            		CODE           	3830	0000	14
		PL22           		CODE           	388C	0000	26
		PL60           		CODE           	1DFE	0000	16
		PL32           		CODE           	330C	0000	24
		PL70           		CODE           	3338	0000	14
		PL42           		CODE           	38D2	0000	20
		PL80           		CODE           	42EC	0000	12
		exp@coeff      		SMALLCONST     	0F20	0000	40
		PL14           		CODE           	386E	0000	16
		PL52           		CODE           	47F2	0000	18
		PL90           		CODE           	3936	0000	8
		PL24           		CODE           	4B04	0000	16
		PL62           		CODE           	4CF0	0000	16
		PL34           		CODE           	47B8	0000	18
		PL72           		CODE           	390C	0000	14
		_vscp_deviceURL		SMALLCONST     	0F00	0000	32
		PL44           		CODE           	42D8	0000	20
		PL82           		CODE           	4F38	0000	12
		i1_ConvertADC  		CODE           	608C	0000	4
		PL16           		CODE           	4AF0	0000	20
		PL54           		CODE           	38FA	0000	18
		PL26           		CODE           	4B14	0000	18
		PL64           		CODE           	5C90	0000	16
		PL36           		CODE           	47CA	0000	20
		PL74           		CODE           	3F5C	0000	14
		PL46           		CODE           	47DE	0000	20
		PL84           		CODE           	3346	0000	10
		PL18           		CODE           	47AA	0000	14
		PL56           		CODE           	3D66	0000	18
		PL28           		CODE           	4FE4	0000	24
		PL66           		CODE           	4D00	0000	14
		PL38           		CODE           	38BE	0000	20
		PL76           		CODE           	391A	0000	14
		PL48           		CODE           	3324	0000	20
		PL86           		CODE           	3928	0000	8
		PL58           		CODE           	459C	0000	18
		PL68           		CODE           	5676	0000	14
		PL78           		CODE           	4B3A	0000	10
		PL88           		CODE           	3930	0000	6
		__initializatio		CODE           	5A5E	0000	56
		i1_WriteTimer0 		CODE           	602E	0000	18
		log@coeff      		SMALLCONST     	0F48	0000	36
		PL2            		CODE           	37E8	0000	14
		PL10           		CODE           	383E	0000	26
		PL4            		CODE           	37F6	0000	30
		PL20           		CODE           	387E	0000	14
		PL30           		CODE           	38A6	0000	24
		PL6            		CODE           	3814	0000	28
		PL40           		CODE           	4B26	0000	20

shared estimated size: 964

../ntc.c
		_Celsius2Kelvin		CODE           	5C3A	0000	52
		_Celsius2Fahren		CODE           	5684	0000	116

../ntc.c estimated size: 168

../../vscp_firmware/common/vscp_firmware.c
		_vscp_getEvent 		CODE           	5CFE	0000	44
		_vscp_handleHea		CODE           	609C	0000	2
		_vscp_readRegis		CODE           	5FB4	0000	22
		_vscp_writeRegi		CODE           	5E82	0000	30
		_vscp_error    		CODE           	6080	0000	4
		_vscp_readStdRe		CODE           	4158	0000	384
		_vscp_goActiveS		CODE           	5EBE	0000	30
		_vscp_doOneSeco		CODE           	576C	0000	86
		_vscp_sendEvent		CODE           	5CD0	0000	46
		_vscp_check_pst		CODE           	5C04	0000	54
		_vscp_writeStdR		CODE           	491C	0000	276
		_vscp_handlePro		CODE           	2D2A	0000	1506
		_vscp_handleDro		CODE           	5CA0	0000	48
		_vscp_handleSet		CODE           	5EA0	0000	30
		_vscp_handlePro		CODE           	4D0E	0000	190
		_vscp_sendHeart		CODE           	5DA6	0000	38
		_vscp_newNodeOn		CODE           	5D54	0000	42
		_vscp_init     		CODE           	59CE	0000	72

../../vscp_firmware/common/vscp_firmware.c estimated size: 2904

/opt/microchip/xc8/v1.21/sources/common/frexp.c
		_ldexp         		CODE           	520E	0000	174
		_frexp         		CODE           	548A	0000	134

/opt/microchip/xc8/v1.21/sources/common/frexp.c estimated size: 308

/opt/microchip/xc8/v1.21/sources/common/altofl.c
		___altofl      		CODE           	5986	0000	72

/opt/microchip/xc8/v1.21/sources/common/altofl.c estimated size: 72

/opt/microchip/xc8/v1.21/sources/pic18/plib/ADC/adcconv.c
		_ConvertADC    		CODE           	6088	0000	4

/opt/microchip/xc8/v1.21/sources/pic18/plib/ADC/adcconv.c estimated size: 4

/opt/microchip/xc8/v1.21/sources/common/awtofl.c
		___awtofl      		CODE           	5BCA	0000	58

/opt/microchip/xc8/v1.21/sources/common/awtofl.c estimated size: 58

/opt/microchip/xc8/v1.21/sources/common/lbmod.c
		___lbmod       		CODE           	5D7E	0000	40

/opt/microchip/xc8/v1.21/sources/common/lbmod.c estimated size: 40

/opt/microchip/xc8/v1.21/sources/pic18/asfldiv.c
		___asfldiv     		CODE           	58A8	0000	74

/opt/microchip/xc8/v1.21/sources/pic18/asfldiv.c estimated size: 74

/opt/microchip/xc8/v1.21/sources/common/evalpoly.c
		_eval_poly     		CODE           	4F44	0000	160

/opt/microchip/xc8/v1.21/sources/common/evalpoly.c estimated size: 160

/opt/microchip/xc8/v1.21/sources/pic18/asflsub.c
		___asflsub     		CODE           	57C2	0000	78

/opt/microchip/xc8/v1.21/sources/pic18/asflsub.c estimated size: 78

/opt/microchip/xc8/v1.21/sources/common/aldiv.c
		___aldiv       		CODE           	4DCC	0000	188

/opt/microchip/xc8/v1.21/sources/common/aldiv.c estimated size: 188

/opt/microchip/xc8/v1.21/sources/common/fldiv.c
		___fldiv       		CODE           	50AE	0000	176

/opt/microchip/xc8/v1.21/sources/common/fldiv.c estimated size: 176

/opt/microchip/xc8/v1.21/sources/common/flsub.c
		___flsub       		CODE           	5B18	0000	60

/opt/microchip/xc8/v1.21/sources/common/flsub.c estimated size: 60

/opt/microchip/xc8/v1.21/sources/common/lwtofl.c
		___lwtofl      		CODE           	5D2A	0000	42

/opt/microchip/xc8/v1.21/sources/common/lwtofl.c estimated size: 42

/opt/microchip/xc8/v1.21/sources/pic18/plib/EEP/read_B.c
		_Read_b_eep    		CODE           	5F84	0000	24

/opt/microchip/xc8/v1.21/sources/pic18/plib/EEP/read_B.c estimated size: 24

/opt/microchip/xc8/v1.21/sources/pic18/asflmul.c
		___asflmul     		CODE           	585C	0000	76

/opt/microchip/xc8/v1.21/sources/pic18/asflmul.c estimated size: 76

/opt/microchip/xc8/v1.21/sources/common/flneg.c
		___flneg       		CODE           	5DF2	0000	36

/opt/microchip/xc8/v1.21/sources/common/flneg.c estimated size: 36

/opt/microchip/xc8/v1.21/sources/pic18/plib/Timers/t0write.c
		_WriteTimer0   		CODE           	601C	0000	18

/opt/microchip/xc8/v1.21/sources/pic18/plib/Timers/t0write.c estimated size: 18

/opt/microchip/xc8/v1.21/sources/pic18/plib/Timers/t0open.c
		_OpenTimer0    		CODE           	5EDC	0000	30

/opt/microchip/xc8/v1.21/sources/pic18/plib/Timers/t0open.c estimated size: 30

/opt/microchip/xc8/v1.21/sources/common/flmul.c
		___flmul       		CODE           	4C40	0000	176

/opt/microchip/xc8/v1.21/sources/common/flmul.c estimated size: 176

/opt/microchip/xc8/v1.21/sources/common/fltol.c
		___fltol       		CODE           	535C	0000	158

/opt/microchip/xc8/v1.21/sources/common/fltol.c estimated size: 158

/opt/microchip/xc8/v1.21/sources/common/flge.c
		___flge        		CODE           	5810	0000	76

/opt/microchip/xc8/v1.21/sources/common/flge.c estimated size: 76

/opt/microchip/xc8/v1.21/sources/common/wmul.c
		___wmul        		CODE           	5C6E	0000	34

/opt/microchip/xc8/v1.21/sources/common/wmul.c estimated size: 34

/opt/microchip/xc8/v1.21/sources/common/floor.c
		_floor         		CODE           	4B44	0000	252

/opt/microchip/xc8/v1.21/sources/common/floor.c estimated size: 252

