Microchip MPLAB XC8 Compiler V1.21 ()

Linker command line:

--edf=/opt/microchip/xc8/v1.21/dat/en_msgs.txt \
  --UDF=html/kelvin_ntc.X.production.link.html -cs \
  -h+dist/Debug_2580/production/kelvin_ntc.X.production.sym \
  --cmf=dist/Debug_2580/production/kelvin_ntc.X.production.cmf -z -Q18F2580 \
  -o/tmp/cgtdJLcfn -Mdist/Debug_2580/production/kelvin_ntc.X.production.map \
  -E1 -ver=XC8 -ACODE=00h-07FFFh -ACONST=00h-07FFFh \
  -ASMALLCONST=0600h-06FFhx122 -AMEDIUMCONST=0600h-07FFFh -ACOMRAM=01h-05Fh \
  -AABS1=00h-05FFh -ABIGRAM=01h-05FFh -ARAM=060h-0FFh,0100h-01FFhx5 \
  -ABANK0=060h-0FFh -ABANK1=0100h-01FFh -ABANK2=0200h-02FFh \
  -ABANK3=0300h-03FFh -ABANK4=0400h-04FFh -ABANK5=0500h-05FFh \
  -ASFR=0D00h-0DFFhx2,0F00h-0F5Fh,0F60h-0FFFh \
  -preset_vec=00h,intcode,intcodelo=018h,powerup,init,end_init \
  -pramtop=0600h -psmallconst=SMALLCONST -pmediumconst=MEDIUMCONST \
  -pconst=CONST -AFARRAM=00h-00h -ACONFIG=0300000h-030000Dh -pconfig=CONFIG \
  -AIDLOC=0200000h-0200007h -pidloc=IDLOC -AEEDATA=0F00000h-0F000FFh \
  -peeprom_data=EEDATA \
  -prdata=COMRAM,nvrram=COMRAM,nvbit=COMRAM,rbss=COMRAM,rbit=COMRAM \
  -pfarbss=FARRAM,fardata=FARRAM,nvFARRAM=FARRAM \
  -pintsave_regs=BIGRAM,bigbss=BIGRAM,bigdata=BIGRAM -pbss=RAM \
  -pidata=CODE,irdata=CODE,ibigdata=CODE,ifardata=CODE /tmp/cgtXCCi3J.obj \
  dist/Debug_2580/production/kelvin_ntc.X.production.obj 

Object code version is 3.11

Machine type is 18F2580

Call graph: (short form)




                Name                               Link     Load   Length Selector   Space Scale
/tmp/cgtXCCi3J.obj
                end_init                            2BA      2BA        4        C       0
                reset_vec                             0        0        4        0       0
                idloc                            200000   200000        8   200000       0
                config                           300000   300000        E   300000       0
dist/Debug_2580/production/kelvin_ntc.X.production.obj
                intcodelo                            18       18      2A2        C       0
                smallconst                          600      600       6E      300       0
                text102                            57A0     57A0        4      337       0
                text101                            5742     5742       12      337       0
                text99                             150E     150E      7AC      337       0
                text98                             4590     4590       BC      337       0
                text97                             4350     4350       C6      337       0
                text96                             52D8     52D8       3A      337       0
                text95                             5730     5730       12      337       0
                text94                             579C     579C        4      337       0
                text93                             51E8     51E8       3E      337       0
                text92                             5612     5612       1E      337       0
                text91                             4E66     4E66       5C      337       0
                text90                             56B4     56B4       18      337       0
                text89                             4AF0     4AF0       96      337       0
                text88                             5262     5262       3C      337       0
                text87                             578E     578E        6      337       0
                text86                             5346     5346       34      337       0
                text85                             56CC     56CC       16      337       0
                text84                             5528     5528       26      337       0
                text83                             55B6     55B6       20      337       0
                text82                             1CBA     1CBA      770      337       0
                text81                             5798     5798        4      337       0
                text80                             529E     529E       3A      337       0
                text79                             4D7C     4D7C       76      337       0
                text78                             3DF6     3DF6      11E      337       0
                text77                             3480     3480      208      337       0
                text76                             540A     540A       2C      337       0
                text75                             4C8E     4C8E       78      337       0
                text74                             548A     548A       2A      337       0
                text73                             4140     4140      114      337       0
                text72                             3A0C     3A0C      166      337       0
                text71                             5120     5120       48      337       0
                text70                             464C     464C       B6      337       0
                text69                             53DC     53DC       2E      337       0
                text68                             55F4     55F4       1E      337       0
                text67                             4416     4416       BE      337       0
                text66                             5682     5682       1A      337       0
                text65                             5594     5594       22      337       0
                text64                             57B0     57B0        2      337       0
                text63                             55D6     55D6       1E      337       0
                text62                             571E     571E       12      337       0
                text61                             577C     577C        A      337       0
                text60                             50D8     50D8       48      337       0
                text59                             53AC     53AC       30      337       0
                text58                             5460     5460       2A      337       0
                text57                             57AE     57AE        2      337       0
                text56                             57AC     57AC        2      337       0
                text55                             57AA     57AA        2      337       0
                text54                             570A     570A       14      337       0
                text53                             569C     569C       18      337       0
                text52                             56F6     56F6       14      337       0
                text51                             56E2     56E2       14      337       0
                text50                             57A8     57A8        2      337       0
                text49                             57A6     57A6        2      337       0
                text48                             57A4     57A4        2      337       0
                text47                             5772     5772        A      337       0
                text46                             5768     5768        A      337       0
                text45                             386C     386C      1A0      337       0
                text44                             5668     5668       1A      337       0
                text43                             537A     537A       32      337       0
                text42                             49B2     49B2       A0      337       0
                text41                              66E      66E      EA0      337       0
                text40                             5502     5502       26      337       0
                text39                             564C     564C       1C      337       0
                text38                             5630     5630       1C      337       0
                text37                             5786     5786        8      337       0
                text36                             402C     402C      114      337       0
                text35                             5572     5572       22      337       0
                text34                             54B4     54B4       28      337       0
                text33                             242A     242A      62E      337       0
                text32                             5312     5312       34      337       0
                text31                             3B72     3B72      156      337       0
                text30                             4DF2     4DF2       74      337       0
                text29                             47B6     47B6       B0      337       0
                text28                             4D06     4D06       76      337       0
                text27                             4C0C     4C0C       82      337       0
                text26                             5794     5794        4      337       0
                text25                             2A58     2A58      5EE      337       0
                text24                             575E     575E        A      337       0
                text23                             5754     5754        A      337       0
                text22                             54DC     54DC       26      337       0
                text21                             4EC2     4EC2       54      337       0
                text20                             4866     4866       A8      337       0
                text19                             4FB0     4FB0       4C      337       0
                text18                             5226     5226       3C      337       0
                text17                             4F16     4F16       4E      337       0
                text16                             5090     5090       48      337       0
                text15                             4F64     4F64       4C      337       0
                text14                             4B86     4B86       86      337       0
                text13                             4A52     4A52       9E      337       0
                text12                             4254     4254       FC      337       0
                text11                             4702     4702       B4      337       0
                text10                             490E     490E       A4      337       0
                text9                              554E     554E       24      337       0
                text8                              3688     3688      1E4      337       0
                text7                              3CC8     3CC8      12E      337       0
                text6                              51AA     51AA       3E      337       0
                text5                              44D4     44D4       BC      337       0
                text4                              5046     5046       4A      337       0
                text3                              4FFC     4FFC       4A      337       0
                text2                              5436     5436       2A      337       0
                text1                              3046     3046      43A      337       0
                text0                              3F14     3F14      118      337       0
                cstackCOMRAM                          1        1       45        1       1
                cstackBANK0                          60       60       56       60       1
                cstackBANK1                         16A      16A       34      100       1
                bssBIGRAM                           19E      19E      3C0      19E       1
                bssBANK1                            100      100       6A      100       1
                bssBANK0                             B6       B6       23       60       1
                bssCOMRAM                            46       46        D        1       1
                cinit                              5168     5168       42      337       0

TOTAL           Name                               Link     Load   Length     Space
        CLASS   CODE           
                end_init                            2BA      2BA        4         0
                intcodelo                            18       18      2A2         0
                reset_vec                             0        0        4         0
                text102                            57A0     57A0        4         0
                text101                            5742     5742       12         0
                text99                             150E     150E      7AC         0
                text98                             4590     4590       BC         0
                text97                             4350     4350       C6         0
                text96                             52D8     52D8       3A         0
                text95                             5730     5730       12         0
                text94                             579C     579C        4         0
                text93                             51E8     51E8       3E         0
                text92                             5612     5612       1E         0
                text91                             4E66     4E66       5C         0
                text90                             56B4     56B4       18         0
                text89                             4AF0     4AF0       96         0
                text88                             5262     5262       3C         0
                text87                             578E     578E        6         0
                text86                             5346     5346       34         0
                text85                             56CC     56CC       16         0
                text84                             5528     5528       26         0
                text83                             55B6     55B6       20         0
                text82                             1CBA     1CBA      770         0
                text81                             5798     5798        4         0
                text80                             529E     529E       3A         0
                text79                             4D7C     4D7C       76         0
                text78                             3DF6     3DF6      11E         0
                text77                             3480     3480      208         0
                text76                             540A     540A       2C         0
                text75                             4C8E     4C8E       78         0
                text74                             548A     548A       2A         0
                text73                             4140     4140      114         0
                text72                             3A0C     3A0C      166         0
                text71                             5120     5120       48         0
                text70                             464C     464C       B6         0
                text69                             53DC     53DC       2E         0
                text68                             55F4     55F4       1E         0
                text67                             4416     4416       BE         0
                text66                             5682     5682       1A         0
                text65                             5594     5594       22         0
                text64                             57B0     57B0        2         0
                text63                             55D6     55D6       1E         0
                text62                             571E     571E       12         0
                text61                             577C     577C        A         0
                text60                             50D8     50D8       48         0
                text59                             53AC     53AC       30         0
                text58                             5460     5460       2A         0
                text57                             57AE     57AE        2         0
                text56                             57AC     57AC        2         0
                text55                             57AA     57AA        2         0
                text54                             570A     570A       14         0
                text53                             569C     569C       18         0
                text52                             56F6     56F6       14         0
                text51                             56E2     56E2       14         0
                text50                             57A8     57A8        2         0
                text49                             57A6     57A6        2         0
                text48                             57A4     57A4        2         0
                text47                             5772     5772        A         0
                text46                             5768     5768        A         0
                text45                             386C     386C      1A0         0
                text44                             5668     5668       1A         0
                text43                             537A     537A       32         0
                text42                             49B2     49B2       A0         0
                text41                              66E      66E      EA0         0
                text40                             5502     5502       26         0
                text39                             564C     564C       1C         0
                text38                             5630     5630       1C         0
                text37                             5786     5786        8         0
                text36                             402C     402C      114         0
                text35                             5572     5572       22         0
                text34                             54B4     54B4       28         0
                text33                             242A     242A      62E         0
                text32                             5312     5312       34         0
                text31                             3B72     3B72      156         0
                text30                             4DF2     4DF2       74         0
                text29                             47B6     47B6       B0         0
                text28                             4D06     4D06       76         0
                text27                             4C0C     4C0C       82         0
                text26                             5794     5794        4         0
                text25                             2A58     2A58      5EE         0
                text24                             575E     575E        A         0
                text23                             5754     5754        A         0
                text22                             54DC     54DC       26         0
                text21                             4EC2     4EC2       54         0
                text20                             4866     4866       A8         0
                text19                             4FB0     4FB0       4C         0
                text18                             5226     5226       3C         0
                text17                             4F16     4F16       4E         0
                text16                             5090     5090       48         0
                text15                             4F64     4F64       4C         0
                text14                             4B86     4B86       86         0
                text13                             4A52     4A52       9E         0
                text12                             4254     4254       FC         0
                text11                             4702     4702       B4         0
                text10                             490E     490E       A4         0
                text9                              554E     554E       24         0
                text8                              3688     3688      1E4         0
                text7                              3CC8     3CC8      12E         0
                text6                              51AA     51AA       3E         0
                text5                              44D4     44D4       BC         0
                text4                              5046     5046       4A         0
                text3                              4FFC     4FFC       4A         0
                text2                              5436     5436       2A         0
                text1                              3046     3046      43A         0
                text0                              3F14     3F14      118         0
                cinit                              5168     5168       42         0

        CLASS   CONST          

        CLASS   SMALLCONST     
                smallconst                          600      600       6E         0

        CLASS   MEDIUMCONST    

        CLASS   COMRAM         
                cstackCOMRAM                          1        1       45         1
                bssCOMRAM                            46       46        D         1

        CLASS   ABS1           

        CLASS   BIGRAM         
                bssBIGRAM                           19E      19E      3C0         1

        CLASS   RAM            

        CLASS   BANK0          
                cstackBANK0                          60       60       56         1
                bssBANK0                             B6       B6       23         1

        CLASS   BANK1          
                cstackBANK1                         16A      16A       34         1
                bssBANK1                            100      100       6A         1

        CLASS   BANK2          

        CLASS   BANK3          

        CLASS   BANK4          

        CLASS   BANK5          

        CLASS   SFR            

        CLASS   FARRAM         

        CLASS   CONFIG         
                config                           300000   300000        E         0

        CLASS   IDLOC          
                idloc                            200000   200000        8         0

        CLASS   EEDATA         



SEGMENTS        Name                           Load    Length   Top    Selector   Space  Class

                reset_vec                      000000  000004  000004         0       0  CODE    
                cstackCOMRAM                   000001  000052  000053         1       1  COMRAM  
                intcodelo                      000018  0002A6  0002BE         C       0  CODE    
                cstackBANK0                    000060  000079  0000D9        60       1  BANK0   
                bssBANK1                       000100  00009E  00019E       100       1  BANK1   
                bssBIGRAM                      00019E  0003C0  00055E       19E       1  BIGRAM  
                smallconst                     000600  00006E  00066E       300       0  SMALLCON
                text41                         00066E  005144  0057B2       337       0  CODE    
                idloc                          200000  000008  200008    200000       0  IDLOC   
                config                         300000  00000E  30000E    300000       0  CONFIG  


UNUSED ADDRESS RANGES

        Name                Unused          Largest block    Delta
        BANK0            0000D9-0000FF               27
        BANK5            00055E-0005FF               A2
        BIGRAM           000053-00005F                D
                         0000D9-0000FF               27
                         00055E-0005FF               A2
        CODE             000004-000017               14
                         0002BE-0005FF              342
                         0057B2-007FFF             284E
        COMRAM           000053-00005F                D
        CONST            000004-000017               14
                         0002BE-0005FF              342
                         0057B2-007FFF             284E
        EEDATA           F00000-F000FF              100
        MEDIUMCONST      0057B2-007FFF             284E
        RAM              0000D9-0000FF               27
                         00055E-0005FF               A2
        SFR              000D00-000FFF              100
        SMALLCONST       0057B2-007FFF              100

                                  Symbol Table

?_Celsius2Fahrenheit                     cstackBANK0  000076
?_Celsius2Kelvin                         cstackCOMRAM 00002C
?_ECANReceiveMessage                     cstackCOMRAM 000015
?_ECANSendMessage                        cstackCOMRAM 000018
?_OpenADC                                cstackCOMRAM 00000E
?_Read_b_eep                             cstackCOMRAM 000016
?_WriteTimer0                            cstackCOMRAM 00000E
?_Write_b_eep                            cstackCOMRAM 00000E
?__CANIDToRegs                           cstackCOMRAM 00000E
?__ECANPointBuffer                       cstackCOMRAM 00000E
?__RegsToCANID                           cstackCOMRAM 00000E
?___aldiv                                cstackBANK0  00007C
?___altofl                               cstackBANK0  00008A
?___asfladd                              cstackCOMRAM 00002C
?___asfldiv                              cstackBANK0  000060
?___asflmul                              cstackBANK0  000076
?___asflsub                              cstackBANK0  00007E
?___awtofl                               cstackCOMRAM 000018
?___fladd                                cstackCOMRAM 00001D
?___fldiv                                cstackCOMRAM 00002C
?___flge                                 cstackCOMRAM 00000E
?___flmul                                cstackBANK0  000060
?___flneg                                cstackCOMRAM 00000E
?___flpack                               cstackCOMRAM 00000E
?___flsub                                cstackBANK0  000076
?___fltol                                cstackBANK0  000076
?___lbmod                                cstackCOMRAM 00000E
?___lwtofl                               cstackCOMRAM 000018
?___wmul                                 cstackCOMRAM 00000E
?_eval_poly                              cstackBANK0  000076
?_exp                                    cstackBANK0  000099
?_floor                                  cstackBANK0  00008F
?_frexp                                  cstackCOMRAM 00000E
?_getCANFrame                            cstackCOMRAM 000020
?_getCalibrationValue                    cstackCOMRAM 000018
?_getVSCPFrame                           cstackCOMRAM 000024
?_ldexp                                  cstackBANK0  000081
?_log                                    cstackBANK0  000081
?_sendCANFrame                           cstackCOMRAM 00003C
?_sendVSCPFrame                          cstackBANK0  000060
?_setEventData                           cstackBANK0  00007C
?_vscp_getFamilyCode                     cstackCOMRAM 00000E
?_vscp_getFamilyType                     cstackCOMRAM 00000E
?_vscp_sendHeartBeat                     cstackCOMRAM 000044
?_vscp_setControlByte                    cstackCOMRAM 000012
?_vscp_setGUID                           cstackCOMRAM 000012
?_vscp_setManufacturerId                 cstackCOMRAM 000012
?_vscp_setUserID                         cstackCOMRAM 000012
?_vscp_writeAppReg                       cstackCOMRAM 000021
?_vscp_writeRegister                     cstackCOMRAM 000025
?_vscp_writeStdReg                       cstackCOMRAM 000019
?i1_WriteTimer0                          cstackCOMRAM 000001
Celsius2Fahrenheit@tc                    cstackBANK0  000076
Celsius2Kelvin@tc                        cstackCOMRAM 00002C
ECANReceiveMessage@data                  cstackCOMRAM 000015
ECANReceiveMessage@dataLen               cstackCOMRAM 000016
ECANReceiveMessage@i                     cstackCOMRAM 00001B
ECANReceiveMessage@id                    cstackCOMRAM 00001A
ECANReceiveMessage@mode                  cstackCOMRAM 00001C
ECANReceiveMessage@msgFlags              cstackCOMRAM 000017
ECANReceiveMessage@ptr                   cstackCOMRAM 00001E
ECANReceiveMessage@savedPtr              cstackCOMRAM 000018
ECANReceiveMessage@temp                  cstackCOMRAM 00001D
ECANSendMessage@buffers                  cstackCOMRAM 000033
ECANSendMessage@data                     cstackCOMRAM 00001C
ECANSendMessage@dataLen                  cstackCOMRAM 00001D
ECANSendMessage@i                        cstackCOMRAM 000039
ECANSendMessage@id                       cstackCOMRAM 000018
ECANSendMessage@j                        cstackCOMRAM 000034
ECANSendMessage@mode                     cstackCOMRAM 000032
ECANSendMessage@msgFlags                 cstackCOMRAM 00001E
ECANSendMessage@pb                       cstackCOMRAM 000020
ECANSendMessage@ptr                      cstackCOMRAM 00003A
ECANSendMessage@temp                     cstackCOMRAM 000038
ECANSendMessage@tempBSEL0                cstackCOMRAM 000035
ECANSendMessage@tempPtr                  cstackCOMRAM 000036
ECANSetOperationMode@mode                cstackCOMRAM 00000E
OpenADC@config                           cstackCOMRAM 000012
OpenADC@config2                          cstackCOMRAM 00000E
OpenADC@portconfig                       cstackCOMRAM 00000F
OpenTimer0@config                        cstackCOMRAM 00000E
PL10                                     text25       002F46
PL12                                     text25       002F60
PL14                                     text25       002F76
PL16                                     text73       004200
PL18                                     text78       003EBA
PL2                                      text25       002EF0
PL20                                     text25       002F86
PL22                                     text25       002F94
PL24                                     text73       004214
PL26                                     text73       004224
PL28                                     text25       002FAE
PL30                                     text33       002A14
PL32                                     text78       003EC8
PL34                                     text78       003EDA
PL36                                     text25       002FC6
PL38                                     text73       004236
PL4                                      text25       002EFE
PL40                                     text25       002FDA
PL42                                     text45       0039EC
PL44                                     text78       003EEE
PL46                                     text33       002A2C
PL48                                     text11       0047A2
PL50                                     text25       002FEE
PL52                                     text78       003F02
PL54                                     text25       003002
PL56                                     text1        00346E
PL58                                     text31       003CB6
PL6                                      text25       002F1C
PL60                                     text41       0014FE
PL62                                     text97       0043F8
PL64                                     text43       00539C
PL66                                     text97       004408
PL68                                     text28       004D6E
PL70                                     text33       002A40
PL72                                     text25       003014
PL74                                     text77       00367A
PL76                                     text25       003022
PL78                                     text73       00424A
PL8                                      text25       002F38
PL80                                     text45       003A00
PL82                                     text98       004640
PL84                                     text25       003030
PL86                                     text25       003038
PL88                                     text33       002A4E
PL90                                     text25       00303E
Read_b_eep@badd                          cstackCOMRAM 000016
WriteTimer0@timer                        cstackCOMRAM 000010
WriteTimer0@timer0                       cstackCOMRAM 00000E
Write_b_eep@GIE_BIT_VAL                  cstackCOMRAM 000011
Write_b_eep@badd                         cstackCOMRAM 00000E
Write_b_eep@bdat                         cstackCOMRAM 000010
_ADCON0                                  (abs)        000FC2
_ADCON0bits                              (abs)        000FC2
_ADCON1                                  (abs)        000FC1
_ADCON2                                  (abs)        000FC0
_ADRESH                                  (abs)        000FC4
_ADRESL                                  (abs)        000FC3
_B0CON                                   (abs)        000E20
_B0RXFUL                                 (abs)        007107
_B0TXEN                                  (abs)        006FC2
_B1CON                                   (abs)        000E30
_B1RXFUL                                 (abs)        007187
_B1TXEN                                  (abs)        006FC3
_B2CON                                   (abs)        000E40
_B2RXFUL                                 (abs)        007207
_B2TXEN                                  (abs)        006FC4
_B3CON                                   (abs)        000E50
_B3RXFUL                                 (abs)        007287
_B3TXEN                                  (abs)        006FC5
_B4CON                                   (abs)        000E60
_B4RXFUL                                 (abs)        007307
_B4TXEN                                  (abs)        006FC6
_B5CON                                   (abs)        000E70
_B5RXFUL                                 (abs)        007387
_B5TXEN                                  (abs)        006FC7
_BRGCON1                                 (abs)        000F70
_BRGCON2                                 (abs)        000F71
_BRGCON3                                 (abs)        000F72
_BSEL0                                   (abs)        000DF8
_Busy_eep                                text87       00578E
_CANCON                                  (abs)        000F6F
_CIOCON                                  (abs)        000F73
_Celsius2Fahrenheit                      text30       004DF2
_Celsius2Kelvin                          text32       005312
_ConvertADC                              text94       00579C
_ECANCON                                 (abs)        000F77
_ECANInitialize                          text89       004AF0
_ECANReceiveMessage                      text77       003480
_ECANSendMessage                         text72       003A0C
_ECANSetOperationMode                    text90       0056B4
_EEADR                                   (abs)        000FA9
_EECON1bits                              (abs)        000FA6
_EECON2                                  (abs)        000FA7
_EEDATA                                  (abs)        000FA8
_FIFOEMPTY                               (abs)        007BA7
_INTCONbits                              (abs)        000FF2
_IRXIF                                   (abs)        007D27
_MDSEL0                                  (abs)        007BBE
_MDSEL1                                  (abs)        007BBF
_MSEL0                                   (abs)        000DF0
_MSEL1                                   (abs)        000DF1
_MSEL2                                   (abs)        000DF2
_OpenADC                                 text91       004E66
_OpenTimer0                              text92       005612
_PIE1bits                                (abs)        000F9D
_PIR1bits                                (abs)        000F9E
_PORTC                                   (abs)        000F82
_RXB0CON                                 (abs)        000F60
_RXB0FILHIT0                             (abs)        007B00
_RXB0FUL                                 (abs)        007B07
_RXB0IF                                  (abs)        007D20
_RXB0OVFL                                (abs)        007BA7
_RXB1CON                                 (abs)        000F50
_RXB1CONbits                             (abs)        000F50
_RXB1IF                                  (abs)        007D21
_RXB1OVFL                                (abs)        007BA6
_RXF0EIDH                                (abs)        000F02
_RXF0EIDL                                (abs)        000F03
_RXF0SIDH                                (abs)        000F00
_RXF0SIDL                                (abs)        000F01
_RXF1EIDH                                (abs)        000F06
_RXF1EIDL                                (abs)        000F07
_RXF1SIDH                                (abs)        000F04
_RXF1SIDL                                (abs)        000F05
_RXFBCON0                                (abs)        000DE0
_RXFBCON1                                (abs)        000DE1
_RXFBCON2                                (abs)        000DE2
_RXFBCON3                                (abs)        000DE3
_RXFBCON4                                (abs)        000DE4
_RXFBCON5                                (abs)        000DE5
_RXFBCON6                                (abs)        000DE6
_RXFBCON7                                (abs)        000DE7
_RXFCON0                                 (abs)        000DD4
_RXFCON1                                 (abs)        000DD5
_RXM0EIDH                                (abs)        000F1A
_RXM0EIDL                                (abs)        000F1B
_RXM0EXIDM                               (abs)        0078CB
_RXM0SIDH                                (abs)        000F18
_RXM0SIDL                                (abs)        000F19
_RXM1EIDH                                (abs)        000F1E
_RXM1EIDL                                (abs)        000F1F
_RXM1EXIDEN                              (abs)        0078EB
_RXM1SIDH                                (abs)        000F1C
_RXM1SIDL                                (abs)        000F1D
_Read_b_eep                              text62       00571E
_T0CON                                   (abs)        000FD5
_T0CONbits                               (abs)        000FD5
_TMR0H                                   (abs)        000FD7
_TMR0L                                   (abs)        000FD6
_TRISA                                   (abs)        000F92
_TRISB                                   (abs)        000F93
_TRISC                                   (abs)        000F94
_TXB0CON                                 (abs)        000F40
_TXB1CON                                 (abs)        000F30
_TXB2CON                                 (abs)        000F20
_WriteTimer0                             text95       005730
_Write_b_eep                             text86       005346
__CANIDToRegs                            text73       004140
__CANIDToRegs@Value                      cstackCOMRAM 000017
__CANIDToRegs@ptr                        cstackCOMRAM 00000E
__CANIDToRegs@type                       cstackCOMRAM 000014
__CANIDToRegs@val                        cstackCOMRAM 000010
__CFG_BOREN$BOACTIVE                     (abs)        000000
__CFG_BORV$3                             (abs)        000000
__CFG_CPB$OFF                            (abs)        000000
__CFG_EBTR0$OFF                          (abs)        000000
__CFG_EBTR1$OFF                          (abs)        000000
__CFG_EBTR2$OFF                          (abs)        000000
__CFG_EBTR3$OFF                          (abs)        000000
__CFG_EBTRB$OFF                          (abs)        000000
__CFG_LVP$OFF                            (abs)        000000
__CFG_OSC$HSPLL                          (abs)        000000
__CFG_PWRT$ON                            (abs)        000000
__CFG_STVREN$ON                          (abs)        000000
__CFG_WDT$OFF                            (abs)        000000
__CFG_WRTD$OFF                           (abs)        000000
__ECANPointBuffer                        text79       004D7C
__ECANPointBuffer@b                      cstackCOMRAM 000011
__ECANPointBuffer@pt                     cstackCOMRAM 000012
__ECANRxFilterHitInfo                    bssCOMRAM    000048
__HRAM                                   (abs)        000000
__Habs1                                  abs1         000000
__Hbank0                                 bank0        000000
__Hbank1                                 bank1        000000
__Hbank2                                 bank2        000000
__Hbank3                                 bank3        000000
__Hbank4                                 bank4        000000
__Hbank5                                 bank5        000000
__Hbigbss                                bigbss       000000
__Hbigdata                               bigdata      000000
__Hbigram                                bigram       000000
__Hbss                                   bss          000000
__HbssBANK0                              bssBANK0     000000
__HbssBANK1                              bssBANK1     000000
__HbssBIGRAM                             bssBIGRAM    000000
__HbssCOMRAM                             bssCOMRAM    000000
__Hcinit                                 cinit        000000
__Hclrtext                               clrtext      000000
__Hcomram                                comram       000000
__Hconfig                                config       30000E
__Hconst                                 const        000000
__HcstackBANK0                           cstackBANK0  000000
__HcstackBANK1                           cstackBANK1  000000
__HcstackCOMRAM                          cstackCOMRAM 000000
__Hdata                                  data         000000
__Heeprom_data                           eeprom_data  000000
__Hend_init                              end_init     0002BE
__Hfarbss                                farbss       000000
__Hfardata                               fardata      000000
__Hibigdata                              ibigdata     000000
__Hidata                                 idata        000000
__Hidloc                                 idloc        200008
__Hifardata                              ifardata     000000
__Hinit                                  init         0002BA
__Hintcode                               intcode      000004
__Hintcode_body                          intcode_body 000000
__Hintcodelo                             intcodelo    0002BA
__Hintentry                              intentry     000000
__Hintret                                intret       000000
__Hintsave_regs                          intsave_regs 000000
__Hirdata                                irdata       000000
__Hmediumconst                           mediumconst  000000
__HnvFARRAM                              nvFARRAM     000000
__Hnvbit                                 nvbit        000000
__Hnvrram                                nvrram       000000
__Hpa_nodes                              pa_nodes     000000
__Hparam                                 rparam       000000
__Hpowerup                               powerup      0002BA
__Hram                                   ram          000000
__Hramtop                                ramtop       000600
__Hrbit                                  rbit         000000
__Hrbss                                  rbss         000000
__Hrdata                                 rdata        000000
__Hreset_vec                             reset_vec    000004
__Hrparam                                rparam       000000
__Hsfr                                   sfr          000000
__Hsmallconst                            smallconst   00066E
__Hstruct                                struct       000000
__Htemp                                  temp         000000
__Htext                                  text         000000
__Htext0                                 text0        000000
__Htext1                                 text1        000000
__Htext10                                text10       000000
__Htext101                               text101      000000
__Htext102                               text102      000000
__Htext103                               text103      000000
__Htext11                                text11       000000
__Htext12                                text12       000000
__Htext13                                text13       000000
__Htext14                                text14       000000
__Htext15                                text15       000000
__Htext16                                text16       000000
__Htext17                                text17       000000
__Htext18                                text18       000000
__Htext19                                text19       000000
__Htext2                                 text2        000000
__Htext20                                text20       000000
__Htext21                                text21       000000
__Htext22                                text22       000000
__Htext23                                text23       000000
__Htext24                                text24       000000
__Htext25                                text25       000000
__Htext26                                text26       000000
__Htext27                                text27       000000
__Htext28                                text28       000000
__Htext29                                text29       000000
__Htext3                                 text3        000000
__Htext30                                text30       000000
__Htext31                                text31       000000
__Htext32                                text32       000000
__Htext33                                text33       000000
__Htext34                                text34       000000
__Htext35                                text35       000000
__Htext36                                text36       000000
__Htext37                                text37       000000
__Htext38                                text38       000000
__Htext39                                text39       000000
__Htext4                                 text4        000000
__Htext40                                text40       000000
__Htext41                                text41       000000
__Htext42                                text42       000000
__Htext43                                text43       000000
__Htext44                                text44       000000
__Htext45                                text45       000000
__Htext46                                text46       000000
__Htext47                                text47       000000
__Htext48                                text48       000000
__Htext49                                text49       000000
__Htext5                                 text5        000000
__Htext50                                text50       000000
__Htext51                                text51       000000
__Htext52                                text52       000000
__Htext53                                text53       000000
__Htext54                                text54       000000
__Htext55                                text55       000000
__Htext56                                text56       000000
__Htext57                                text57       000000
__Htext58                                text58       000000
__Htext59                                text59       000000
__Htext6                                 text6        000000
__Htext60                                text60       000000
__Htext61                                text61       000000
__Htext62                                text62       000000
__Htext63                                text63       000000
__Htext64                                text64       000000
__Htext65                                text65       000000
__Htext66                                text66       000000
__Htext67                                text67       000000
__Htext68                                text68       000000
__Htext69                                text69       000000
__Htext7                                 text7        000000
__Htext70                                text70       000000
__Htext71                                text71       000000
__Htext72                                text72       000000
__Htext73                                text73       000000
__Htext74                                text74       000000
__Htext75                                text75       000000
__Htext76                                text76       000000
__Htext77                                text77       000000
__Htext78                                text78       000000
__Htext79                                text79       000000
__Htext8                                 text8        000000
__Htext80                                text80       000000
__Htext81                                text81       000000
__Htext82                                text82       000000
__Htext83                                text83       000000
__Htext84                                text84       000000
__Htext85                                text85       000000
__Htext86                                text86       000000
__Htext87                                text87       000000
__Htext88                                text88       000000
__Htext89                                text89       000000
__Htext9                                 text9        000000
__Htext90                                text90       000000
__Htext91                                text91       000000
__Htext92                                text92       000000
__Htext93                                text93       000000
__Htext94                                text94       000000
__Htext95                                text95       000000
__Htext96                                text96       000000
__Htext97                                text97       000000
__Htext98                                text98       000000
__Htext99                                text99       000000
__LRAM                                   (abs)        000001
__Labs1                                  abs1         000000
__Lbank0                                 bank0        000000
__Lbank1                                 bank1        000000
__Lbank2                                 bank2        000000
__Lbank3                                 bank3        000000
__Lbank4                                 bank4        000000
__Lbank5                                 bank5        000000
__Lbigbss                                bigbss       000000
__Lbigdata                               bigdata      000000
__Lbigram                                bigram       000000
__Lbss                                   bss          000000
__LbssBANK0                              bssBANK0     000000
__LbssBANK1                              bssBANK1     000000
__LbssBIGRAM                             bssBIGRAM    000000
__LbssCOMRAM                             bssCOMRAM    000000
__Lcinit                                 cinit        000000
__Lclrtext                               clrtext      000000
__Lcomram                                comram       000000
__Lconfig                                config       300000
__Lconst                                 const        000000
__LcstackBANK0                           cstackBANK0  000000
__LcstackBANK1                           cstackBANK1  000000
__LcstackCOMRAM                          cstackCOMRAM 000000
__Ldata                                  data         000000
__Leeprom_data                           eeprom_data  000000
__Lend_init                              end_init     0002BA
__Lfarbss                                farbss       000000
__Lfardata                               fardata      000000
__Libigdata                              ibigdata     000000
__Lidata                                 idata        000000
__Lidloc                                 idloc        200000
__Lifardata                              ifardata     000000
__Linit                                  init         0002BA
__Lintcode                               intcode      000004
__Lintcode_body                          intcode_body 000000
__Lintcodelo                             intcodelo    000018
__Lintentry                              intentry     000000
__Lintret                                intret       000000
__Lintsave_regs                          intsave_regs 000000
__Lirdata                                irdata       000000
__Lmediumconst                           mediumconst  000000
__LnvFARRAM                              nvFARRAM     000000
__Lnvbit                                 nvbit        000000
__Lnvrram                                nvrram       000000
__Lpa_nodes                              pa_nodes     000000
__Lparam                                 rparam       000000
__Lpowerup                               powerup      0002BA
__Lram                                   ram          000000
__Lramtop                                ramtop       000600
__Lrbit                                  rbit         000000
__Lrbss                                  rbss         000000
__Lrdata                                 rdata        000000
__Lreset_vec                             reset_vec    000000
__Lrparam                                rparam       000000
__Lsfr                                   sfr          000000
__Lsmallconst                            smallconst   000600
__Lstruct                                struct       000000
__Ltemp                                  temp         000000
__Ltext                                  text         000000
__Ltext0                                 text0        000000
__Ltext1                                 text1        000000
__Ltext10                                text10       000000
__Ltext101                               text101      000000
__Ltext102                               text102      000000
__Ltext103                               text103      000000
__Ltext11                                text11       000000
__Ltext12                                text12       000000
__Ltext13                                text13       000000
__Ltext14                                text14       000000
__Ltext15                                text15       000000
__Ltext16                                text16       000000
__Ltext17                                text17       000000
__Ltext18                                text18       000000
__Ltext19                                text19       000000
__Ltext2                                 text2        000000
__Ltext20                                text20       000000
__Ltext21                                text21       000000
__Ltext22                                text22       000000
__Ltext23                                text23       000000
__Ltext24                                text24       000000
__Ltext25                                text25       000000
__Ltext26                                text26       000000
__Ltext27                                text27       000000
__Ltext28                                text28       000000
__Ltext29                                text29       000000
__Ltext3                                 text3        000000
__Ltext30                                text30       000000
__Ltext31                                text31       000000
__Ltext32                                text32       000000
__Ltext33                                text33       000000
__Ltext34                                text34       000000
__Ltext35                                text35       000000
__Ltext36                                text36       000000
__Ltext37                                text37       000000
__Ltext38                                text38       000000
__Ltext39                                text39       000000
__Ltext4                                 text4        000000
__Ltext40                                text40       000000
__Ltext41                                text41       000000
__Ltext42                                text42       000000
__Ltext43                                text43       000000
__Ltext44                                text44       000000
__Ltext45                                text45       000000
__Ltext46                                text46       000000
__Ltext47                                text47       000000
__Ltext48                                text48       000000
__Ltext49                                text49       000000
__Ltext5                                 text5        000000
__Ltext50                                text50       000000
__Ltext51                                text51       000000
__Ltext52                                text52       000000
__Ltext53                                text53       000000
__Ltext54                                text54       000000
__Ltext55                                text55       000000
__Ltext56                                text56       000000
__Ltext57                                text57       000000
__Ltext58                                text58       000000
__Ltext59                                text59       000000
__Ltext6                                 text6        000000
__Ltext60                                text60       000000
__Ltext61                                text61       000000
__Ltext62                                text62       000000
__Ltext63                                text63       000000
__Ltext64                                text64       000000
__Ltext65                                text65       000000
__Ltext66                                text66       000000
__Ltext67                                text67       000000
__Ltext68                                text68       000000
__Ltext69                                text69       000000
__Ltext7                                 text7        000000
__Ltext70                                text70       000000
__Ltext71                                text71       000000
__Ltext72                                text72       000000
__Ltext73                                text73       000000
__Ltext74                                text74       000000
__Ltext75                                text75       000000
__Ltext76                                text76       000000
__Ltext77                                text77       000000
__Ltext78                                text78       000000
__Ltext79                                text79       000000
__Ltext8                                 text8        000000
__Ltext80                                text80       000000
__Ltext81                                text81       000000
__Ltext82                                text82       000000
__Ltext83                                text83       000000
__Ltext84                                text84       000000
__Ltext85                                text85       000000
__Ltext86                                text86       000000
__Ltext87                                text87       000000
__Ltext88                                text88       000000
__Ltext89                                text89       000000
__Ltext9                                 text9        000000
__Ltext90                                text90       000000
__Ltext91                                text91       000000
__Ltext92                                text92       000000
__Ltext93                                text93       000000
__Ltext94                                text94       000000
__Ltext95                                text95       000000
__Ltext96                                text96       000000
__Ltext97                                text97       000000
__Ltext98                                text98       000000
__Ltext99                                text99       000000
__RegsToCANID                            text78       003DF6
__RegsToCANID@Value                      cstackCOMRAM 000014
__RegsToCANID@ptr                        cstackCOMRAM 00000E
__RegsToCANID@type                       cstackCOMRAM 000011
__RegsToCANID@val                        cstackCOMRAM 000010
__S0                                     (abs)        30000E
__S1                                     (abs)        00055E
___aldiv                                 text5        0044D4
___aldiv@counter                         cstackBANK0  000084
___aldiv@dividend                        cstackBANK0  00007C
___aldiv@divisor                         cstackBANK0  000080
___aldiv@quotient                        cstackBANK0  000086
___aldiv@sign                            cstackBANK0  000085
___altofl                                text16       005090
___altofl@c                              cstackBANK0  00008A
___altofl@sign                           cstackBANK0  00008E
___asfladd                               text4        005046
___asfladd@f1p                           cstackCOMRAM 00002C
___asfladd@f2                            cstackCOMRAM 00002E
___asfldiv                               text3        004FFC
___asfldiv@f1p                           cstackBANK0  000060
___asfldiv@f2                            cstackBANK0  000062
___asflmul                               text19       004FB0
___asflmul@mp                            cstackCOMRAM 000042
___asflmul@multiplicand                  cstackBANK0  000076
___asflsub                               text17       004F16
___asflsub@f1p                           cstackBANK0  00007E
___asflsub@f2                            cstackBANK0  000080
___awtofl                                text96       0052D8
___awtofl@c                              cstackCOMRAM 000018
___awtofl@sign                           cstackCOMRAM 00001E
___fladd                                 text31       003B72
___fladd@exp1                            cstackCOMRAM 00002B
___fladd@exp2                            cstackCOMRAM 00002A
___fladd@f1                              cstackCOMRAM 00001D
___fladd@f2                              cstackCOMRAM 000021
___fladd@sign                            cstackCOMRAM 000029
___fldiv                                 text20       004866
___fldiv@cntr                            cstackCOMRAM 00003F
___fldiv@exp                             cstackCOMRAM 000040
___fldiv@f1                              cstackCOMRAM 00002C
___fldiv@f2                              cstackCOMRAM 000030
___fldiv@f3                              cstackCOMRAM 00003B
___fldiv@sign                            cstackCOMRAM 000041
___flge                                  text15       004F64
___flge@ff1                              cstackCOMRAM 00000E
___flge@ff2                              cstackCOMRAM 000012
___flmul                                 text97       004350
___flmul@cntr                            cstackBANK0  000074
___flmul@exp                             cstackBANK0  00006F
___flmul@f1                              cstackBANK0  000060
___flmul@f2                              cstackBANK0  000064
___flmul@f3_as_product                   cstackBANK0  000070
___flmul@sign                            cstackBANK0  000075
___flneg                                 text9        00554E
___flneg@f1                              cstackCOMRAM 00000E
___flpack                                text98       004590
___flpack@arg                            cstackCOMRAM 00000E
___flpack@exp                            cstackCOMRAM 000012
___flpack@sign                           cstackCOMRAM 000013
___flsub                                 text18       005226
___flsub@f1                              cstackBANK0  000076
___flsub@f2                              cstackBANK0  00007A
___fltol                                 text13       004A52
___fltol@exp1                            cstackBANK0  00007B
___fltol@f1                              cstackBANK0  000076
___fltol@sign1                           cstackBANK0  00007A
___lbmod                                 text34       0054B4
___lbmod@counter                         cstackCOMRAM 000010
___lbmod@dividend                        cstackCOMRAM 00000F
___lbmod@divisor                         cstackCOMRAM 00000E
___lbmod@rem                             cstackCOMRAM 000011
___lwtofl                                text2        005436
___lwtofl@c                              cstackCOMRAM 000018
___wmul                                  text43       00537A
___wmul@multiplicand                     cstackCOMRAM 000010
___wmul@multiplier                       cstackCOMRAM 00000E
___wmul@product                          cstackCOMRAM 000014
__accesstop                              (abs)        000060
__activetblptr                           (abs)        000002
__end_ofPL10                             text25       002F60
__end_ofPL12                             text25       002F76
__end_ofPL14                             text25       002F86
__end_ofPL16                             text73       004214
__end_ofPL18                             text78       003EC8
__end_ofPL2                              text25       002EFE
__end_ofPL20                             text25       002F94
__end_ofPL22                             text25       002FAE
__end_ofPL24                             text73       004224
__end_ofPL26                             text73       004236
__end_ofPL28                             text25       002FC6
__end_ofPL30                             text33       002A2C
__end_ofPL32                             text78       003EDA
__end_ofPL34                             text78       003EEE
__end_ofPL36                             text25       002FDA
__end_ofPL38                             text73       00424A
__end_ofPL4                              text25       002F1C
__end_ofPL40                             text25       002FEE
__end_ofPL42                             text45       003A00
__end_ofPL44                             text78       003F02
__end_ofPL46                             text33       002A40
__end_ofPL48                             text11       0047B6
__end_ofPL50                             text25       003002
__end_ofPL52                             text78       003F14
__end_ofPL54                             text25       003014
__end_ofPL56                             text1        003480
__end_ofPL58                             text31       003CC8
__end_ofPL6                              text25       002F38
__end_ofPL60                             text41       00150E
__end_ofPL62                             text97       004408
__end_ofPL64                             text43       0053AC
__end_ofPL66                             text97       004416
__end_ofPL68                             text28       004D7C
__end_ofPL70                             text33       002A4E
__end_ofPL72                             text25       003022
__end_ofPL74                             text77       003688
__end_ofPL76                             text25       003030
__end_ofPL78                             text73       004254
__end_ofPL8                              text25       002F46
__end_ofPL80                             text45       003A0C
__end_ofPL82                             text98       00464C
__end_ofPL84                             text25       003038
__end_ofPL86                             text25       00303E
__end_ofPL88                             text33       002A58
__end_ofPL90                             text25       003046
__end_of_Busy_eep                        text87       005794
__end_of_Celsius2Fahrenheit              text30       004E66
__end_of_Celsius2Kelvin                  text32       005346
__end_of_ConvertADC                      text94       0057A0
__end_of_ECANInitialize                  text89       004B86
__end_of_ECANReceiveMessage              text77       00367A
__end_of_ECANSendMessage                 text72       003B72
__end_of_ECANSetOperationMode            text90       0056CC
__end_of_OpenADC                         text91       004EC2
__end_of_OpenTimer0                      text92       005630
__end_of_Read_b_eep                      text62       005730
__end_of_WriteTimer0                     text95       005742
__end_of_Write_b_eep                     text86       00537A
__end_of__CANIDToRegs                    text73       004200
__end_of__ECANPointBuffer                text79       004DF2
__end_of__RegsToCANID                    text78       003EBA
__end_of___aldiv                         text5        004590
__end_of___altofl                        text16       0050D8
__end_of___asfladd                       text4        005090
__end_of___asfldiv                       text3        005046
__end_of___asflmul                       text19       004FFC
__end_of___asflsub                       text17       004F64
__end_of___awtofl                        text96       005312
__end_of___fladd                         text31       003CB6
__end_of___fldiv                         text20       00490E
__end_of___flge                          text15       004FB0
__end_of___flmul                         text97       0043F8
__end_of___flneg                         text9        005572
__end_of___flpack                        text98       004640
__end_of___flsub                         text18       005262
__end_of___fltol                         text13       004AF0
__end_of___lbmod                         text34       0054DC
__end_of___lwtofl                        text2        005460
__end_of___wmul                          text43       00539C
__end_of__initialization                 cinit        0051A0
__end_of_doOneSecondWork                 text25       002EF0
__end_of_doWork                          text1        00346E
__end_of_eval_poly                       text11       0047A2
__end_of_exp                             text8        00386C
__end_of_floor                           text12       004350
__end_of_frexp                           text14       004C0C
__end_of_getCANFrame                     text76       005436
__end_of_getCalibrationValue             text6        0051E8
__end_of_getVSCPFrame                    text75       004D06
__end_of_handle_sync                     text27       004C8E
__end_of_init                            text88       00529E
__end_of_init_app_eeprom                 text82       00242A
__end_of_init_app_ram                    text93       005226
__end_of_interrupt_at_low_vector         intcodelo    0002BA
__end_of_ldexp                           text10       0049B2
__end_of_log                             text7        003DF6
__end_of_main                            text0        00402C
__end_of_sendCANFrame                    text71       005168
__end_of_sendTempEvent                   text28       004D6E
__end_of_sendVSCPFrame                   text70       004702
__end_of_setEventData                    text29       004866
__end_of_vscp_check_pstorage             text80       0052D8
__end_of_vscp_deviceURL                  smallconst   000620
__end_of_vscp_doOneSecondWork            text21       004F16
__end_of_vscp_error                      text26       005798
__end_of_vscp_getBootLoaderAlgorithm     text50       0057AA
__end_of_vscp_getBufferSize              text49       0057A8
__end_of_vscp_getControlByte             text83       0055D6
__end_of_vscp_getEvent                   text74       0054B4
__end_of_vscp_getFamilyCode              text47       00577C
__end_of_vscp_getFamilyType              text46       005772
__end_of_vscp_getGUID                    text54       00571E
__end_of_vscp_getMDF_URL                 text53       0056B4
__end_of_vscp_getMajorVersion            text57       0057B0
__end_of_vscp_getManufacturerId          text51       0056F6
__end_of_vscp_getMatrixInfo              text66       00569C
__end_of_vscp_getMinorVersion            text56       0057AE
__end_of_vscp_getRegisterPagesUsed       text48       0057A6
__end_of_vscp_getSubMinorVersion         text55       0057AC
__end_of_vscp_getSubzone                 text23       00575E
__end_of_vscp_getUserID                  text52       00570A
__end_of_vscp_getZone                    text24       005768
__end_of_vscp_goActiveState              text68       005612
__end_of_vscp_goBootloaderMode           text65       0055B6
__end_of_vscp_handleDropNickname         text59       0053DC
__end_of_vscp_handleHeartbeat            text64       0057B2
__end_of_vscp_handleProbeState           text67       0044D4
__end_of_vscp_handleProtocolEvent        text33       002A14
__end_of_vscp_handleSetNickname          text63       0055F4
__end_of_vscp_init                       text60       005120
__end_of_vscp_init_pstorage              text81       00579C
__end_of_vscp_newNodeOnline              text58       00548A
__end_of_vscp_readAppReg                 text99       001CBA
__end_of_vscp_readNicknamePermanent      text61       005786
__end_of_vscp_readRegister               text44       005682
__end_of_vscp_readStdReg                 text45       0039EC
__end_of_vscp_restoreDefaults            text37       00578E
__end_of_vscp_sendEvent                  text69       00540A
__end_of_vscp_sendHeartBeat              text22       005502
__end_of_vscp_setControlByte             text84       00554E
__end_of_vscp_setGUID                    text40       005528
__end_of_vscp_setManufacturerId          text38       00564C
__end_of_vscp_setUserID                  text39       005668
__end_of_vscp_writeAppReg                text41       0014FE
__end_of_vscp_writeNicknamePermanent     text85       0056E2
__end_of_vscp_writeRegister              text35       005594
__end_of_vscp_writeStdReg                text36       004140
__end_of_writeCoeffs2Ram                 text42       004A52
__end_ofexp@coeff                        smallconst   000648
__end_ofi1_ConvertADC                    text102      0057A4
__end_ofi1_WriteTimer0                   text101      005754
__end_oflog@coeff                        smallconst   00066C
__initialization                         cinit        005168
__mediumconst                            mediumconst  000000
__pbssBANK0                              bssBANK0     0000B6
__pbssBANK1                              bssBANK1     000100
__pbssBIGRAM                             bssBIGRAM    00019E
__pbssCOMRAM                             bssCOMRAM    000046
__pcinit                                 cinit        005168
__pcstackBANK0                           cstackBANK0  000060
__pcstackBANK1                           cstackBANK1  00016A
__pcstackCOMRAM                          cstackCOMRAM 000001
__pintcodelo                             intcodelo    000018
__psmallconst                            smallconst   000600
__ptext0                                 text0        003F14
__ptext1                                 text1        003046
__ptext10                                text10       00490E
__ptext101                               text101      005742
__ptext102                               text102      0057A0
__ptext103                               text103      000000
__ptext11                                text11       004702
__ptext12                                text12       004254
__ptext13                                text13       004A52
__ptext14                                text14       004B86
__ptext15                                text15       004F64
__ptext16                                text16       005090
__ptext17                                text17       004F16
__ptext18                                text18       005226
__ptext19                                text19       004FB0
__ptext2                                 text2        005436
__ptext20                                text20       004866
__ptext21                                text21       004EC2
__ptext22                                text22       0054DC
__ptext23                                text23       005754
__ptext24                                text24       00575E
__ptext25                                text25       002A58
__ptext26                                text26       005794
__ptext27                                text27       004C0C
__ptext28                                text28       004D06
__ptext29                                text29       0047B6
__ptext3                                 text3        004FFC
__ptext30                                text30       004DF2
__ptext31                                text31       003B72
__ptext32                                text32       005312
__ptext33                                text33       00242A
__ptext34                                text34       0054B4
__ptext35                                text35       005572
__ptext36                                text36       00402C
__ptext37                                text37       005786
__ptext38                                text38       005630
__ptext39                                text39       00564C
__ptext4                                 text4        005046
__ptext40                                text40       005502
__ptext41                                text41       00066E
__ptext42                                text42       0049B2
__ptext43                                text43       00537A
__ptext44                                text44       005668
__ptext45                                text45       00386C
__ptext46                                text46       005768
__ptext47                                text47       005772
__ptext48                                text48       0057A4
__ptext49                                text49       0057A6
__ptext5                                 text5        0044D4
__ptext50                                text50       0057A8
__ptext51                                text51       0056E2
__ptext52                                text52       0056F6
__ptext53                                text53       00569C
__ptext54                                text54       00570A
__ptext55                                text55       0057AA
__ptext56                                text56       0057AC
__ptext57                                text57       0057AE
__ptext58                                text58       005460
__ptext59                                text59       0053AC
__ptext6                                 text6        0051AA
__ptext60                                text60       0050D8
__ptext61                                text61       00577C
__ptext62                                text62       00571E
__ptext63                                text63       0055D6
__ptext64                                text64       0057B0
__ptext65                                text65       005594
__ptext66                                text66       005682
__ptext67                                text67       004416
__ptext68                                text68       0055F4
__ptext69                                text69       0053DC
__ptext7                                 text7        003CC8
__ptext70                                text70       00464C
[...]
		None               void
 Registers used:
		None
 Tracked objects:
		On entry : 
		On exit  : 
		Unchanged: 
 Data sizes:     COMRAM   BANK0   BANK1   BANK2   BANK3   BANK4   BANK5
      Params:         2       0       0       0       0       0       0
      Locals:         2       0       0       0       0       0       0
      Temps:          0       0       0       0       0       0       0
      Totals:         4       0       0       0       0       0       0
Total ram usage:        4 bytes
 Hardware stack levels used:    1
 Hardware stack levels required when called:    2
 This function calls:
		Nothing
 This function is called by:
		_init
 This function uses a non-reentrant model


 *************** function ___awtofl *****************
 Defined at:
		line 32 in file "/opt/microchip/xc8/v1.21/sources/common/awtofl.c"
 Parameters:    Size  Location     Type
  c               2   23[COMRAM] int 
 Auto vars:     Size  Location     Type
  f1              4    0        int 
  sign            1   29[COMRAM] unsigned char 
 Return value:  Size  Location     Type
                  4   23[COMRAM] unsigned char 
 Registers used:
		wreg, status,2, status,0, cstack
 Tracked objects:
		On entry : 
		On exit  : 
		Unchanged: 
 Data sizes:     COMRAM   BANK0   BANK1   BANK2   BANK3   BANK4   BANK5
      Params:         4       0       0       0       0       0       0
      Locals:         3       0       0       0       0       0       0
      Temps:          0       0       0       0       0       0       0
      Totals:         7       0       0       0       0       0       0
Total ram usage:        7 bytes
 Hardware stack levels used:    1
 Hardware stack levels required when called:    3
 This function calls:
		___flpack
 This function is called by:
		_setEventData
		_exp
		_log
 This function uses a non-reentrant model


 *************** function ___flmul *****************
 Defined at:
		line 51 in file "/opt/microchip/xc8/v1.21/sources/common/flmul.c"
 Parameters:    Size  Location     Type
  f1              4    0[BANK0 ] unsigned char 
  f2              4    4[BANK0 ] unsigned char 
 Auto vars:     Size  Location     Type
  f3_as_produc    4   16[BANK0 ] unsigned long 
  sign            1   21[BANK0 ] unsigned char 
  cntr            1   20[BANK0 ] unsigned char 
  exp             1   15[BANK0 ] unsigned char 
 Return value:  Size  Location     Type
                  4    0[BANK0 ] unsigned char 
 Registers used:
		wreg, status,2, status,0, cstack
 Tracked objects:
		On entry : 
		On exit  : 
		Unchanged: 
 Data sizes:     COMRAM   BANK0   BANK1   BANK2   BANK3   BANK4   BANK5
      Params:         0       8       0       0       0       0       0
      Locals:         0      14       0       0       0       0       0
      Temps:          0       0       0       0       0       0       0
      Totals:         0      22       0       0       0       0       0
Total ram usage:       22 bytes
 Hardware stack levels used:    1
 Hardware stack levels required when called:    3
 This function calls:
		___flpack
 This function is called by:
		_doWork
		_Celsius2Fahrenheit
		___asflmul
		_log
		_eval_poly
 This function uses a non-reentrant model


 *************** function ___flpack *****************
 Defined at:
		line 64 in file "/opt/microchip/xc8/v1.21/sources/common/double.c"
 Parameters:    Size  Location     Type
  arg             4   13[COMRAM] unsigned long 
  exp             1   17[COMRAM] unsigned char 
  sign            1   18[COMRAM] unsigned char 
 Auto vars:     Size  Location     Type
		None
 Return value:  Size  Location     Type
                  4   13[COMRAM] unsigned char 
 Registers used:
		wreg, status,2, status,0
 Tracked objects:
		On entry : 
		On exit  : 
		Unchanged: 
 Data sizes:     COMRAM   BANK0   BANK1   BANK2   BANK3   BANK4   BANK5
      Params:         6       0       0       0       0       0       0
      Locals:         0       0       0       0       0       0       0
      Temps:          4       0       0       0       0       0       0
      Totals:        10       0       0       0       0       0       0
Total ram usage:       10 bytes
 Hardware stack levels used:    1
 Hardware stack levels required when called:    2
 This function calls:
		Nothing
 This function is called by:
		___altofl
		___awtofl
		___fladd
		___fldiv
		___flmul
		___lwtofl
 This function uses a non-reentrant model


 *************** function _vscp_readAppReg *****************
 Defined at:
		line 1327 in file "../main.c"
 Parameters:    Size  Location     Type
  reg             1    wreg     unsigned char 
 Auto vars:     Size  Location     Type
  reg             1   24[COMRAM] unsigned char 
  pos             1   23[COMRAM] unsigned char 
  rv              1   25[COMRAM] unsigned char 
 Return value:  Size  Location     Type
                  1    wreg      unsigned char 
 Registers used:
		wreg, fsr2l, fsr2h, status,2, status,0, cstack
 Tracked objects:
		On entry : 
		On exit  : 
		Unchanged: 
 Data sizes:     COMRAM   BANK0   BANK1   BANK2   BANK3   BANK4   BANK5
      Params:         0       0       0       0       0       0       0
      Locals:         3       0       0       0       0       0       0
      Temps:          0       0       0       0       0       0       0
      Totals:         3       0       0       0       0       0       0
Total ram usage:        3 bytes
 Hardware stack levels used:    1
 Hardware stack levels required when called:    3
 This function calls:
		_Read_b_eep
 This function is called by:
		_vscp_readRegister
		_vscp_handleProtocolEvent
 This function uses a non-reentrant model


 *************** function _interrupt_at_low_vector *****************
 Defined at:
		line 166 in file "../main.c"
 Parameters:    Size  Location     Type
		None
 Auto vars:     Size  Location     Type
		None
 Return value:  Size  Location     Type
		None               void
 Registers used:
		wreg, fsr2l, fsr2h, status,2, status,0, prodl, prodh, cstack
 Tracked objects:
		On entry : 
		On exit  : 
		Unchanged: 
 Data sizes:     COMRAM   BANK0   BANK1   BANK2   BANK3   BANK4   BANK5
      Params:         0       0       0       0       0       0       0
      Locals:         0       0       0       0       0       0       0
      Temps:          9       0       0       0       0       0       0
      Totals:         9       0       0       0       0       0       0
Total ram usage:        9 bytes
 Hardware stack levels used:    1
 Hardware stack levels required when called:    1
 This function calls:
		i1_ConvertADC
		i1_WriteTimer0
 This function is called by:
		Interrupt level 1
 This function uses a non-reentrant model


 *************** function i1_WriteTimer0 *****************
 Defined at:
		line 17 in file "/opt/microchip/xc8/v1.21/sources/pic18/plib/Timers/t0write.c"
 Parameters:    Size  Location     Type
  timer0          2    0[COMRAM] unsigned int 
 Auto vars:     Size  Location     Type
  WriteTimer0     2    2[COMRAM] struct Timers
 Return value:  Size  Location     Type
		None               void
 Registers used:
		None
 Tracked objects:
		On entry : 
		On exit  : 
		Unchanged: 
 Data sizes:     COMRAM   BANK0   BANK1   BANK2   BANK3   BANK4   BANK5
      Params:         2       0       0       0       0       0       0
      Locals:         2       0       0       0       0       0       0
      Temps:          0       0       0       0       0       0       0
      Totals:         4       0       0       0       0       0       0
Total ram usage:        4 bytes
 Hardware stack levels used:    1
 This function calls:
		Nothing
 This function is called by:
		_interrupt_at_low_vector
 This function uses a non-reentrant model


 *************** function i1_ConvertADC *****************
 Defined at:
		line 23 in file "/opt/microchip/xc8/v1.21/sources/pic18/plib/ADC/adcconv.c"
 Parameters:    Size  Location     Type
		None
 Auto vars:     Size  Location     Type
		None
 Return value:  Size  Location     Type
		None               void
 Registers used:
		None
 Tracked objects:
		On entry : 
		On exit  : 
		Unchanged: 
 Data sizes:     COMRAM   BANK0   BANK1   BANK2   BANK3   BANK4   BANK5
      Params:         0       0       0       0       0       0       0
      Locals:         0       0       0       0       0       0       0
      Temps:          0       0       0       0       0       0       0
      Totals:         0       0       0       0       0       0       0
Total ram usage:        0 bytes
 Hardware stack levels used:    1
 This function calls:
		Nothing
 This function is called by:
		_interrupt_at_low_vector
 This function uses a non-reentrant model



MODULE INFORMATION

Module		Function		Class		Link	Load	Size
/opt/microchip/xc8/v1.21/sources/pic18/asfladd.c
		___asfladd     		CODE           	5046	0000	74

/opt/microchip/xc8/v1.21/sources/pic18/asfladd.c estimated size: 74

/opt/microchip/xc8/v1.21/sources/common/double.c
		___flpack      		CODE           	4590	0000	176

/opt/microchip/xc8/v1.21/sources/common/double.c estimated size: 176

/opt/microchip/xc8/v1.21/sources/common/exp.c
		_exp           		CODE           	3688	0000	484

/opt/microchip/xc8/v1.21/sources/common/exp.c estimated size: 484

../main.c
		_vscp_getBootLo		CODE           	57A8	0000	2
		_vscp_getZone  		CODE           	575E	0000	10
		_vscp_getContro		CODE           	55B6	0000	32
		_init          		CODE           	5262	0000	60
		_vscp_setManufa		CODE           	5630	0000	28
		_vscp_setGUID  		CODE           	5502	0000	38
		_sendTempEvent 		CODE           	4D06	0000	104
		_getVSCPFrame  		CODE           	4C8E	0000	120
		_vscp_setContro		CODE           	5528	0000	38
		_vscp_getUserID		CODE           	56F6	0000	20
		_setEventData  		CODE           	47B6	0000	176
		_doWork        		CODE           	3046	0000	1064
		_getCalibration		CODE           	51AA	0000	62
		_vscp_init_psto		CODE           	5798	0000	4
		_vscp_restoreDe		CODE           	5786	0000	8
		_vscp_readAppRe		CODE           	150E	0000	1964
		_vscp_getFamily		CODE           	5772	0000	10
		_vscp_setUserID		CODE           	564C	0000	28
		_getCANFrame   		CODE           	540A	0000	44
		_main          		CODE           	3F14	0000	280
		_handle_sync   		CODE           	4C0C	0000	130
		_vscp_getRegist		CODE           	57A4	0000	2
		_doOneSecondWor		CODE           	2A58	0000	1176
		_sendVSCPFrame 		CODE           	464C	0000	182
		_vscp_getMDF_UR		CODE           	569C	0000	24
		_init_app_eepro		CODE           	1CBA	0000	1904
		_sendCANFrame  		CODE           	5120	0000	72
		_vscp_writeAppR		CODE           	066E	0000	3728
		_vscp_getFamily		CODE           	5768	0000	10
		_vscp_getBuffer		CODE           	57A6	0000	2
		_vscp_getSubzon		CODE           	5754	0000	10
		_vscp_getMatrix		CODE           	5682	0000	26
		_vscp_goBootloa		CODE           	5594	0000	34
		_writeCoeffs2Ra		CODE           	49B2	0000	160
		_vscp_readNickn		CODE           	577C	0000	10
		_interrupt_at_l		CODE           	0018	0000	674
		_vscp_getMajorV		CODE           	57AE	0000	2
		_vscp_getMinorV		CODE           	57AC	0000	2
		_vscp_writeNick		CODE           	56CC	0000	22
		_init_app_ram  		CODE           	51E8	0000	62
		_vscp_getManufa		CODE           	56E2	0000	20
		_vscp_getSubMin		CODE           	57AA	0000	2
		_vscp_getGUID  		CODE           	570A	0000	20

../main.c estimated size: 12366

/opt/microchip/xc8/v1.21/sources/pic18/plib/ADC/adcopen.c
		_OpenADC       		CODE           	4E66	0000	92

/opt/microchip/xc8/v1.21/sources/pic18/plib/ADC/adcopen.c estimated size: 92

/opt/microchip/xc8/v1.21/sources/common/log.c
		_log           		CODE           	3CC8	0000	302

/opt/microchip/xc8/v1.21/sources/common/log.c estimated size: 302

/opt/microchip/xc8/v1.21/sources/common/fladd.c
		___fladd       		CODE           	3B72	0000	324

/opt/microchip/xc8/v1.21/sources/common/fladd.c estimated size: 324

/opt/microchip/xc8/v1.21/sources/pic18/plib/EEP/write_B.c
		_Write_b_eep   		CODE           	5346	0000	52

/opt/microchip/xc8/v1.21/sources/pic18/plib/EEP/write_B.c estimated size: 52

/opt/microchip/xc8/v1.21/sources/pic18/plib/EEP/busy_eep.c
		_Busy_eep      		CODE           	578E	0000	6

/opt/microchip/xc8/v1.21/sources/pic18/plib/EEP/busy_eep.c estimated size: 6

../ECAN.c
		_ECANReceiveMes		CODE           	3480	0000	506
		__RegsToCANID  		CODE           	3DF6	0000	196
		__ECANPointBuff		CODE           	4D7C	0000	118
		_ECANInitialize		CODE           	4AF0	0000	150
		__CANIDToRegs  		CODE           	4140	0000	192
		_ECANSetOperati		CODE           	56B4	0000	24
		_ECANSendMessag		CODE           	3A0C	0000	358

../ECAN.c estimated size: 1544

shared
		PL12           		CODE           	2F60	0000	22
		PL50           		CODE           	2FEE	0000	20
		PL8            		CODE           	2F38	0000	14
		PL22           		CODE           	2F94	0000	26
		PL60           		CODE           	14FE	0000	16
		PL32           		CODE           	3EC8	0000	18
		PL70           		CODE           	2A40	0000	14
		PL42           		CODE           	39EC	0000	20
		PL80           		CODE           	3A00	0000	12
		exp@coeff      		SMALLCONST     	0620	0000	40
		PL14           		CODE           	2F76	0000	16
		PL52           		CODE           	3F02	0000	18
		PL90           		CODE           	303E	0000	8
		PL24           		CODE           	4214	0000	16
		PL62           		CODE           	43F8	0000	16
		PL34           		CODE           	3EDA	0000	20
		PL72           		CODE           	3014	0000	14
		_vscp_deviceURL		SMALLCONST     	0600	0000	32
		PL44           		CODE           	3EEE	0000	20
		PL82           		CODE           	4640	0000	12
		i1_ConvertADC  		CODE           	57A0	0000	4
		PL16           		CODE           	4200	0000	20
		PL54           		CODE           	3002	0000	18
		PL26           		CODE           	4224	0000	18
		PL64           		CODE           	539C	0000	16
		PL36           		CODE           	2FC6	0000	20
		PL74           		CODE           	367A	0000	14
		PL46           		CODE           	2A2C	0000	20
		PL84           		CODE           	3030	0000	8
		PL18           		CODE           	3EBA	0000	14
		PL56           		CODE           	346E	0000	18
		PL28           		CODE           	2FAE	0000	24
		PL66           		CODE           	4408	0000	14
		PL38           		CODE           	4236	0000	20
		PL76           		CODE           	3022	0000	14
		PL48           		CODE           	47A2	0000	20
		PL86           		CODE           	3038	0000	6
		PL58           		CODE           	3CB6	0000	18
		PL68           		CODE           	4D6E	0000	14
		PL78           		CODE           	424A	0000	10
		PL88           		CODE           	2A4E	0000	10
		__initializatio		CODE           	5168	0000	56
		i1_WriteTimer0 		CODE           	5742	0000	18
		log@coeff      		SMALLCONST     	0648	0000	36
		PL2            		CODE           	2EF0	0000	14
		PL10           		CODE           	2F46	0000	26
		PL4            		CODE           	2EFE	0000	30
		PL20           		CODE           	2F86	0000	14
		PL30           		CODE           	2A14	0000	24
		PL6            		CODE           	2F1C	0000	28
		PL40           		CODE           	2FDA	0000	20

shared estimated size: 960

../ntc.c
		_Celsius2Kelvin		CODE           	5312	0000	52
		_Celsius2Fahren		CODE           	4DF2	0000	116

../ntc.c estimated size: 168

../../vscp_firmware/common/vscp_firmware.c
		_vscp_getEvent 		CODE           	548A	0000	42
		_vscp_handleHea		CODE           	57B0	0000	2
		_vscp_readRegis		CODE           	5668	0000	26
		_vscp_writeRegi		CODE           	5572	0000	34
		_vscp_error    		CODE           	5794	0000	4
		_vscp_readStdRe		CODE           	386C	0000	384
		_vscp_goActiveS		CODE           	55F4	0000	30
		_vscp_doOneSeco		CODE           	4EC2	0000	84
		_vscp_sendEvent		CODE           	53DC	0000	46
		_vscp_check_pst		CODE           	529E	0000	58
		_vscp_writeStdR		CODE           	402C	0000	276
		_vscp_handlePro		CODE           	242A	0000	1514
		_vscp_handleDro		CODE           	53AC	0000	48
		_vscp_handleSet		CODE           	55D6	0000	30
		_vscp_handlePro		CODE           	4416	0000	190
		_vscp_sendHeart		CODE           	54DC	0000	38
		_vscp_newNodeOn		CODE           	5460	0000	42
		_vscp_init     		CODE           	50D8	0000	72

../../vscp_firmware/common/vscp_firmware.c estimated size: 2920

/opt/microchip/xc8/v1.21/sources/common/frexp.c
		_ldexp         		CODE           	490E	0000	164
		_frexp         		CODE           	4B86	0000	134

/opt/microchip/xc8/v1.21/sources/common/frexp.c estimated size: 298

/opt/microchip/xc8/v1.21/sources/common/altofl.c
		___altofl      		CODE           	5090	0000	72

/opt/microchip/xc8/v1.21/sources/common/altofl.c estimated size: 72

/opt/microchip/xc8/v1.21/sources/pic18/plib/ADC/adcconv.c
		_ConvertADC    		CODE           	579C	0000	4

/opt/microchip/xc8/v1.21/sources/pic18/plib/ADC/adcconv.c estimated size: 4

/opt/microchip/xc8/v1.21/sources/common/awtofl.c
		___awtofl      		CODE           	52D8	0000	58

/opt/microchip/xc8/v1.21/sources/common/awtofl.c estimated size: 58

/opt/microchip/xc8/v1.21/sources/common/lbmod.c
		___lbmod       		CODE           	54B4	0000	40

/opt/microchip/xc8/v1.21/sources/common/lbmod.c estimated size: 40

/opt/microchip/xc8/v1.21/sources/pic18/asfldiv.c
		___asfldiv     		CODE           	4FFC	0000	74

/opt/microchip/xc8/v1.21/sources/pic18/asfldiv.c estimated size: 74

/opt/microchip/xc8/v1.21/sources/common/evalpoly.c
		_eval_poly     		CODE           	4702	0000	160

/opt/microchip/xc8/v1.21/sources/common/evalpoly.c estimated size: 160

/opt/microchip/xc8/v1.21/sources/pic18/asflsub.c
		___asflsub     		CODE           	4F16	0000	78

/opt/microchip/xc8/v1.21/sources/pic18/asflsub.c estimated size: 78

/opt/microchip/xc8/v1.21/sources/common/aldiv.c
		___aldiv       		CODE           	44D4	0000	188

/opt/microchip/xc8/v1.21/sources/common/aldiv.c estimated size: 188

/opt/microchip/xc8/v1.21/sources/common/fldiv.c
		___fldiv       		CODE           	4866	0000	168

/opt/microchip/xc8/v1.21/sources/common/fldiv.c estimated size: 168

/opt/microchip/xc8/v1.21/sources/common/flsub.c
		___flsub       		CODE           	5226	0000	60

/opt/microchip/xc8/v1.21/sources/common/flsub.c estimated size: 60

/opt/microchip/xc8/v1.21/sources/common/lwtofl.c
		___lwtofl      		CODE           	5436	0000	42

/opt/microchip/xc8/v1.21/sources/common/lwtofl.c estimated size: 42

/opt/microchip/xc8/v1.21/sources/pic18/plib/EEP/read_B.c
		_Read_b_eep    		CODE           	571E	0000	18

/opt/microchip/xc8/v1.21/sources/pic18/plib/EEP/read_B.c estimated size: 18

/opt/microchip/xc8/v1.21/sources/pic18/asflmul.c
		___asflmul     		CODE           	4FB0	0000	76

/opt/microchip/xc8/v1.21/sources/pic18/asflmul.c estimated size: 76

/opt/microchip/xc8/v1.21/sources/common/flneg.c
		___flneg       		CODE           	554E	0000	36

/opt/microchip/xc8/v1.21/sources/common/flneg.c estimated size: 36

/opt/microchip/xc8/v1.21/sources/pic18/plib/Timers/t0write.c
		_WriteTimer0   		CODE           	5730	0000	18

/opt/microchip/xc8/v1.21/sources/pic18/plib/Timers/t0write.c estimated size: 18

/opt/microchip/xc8/v1.21/sources/pic18/plib/Timers/t0open.c
		_OpenTimer0    		CODE           	5612	0000	30

/opt/microchip/xc8/v1.21/sources/pic18/plib/Timers/t0open.c estimated size: 30

/opt/microchip/xc8/v1.21/sources/common/flmul.c
		___flmul       		CODE           	4350	0000	168

/opt/microchip/xc8/v1.21/sources/common/flmul.c estimated size: 168

/opt/microchip/xc8/v1.21/sources/common/fltol.c
		___fltol       		CODE           	4A52	0000	158

/opt/microchip/xc8/v1.21/sources/common/fltol.c estimated size: 158

/opt/microchip/xc8/v1.21/sources/common/flge.c
		___flge        		CODE           	4F64	0000	76

/opt/microchip/xc8/v1.21/sources/common/flge.c estimated size: 76

/opt/microchip/xc8/v1.21/sources/common/wmul.c
		___wmul        		CODE           	537A	0000	34

/opt/microchip/xc8/v1.21/sources/common/wmul.c estimated size: 34

/opt/microchip/xc8/v1.21/sources/common/floor.c
		_floor         		CODE           	4254	0000	252

/opt/microchip/xc8/v1.21/sources/common/floor.c estimated size: 252

