Microchip MPLAB XC8 Compiler V1.21 ()

Linker command line:

--edf=/opt/microchip/xc8/v1.21/dat/en_msgs.txt -cs \
  -h+dist/Relocated_2580/production/kelvin_ntc.X.production.sym \
  --cmf=dist/Relocated_2580/production/kelvin_ntc.X.production.cmf -z \
  -Q18F2580 -o/tmp/cgtLfRRSR \
  -Mdist/Relocated_2580/production/kelvin_ntc.X.production.map -E1 -ver=XC8 \
  -ACODE=0800h-07FFFh -ACONST=0800h-07FFFh -ASMALLCONST=0800h-08FFhx120 \
  -AMEDIUMCONST=0800h-07FFFh -ACOMRAM=01h-05Fh -AABS1=00h-05FFh \
  -ABIGRAM=01h-05FFh -ARAM=060h-0FFh,0100h-01FFhx5 -ABANK0=060h-0FFh \
  -ABANK1=0100h-01FFh -ABANK2=0200h-02FFh -ABANK3=0300h-03FFh \
  -ABANK4=0400h-04FFh -ABANK5=0500h-05FFh \
  -ASFR=0D00h-0DFFhx2,0F00h-0F5Fh,0F60h-0FFFh \
  -preset_vec=0800h,intcode,intcodelo=0818h,powerup,init,end_init \
  -pramtop=0600h -psmallconst=SMALLCONST -pmediumconst=MEDIUMCONST \
  -pconst=CONST -AFARRAM=00h-00h -ACONFIG=0300000h-030000Dh -pconfig=CONFIG \
  -AIDLOC=0200000h-0200007h -pidloc=IDLOC -AEEDATA=0F00000h-0F000FFh \
  -peeprom_data=EEDATA \
  -prdata=COMRAM,nvrram=COMRAM,nvbit=COMRAM,rbss=COMRAM,rbit=COMRAM \
  -pfarbss=FARRAM,fardata=FARRAM,nvFARRAM=FARRAM \
  -pintsave_regs=BIGRAM,bigbss=BIGRAM,bigdata=BIGRAM -pbss=RAM \
  -pidata=CODE,irdata=CODE,ibigdata=CODE,ifardata=CODE /tmp/cgtlIEHHu.obj \
  dist/Relocated_2580/production/kelvin_ntc.X.production.obj 

Object code version is 3.11

Machine type is 18F2580

Call graph: (short form)




                Name                               Link     Load   Length Selector   Space Scale
/tmp/cgtlIEHHu.obj
                end_init                            ABA      ABA        4      40C       0
                reset_vec                           800      800        4      400       0
                idloc                            200000   200000        8   200000       0
                config                           300000   300000        E   300000       0
dist/Relocated_2580/production/kelvin_ntc.X.production.obj
                intcodelo                           818      818      2A2      40C       0
                smallconst                          B00      B00       6E      580       0
                text101                            5C3C     5C3C        4      5B7       0
                text100                            5BE4     5BE4       12      5B7       0
                text98                             204E     204E      7AC      5B7       0
                text97                             496E     496E       C0      5B7       0
                text96                             47D8     47D8       D6      5B7       0
                text95                             57D0     57D0       3A      5B7       0
                text94                             5BD2     5BD2       12      5B7       0
                text93                             5C38     5C38        4      5B7       0
                text92                             561E     561E       46      5B7       0
                text91                             5ABE     5ABE       1E      5B7       0
                text90                             531C     531C       5C      5B7       0
                text89                             5B58     5B58       18      5B7       0
                text88                             4F98     4F98       96      5B7       0
                text87                             5720     5720       3C      5B7       0
                text86                             5994     5994       26      5B7       0
                text85                             5BC0     5BC0       12      5B7       0
                text84                             5A22     5A22       22      5B7       0
                text83                             5A44     5A44       20      5B7       0
                text82                             2E4E     2E4E      5C8      5B7       0
                text81                             5C34     5C34        4      5B7       0
                text80                             5796     5796       3A      5B7       0
                text79                             5232     5232       76      5B7       0
                text78                             3F72     3F72      164      5B7       0
                text77                             386A     386A      20E      5B7       0
                text76                             589C     589C       2C      5B7       0
                text75                             51BA     51BA       78      5B7       0
                text74                             591C     591C       2A      5B7       0
                text73                             4236     4236      150      5B7       0
                text72                             3E0C     3E0C      166      5B7       0
                text71                             55D6     55D6       48      5B7       0
                text70                             4BA8     4BA8       B6      5B7       0
                text69                             586E     586E       2E      5B7       0
                text68                             5AA0     5AA0       1E      5B7       0
                text67                             4A2E     4A2E       BE      5B7       0
                text66                             5AF6     5AF6       1A      5B7       0
                text65                             5A82     5A82       1E      5B7       0
                text64                             5C4C     5C4C        2      5B7       0
                text63                             5A64     5A64       1E      5B7       0
                text62                             5BAC     5BAC       14      5B7       0
                text61                             5C1E     5C1E        A      5B7       0
                text60                             558E     558E       48      5B7       0
                text59                             583E     583E       30      5B7       0
                text58                             58F2     58F2       2A      5B7       0
                text57                             5C4A     5C4A        2      5B7       0
                text56                             5C48     5C48        2      5B7       0
                text55                             5C46     5C46        2      5B7       0
                text54                             5B98     5B98       14      5B7       0
                text53                             5B40     5B40       18      5B7       0
                text52                             5B84     5B84       14      5B7       0
                text51                             5B70     5B70       14      5B7       0
                text50                             5C44     5C44        2      5B7       0
                text49                             5C42     5C42        2      5B7       0
                text48                             5C40     5C40        2      5B7       0
                text47                             5C14     5C14        A      5B7       0
                text46                             5C0A     5C0A        A      5B7       0
                text45                             3C5C     3C5C      1B0      5B7       0
                text44                             5ADC     5ADC       1A      5B7       0
                text43                             575C     575C       3A      5B7       0
                text42                             4E5A     4E5A       A0      5B7       0
                text41                              B6E      B6E      D02      5B7       0
                text40                             5A00     5A00       22      5B7       0
                text39                             5B28     5B28       18      5B7       0
                text38                             5B10     5B10       18      5B7       0
                text37                             5C28     5C28        8      5B7       0
                text36                             45C8     45C8      114      5B7       0
                text35                             59DE     59DE       22      5B7       0
                text34                             5946     5946       28      5B7       0
                text33                             27FA     27FA      654      5B7       0
                text32                             580A     580A       34      5B7       0
                text31                             40D6     40D6      160      5B7       0
                text30                             52A8     52A8       74      5B7       0
                text29                             4C5E     4C5E       B0      5B7       0
                text28                             50B4     50B4       84      5B7       0
                text27                             5138     5138       82      5B7       0
                text26                             5C30     5C30        4      5B7       0
                text25                             1870     1870      7DE      5B7       0
                text24                             5C00     5C00        A      5B7       0
                text23                             5BF6     5BF6        A      5B7       0
                text22                             596E     596E       26      5B7       0
                text21                             5378     5378       54      5B7       0
                text20                             4D0E     4D0E       A8      5B7       0
                text19                             5466     5466       4C      5B7       0
                text18                             56E4     56E4       3C      5B7       0
                text17                             53CC     53CC       4E      5B7       0
                text16                             5546     5546       48      5B7       0
                text15                             541A     541A       4C      5B7       0
                text14                             502E     502E       86      5B7       0
                text13                             4EFA     4EFA       9E      5B7       0
                text12                             46DC     46DC       FC      5B7       0
                text11                             48AE     48AE       C0      5B7       0
                text10                             4DB6     4DB6       A4      5B7       0
                text9                              59BA     59BA       24      5B7       0
                text8                              3A78     3A78      1E4      5B7       0
                text7                              4386     4386      12E      5B7       0
                text6                              56A6     56A6       3E      5B7       0
                text5                              4AEC     4AEC       BC      5B7       0
                text4                              54FC     54FC       4A      5B7       0
                text3                              54B2     54B2       4A      5B7       0
                text2                              58C8     58C8       2A      5B7       0
                text1                              3416     3416      454      5B7       0
                text0                              44B4     44B4      114      5B7       0
                cstackCOMRAM                          1        1       45        1       1
                cstackBANK0                          60       60       56       60       1
                cstackBANK1                         16A      16A       34      100       1
                bssBIGRAM                           19E      19E      3C0      19E       1
                bssBANK1                            100      100       6A      100       1
                bssBANK0                             B6       B6       23       60       1
                bssCOMRAM                            46       46        D        1       1
                cinit                              5664     5664       42      5B7       0

TOTAL           Name                               Link     Load   Length     Space
        CLASS   CODE           
                end_init                            ABA      ABA        4         0
                intcodelo                           818      818      2A2         0
                reset_vec                           800      800        4         0
                text101                            5C3C     5C3C        4         0
                text100                            5BE4     5BE4       12         0
                text98                             204E     204E      7AC         0
                text97                             496E     496E       C0         0
                text96                             47D8     47D8       D6         0
                text95                             57D0     57D0       3A         0
                text94                             5BD2     5BD2       12         0
                text93                             5C38     5C38        4         0
                text92                             561E     561E       46         0
                text91                             5ABE     5ABE       1E         0
                text90                             531C     531C       5C         0
                text89                             5B58     5B58       18         0
                text88                             4F98     4F98       96         0
                text87                             5720     5720       3C         0
                text86                             5994     5994       26         0
                text85                             5BC0     5BC0       12         0
                text84                             5A22     5A22       22         0
                text83                             5A44     5A44       20         0
                text82                             2E4E     2E4E      5C8         0
                text81                             5C34     5C34        4         0
                text80                             5796     5796       3A         0
                text79                             5232     5232       76         0
                text78                             3F72     3F72      164         0
                text77                             386A     386A      20E         0
                text76                             589C     589C       2C         0
                text75                             51BA     51BA       78         0
                text74                             591C     591C       2A         0
                text73                             4236     4236      150         0
                text72                             3E0C     3E0C      166         0
                text71                             55D6     55D6       48         0
                text70                             4BA8     4BA8       B6         0
                text69                             586E     586E       2E         0
                text68                             5AA0     5AA0       1E         0
                text67                             4A2E     4A2E       BE         0
                text66                             5AF6     5AF6       1A         0
                text65                             5A82     5A82       1E         0
                text64                             5C4C     5C4C        2         0
                text63                             5A64     5A64       1E         0
                text62                             5BAC     5BAC       14         0
                text61                             5C1E     5C1E        A         0
                text60                             558E     558E       48         0
                text59                             583E     583E       30         0
                text58                             58F2     58F2       2A         0
                text57                             5C4A     5C4A        2         0
                text56                             5C48     5C48        2         0
                text55                             5C46     5C46        2         0
                text54                             5B98     5B98       14         0
                text53                             5B40     5B40       18         0
                text52                             5B84     5B84       14         0
                text51                             5B70     5B70       14         0
                text50                             5C44     5C44        2         0
                text49                             5C42     5C42        2         0
                text48                             5C40     5C40        2         0
                text47                             5C14     5C14        A         0
                text46                             5C0A     5C0A        A         0
                text45                             3C5C     3C5C      1B0         0
                text44                             5ADC     5ADC       1A         0
                text43                             575C     575C       3A         0
                text42                             4E5A     4E5A       A0         0
                text41                              B6E      B6E      D02         0
                text40                             5A00     5A00       22         0
                text39                             5B28     5B28       18         0
                text38                             5B10     5B10       18         0
                text37                             5C28     5C28        8         0
                text36                             45C8     45C8      114         0
                text35                             59DE     59DE       22         0
                text34                             5946     5946       28         0
                text33                             27FA     27FA      654         0
                text32                             580A     580A       34         0
                text31                             40D6     40D6      160         0
                text30                             52A8     52A8       74         0
                text29                             4C5E     4C5E       B0         0
                text28                             50B4     50B4       84         0
                text27                             5138     5138       82         0
                text26                             5C30     5C30        4         0
                text25                             1870     1870      7DE         0
                text24                             5C00     5C00        A         0
                text23                             5BF6     5BF6        A         0
                text22                             596E     596E       26         0
                text21                             5378     5378       54         0
                text20                             4D0E     4D0E       A8         0
                text19                             5466     5466       4C         0
                text18                             56E4     56E4       3C         0
                text17                             53CC     53CC       4E         0
                text16                             5546     5546       48         0
                text15                             541A     541A       4C         0
                text14                             502E     502E       86         0
                text13                             4EFA     4EFA       9E         0
                text12                             46DC     46DC       FC         0
                text11                             48AE     48AE       C0         0
                text10                             4DB6     4DB6       A4         0
                text9                              59BA     59BA       24         0
                text8                              3A78     3A78      1E4         0
                text7                              4386     4386      12E         0
                text6                              56A6     56A6       3E         0
                text5                              4AEC     4AEC       BC         0
                text4                              54FC     54FC       4A         0
                text3                              54B2     54B2       4A         0
                text2                              58C8     58C8       2A         0
                text1                              3416     3416      454         0
                text0                              44B4     44B4      114         0
                cinit                              5664     5664       42         0

        CLASS   CONST          

        CLASS   SMALLCONST     
                smallconst                          B00      B00       6E         0

        CLASS   MEDIUMCONST    

        CLASS   COMRAM         
                cstackCOMRAM                          1        1       45         1
                bssCOMRAM                            46       46        D         1

        CLASS   ABS1           

        CLASS   BIGRAM         
                bssBIGRAM                           19E      19E      3C0         1

        CLASS   RAM            

        CLASS   BANK0          
                cstackBANK0                          60       60       56         1
                bssBANK0                             B6       B6       23         1

        CLASS   BANK1          
                cstackBANK1                         16A      16A       34         1
                bssBANK1                            100      100       6A         1

        CLASS   BANK2          

        CLASS   BANK3          

        CLASS   BANK4          

        CLASS   BANK5          

        CLASS   SFR            

        CLASS   FARRAM         

        CLASS   CONFIG         
                config                           300000   300000        E         0

        CLASS   IDLOC          
                idloc                            200000   200000        8         0

        CLASS   EEDATA         



SEGMENTS        Name                           Load    Length   Top    Selector   Space  Class

                cstackCOMRAM                   000001  000052  000053         1       1  COMRAM  
                cstackBANK0                    000060  000079  0000D9        60       1  BANK0   
                bssBANK1                       000100  00009E  00019E       100       1  BANK1   
                bssBIGRAM                      00019E  0003C0  00055E       19E       1  BIGRAM  
                reset_vec                      000800  000004  000804       400       0  CODE    
                intcodelo                      000818  0002A6  000ABE       40C       0  CODE    
                smallconst                     000B00  00006E  000B6E       580       0  SMALLCON
                text41                         000B6E  0050E0  005C4E       5B7       0  CODE    
                idloc                          200000  000008  200008    200000       0  IDLOC   
                config                         300000  00000E  30000E    300000       0  CONFIG  


UNUSED ADDRESS RANGES

        Name                Unused          Largest block    Delta
        BANK0            0000D9-0000FF               27
        BANK5            00055E-0005FF               A2
        BIGRAM           000053-00005F                D
                         0000D9-0000FF               27
                         00055E-0005FF               A2
        CODE             000804-000817               14
                         000ABE-000AFF               42
                         005C4E-007FFF             23B2
        COMRAM           000053-00005F                D
        CONST            000804-000817               14
                         000ABE-000AFF               42
                         005C4E-007FFF             23B2
        EEDATA           F00000-F000FF              100
        FARRAM           000000-000000                1
        MEDIUMCONST      000804-000817               14
                         000ABE-000AFF               42
                         005C4E-007FFF             23B2
        RAM              0000D9-0000FF               27
                         00055E-0005FF               A2
        SFR              000D00-000FFF              100
        SMALLCONST       000804-000817               14
                         000ABE-000AFF               42
                         005C4E-007FFF              100

                                  Symbol Table

?_Celsius2Fahrenheit                     cstackBANK0  000076
?_Celsius2Kelvin                         cstackCOMRAM 00002C
?_ECANReceiveMessage                     cstackCOMRAM 000015
?_ECANSendMessage                        cstackCOMRAM 000018
?_OpenADC                                cstackCOMRAM 00000E
?_WriteTimer0                            cstackCOMRAM 00000E
?__CANIDToRegs                           cstackCOMRAM 00000E
?__ECANPointBuffer                       cstackCOMRAM 00000E
?__RegsToCANID                           cstackCOMRAM 00000E
?___aldiv                                cstackBANK0  00007C
?___altofl                               cstackBANK0  00008A
?___asfladd                              cstackCOMRAM 00002C
?___asfldiv                              cstackBANK0  000060
?___asflmul                              cstackBANK0  000076
?___asflsub                              cstackBANK0  00007E
?___awtofl                               cstackCOMRAM 000018
?___fladd                                cstackCOMRAM 00001D
?___fldiv                                cstackCOMRAM 00002C
?___flge                                 cstackCOMRAM 00000E
?___flmul                                cstackBANK0  000060
?___flneg                                cstackCOMRAM 00000E
?___flpack                               cstackCOMRAM 00000E
?___flsub                                cstackBANK0  000076
?___fltol                                cstackBANK0  000076
?___lbmod                                cstackCOMRAM 00000E
?___lwtofl                               cstackCOMRAM 00001A
?___wmul                                 cstackCOMRAM 00000E
?_eval_poly                              cstackBANK0  000076
?_exp                                    cstackBANK0  000099
?_floor                                  cstackBANK0  00008F
?_frexp                                  cstackCOMRAM 00000E
?_getCANFrame                            cstackCOMRAM 000020
?_getCalibrationValue                    cstackCOMRAM 00001A
?_getVSCPFrame                           cstackCOMRAM 000024
?_ldexp                                  cstackBANK0  000081
?_log                                    cstackBANK0  000081
?_readEEPROM                             cstackCOMRAM 000016
?_sendCANFrame                           cstackCOMRAM 00003C
?_sendVSCPFrame                          cstackBANK0  000060
?_setEventData                           cstackBANK0  00007C
?_vscp_getFamilyCode                     cstackCOMRAM 00000E
?_vscp_getFamilyType                     cstackCOMRAM 00000E
?_vscp_sendHeartBeat                     cstackCOMRAM 000044
?_vscp_setControlByte                    cstackCOMRAM 000011
?_vscp_setGUID                           cstackCOMRAM 000011
?_vscp_setManufacturerId                 cstackCOMRAM 000011
?_vscp_setUserID                         cstackCOMRAM 000011
?_vscp_writeAppReg                       cstackCOMRAM 000023
?_vscp_writeRegister                     cstackCOMRAM 000027
?_vscp_writeStdReg                       cstackCOMRAM 00001B
?_writeEEPROM                            cstackCOMRAM 00000E
?i1_WriteTimer0                          cstackCOMRAM 000001
Celsius2Fahrenheit@tc                    cstackBANK0  000076
Celsius2Kelvin@tc                        cstackCOMRAM 00002C
ECANReceiveMessage@data                  cstackCOMRAM 000015
ECANReceiveMessage@dataLen               cstackCOMRAM 000016
ECANReceiveMessage@i                     cstackCOMRAM 00001B
ECANReceiveMessage@id                    cstackCOMRAM 00001A
ECANReceiveMessage@mode                  cstackCOMRAM 00001C
ECANReceiveMessage@msgFlags              cstackCOMRAM 000017
ECANReceiveMessage@ptr                   cstackCOMRAM 00001E
ECANReceiveMessage@savedPtr              cstackCOMRAM 000018
ECANReceiveMessage@temp                  cstackCOMRAM 00001D
ECANSendMessage@buffers                  cstackCOMRAM 000033
ECANSendMessage@data                     cstackCOMRAM 00001C
ECANSendMessage@dataLen                  cstackCOMRAM 00001D
ECANSendMessage@i                        cstackCOMRAM 000039
ECANSendMessage@id                       cstackCOMRAM 000018
ECANSendMessage@j                        cstackCOMRAM 000034
ECANSendMessage@mode                     cstackCOMRAM 000032
ECANSendMessage@msgFlags                 cstackCOMRAM 00001E
ECANSendMessage@pb                       cstackCOMRAM 000020
ECANSendMessage@ptr                      cstackCOMRAM 00003A
ECANSendMessage@temp                     cstackCOMRAM 000038
ECANSendMessage@tempBSEL0                cstackCOMRAM 000035
ECANSendMessage@tempPtr                  cstackCOMRAM 000036
ECANSetOperationMode@mode                cstackCOMRAM 00000E
OpenADC@config                           cstackCOMRAM 000012
OpenADC@config2                          cstackCOMRAM 00000E
OpenADC@portconfig                       cstackCOMRAM 00000F
OpenTimer0@config                        cstackCOMRAM 00000E
WriteTimer0@timer                        cstackCOMRAM 000010
WriteTimer0@timer0                       cstackCOMRAM 00000E
_ADCON0                                  (abs)        000FC2
_ADCON0bits                              (abs)        000FC2
_ADCON1                                  (abs)        000FC1
_ADCON2                                  (abs)        000FC0
_ADRESH                                  (abs)        000FC4
_ADRESL                                  (abs)        000FC3
_B0CON                                   (abs)        000E20
_B0RXFUL                                 (abs)        007107
_B0TXEN                                  (abs)        006FC2
_B1CON                                   (abs)        000E30
_B1RXFUL                                 (abs)        007187
_B1TXEN                                  (abs)        006FC3
_B2CON                                   (abs)        000E40
_B2RXFUL                                 (abs)        007207
_B2TXEN                                  (abs)        006FC4
_B3CON                                   (abs)        000E50
_B3RXFUL                                 (abs)        007287
_B3TXEN                                  (abs)        006FC5
_B4CON                                   (abs)        000E60
_B4RXFUL                                 (abs)        007307
_B4TXEN                                  (abs)        006FC6
_B5CON                                   (abs)        000E70
_B5RXFUL                                 (abs)        007387
_B5TXEN                                  (abs)        006FC7
_BRGCON1                                 (abs)        000F70
_BRGCON2                                 (abs)        000F71
_BRGCON3                                 (abs)        000F72
_BSEL0                                   (abs)        000DF8
_CANCON                                  (abs)        000F6F
_CIOCON                                  (abs)        000F73
_Celsius2Fahrenheit                      text30       0052A8
_Celsius2Kelvin                          text32       00580A
_ConvertADC                              text93       005C38
_ECANCON                                 (abs)        000F77
_ECANInitialize                          text88       004F98
_ECANReceiveMessage                      text77       00386A
_ECANSendMessage                         text72       003E0C
_ECANSetOperationMode                    text89       005B58
_EEADR                                   (abs)        000FA9
_EECON1bits                              (abs)        000FA6
_EECON2                                  (abs)        000FA7
_EEDATA                                  (abs)        000FA8
_FIFOEMPTY                               (abs)        007BA7
_INTCONbits                              (abs)        000FF2
_IRXIF                                   (abs)        007D27
_MDSEL0                                  (abs)        007BBE
_MDSEL1                                  (abs)        007BBF
_MSEL0                                   (abs)        000DF0
_MSEL1                                   (abs)        000DF1
_MSEL2                                   (abs)        000DF2
_OpenADC                                 text90       00531C
_OpenTimer0                              text91       005ABE
_PIE1bits                                (abs)        000F9D
_PIR1bits                                (abs)        000F9E
_PIR2bits                                (abs)        000FA1
_PORTC                                   (abs)        000F82
_RXB0CON                                 (abs)        000F60
_RXB0FILHIT0                             (abs)        007B00
_RXB0FUL                                 (abs)        007B07
_RXB0IF                                  (abs)        007D20
_RXB0OVFL                                (abs)        007BA7
_RXB1CON                                 (abs)        000F50
_RXB1CONbits                             (abs)        000F50
_RXB1IF                                  (abs)        007D21
_RXB1OVFL                                (abs)        007BA6
_RXF0EIDH                                (abs)        000F02
_RXF0EIDL                                (abs)        000F03
_RXF0SIDH                                (abs)        000F00
_RXF0SIDL                                (abs)        000F01
_RXF1EIDH                                (abs)        000F06
_RXF1EIDL                                (abs)        000F07
_RXF1SIDH                                (abs)        000F04
_RXF1SIDL                                (abs)        000F05
_RXFBCON0                                (abs)        000DE0
_RXFBCON1                                (abs)        000DE1
_RXFBCON2                                (abs)        000DE2
_RXFBCON3                                (abs)        000DE3
_RXFBCON4                                (abs)        000DE4
_RXFBCON5                                (abs)        000DE5
_RXFBCON6                                (abs)        000DE6
_RXFBCON7                                (abs)        000DE7
_RXFCON0                                 (abs)        000DD4
_RXFCON1                                 (abs)        000DD5
_RXM0EIDH                                (abs)        000F1A
_RXM0EIDL                                (abs)        000F1B
_RXM0EXIDM                               (abs)        0078CB
_RXM0SIDH                                (abs)        000F18
_RXM0SIDL                                (abs)        000F19
_RXM1EIDH                                (abs)        000F1E
_RXM1EIDL                                (abs)        000F1F
_RXM1EXIDEN                              (abs)        0078EB
_RXM1SIDH                                (abs)        000F1C
_RXM1SIDL                                (abs)        000F1D
_T0CON                                   (abs)        000FD5
_T0CONbits                               (abs)        000FD5
_TMR0H                                   (abs)        000FD7
_TMR0L                                   (abs)        000FD6
_TRISA                                   (abs)        000F92
_TRISB                                   (abs)        000F93
_TRISC                                   (abs)        000F94
_TXB0CON                                 (abs)        000F40
_TXB1CON                                 (abs)        000F30
_TXB2CON                                 (abs)        000F20
_WriteTimer0                             text94       005BD2
__CANIDToRegs                            text73       004236
__CANIDToRegs@Value                      cstackCOMRAM 000017
__CANIDToRegs@ptr                        cstackCOMRAM 00000E
__CANIDToRegs@type                       cstackCOMRAM 000014
__CANIDToRegs@val                        cstackCOMRAM 000010
__CFG_BBSIZ$2048                         (abs)        000000
__CFG_BOREN$BOACTIVE                     (abs)        000000
__CFG_BORV$3                             (abs)        000000
__CFG_CPB$ON                             (abs)        000000
__CFG_EBTR0$OFF                          (abs)        000000
__CFG_EBTR1$OFF                          (abs)        000000
__CFG_EBTR2$OFF                          (abs)        000000
__CFG_EBTR3$OFF                          (abs)        000000
__CFG_EBTRB$OFF                          (abs)        000000
__CFG_LVP$ON                             (abs)        000000
__CFG_OSC$HSPLL                          (abs)        000000
__CFG_STVREN$ON                          (abs)        000000
__CFG_WDT$ON                             (abs)        000000
__CFG_WDTPS$128                          (abs)        000000
__CFG_WRTD$OFF                           (abs)        000000
__ECANPointBuffer                        text79       005232
__ECANPointBuffer@b                      cstackCOMRAM 000011
__ECANPointBuffer@pt                     cstackCOMRAM 000012
__ECANRxFilterHitInfo                    bssCOMRAM    000048
__HRAM                                   (abs)        000000
__Habs1                                  abs1         000000
__Hbank0                                 bank0        000000
__Hbank1                                 bank1        000000
__Hbank2                                 bank2        000000
__Hbank3                                 bank3        000000
__Hbank4                                 bank4        000000
__Hbank5                                 bank5        000000
__Hbigbss                                bigbss       000000
__Hbigdata                               bigdata      000000
__Hbigram                                bigram       000000
__Hbss                                   bss          000000
__HbssBANK0                              bssBANK0     000000
__HbssBANK1                              bssBANK1     000000
__HbssBIGRAM                             bssBIGRAM    000000
__HbssCOMRAM                             bssCOMRAM    000000
__Hcinit                                 cinit        000000
__Hclrtext                               clrtext      000000
__Hcomram                                comram       000000
__Hconfig                                config       30000E
__Hconst                                 const        000000
__HcstackBANK0                           cstackBANK0  000000
__HcstackBANK1                           cstackBANK1  000000
__HcstackCOMRAM                          cstackCOMRAM 000000
__Hdata                                  data         000000
__Heeprom_data                           eeprom_data  000000
__Hend_init                              end_init     000ABE
__Hfarbss                                farbss       000000
__Hfardata                               fardata      000000
__Hibigdata                              ibigdata     000000
__Hidata                                 idata        000000
__Hidloc                                 idloc        200008
__Hifardata                              ifardata     000000
__Hinit                                  init         000ABA
__Hintcode                               intcode      000804
__Hintcode_body                          intcode_body 000000
__Hintcodelo                             intcodelo    000ABA
__Hintentry                              intentry     000000
__Hintret                                intret       000000
__Hintsave_regs                          intsave_regs 000000
__Hirdata                                irdata       000000
__Hmediumconst                           mediumconst  000000
__HnvFARRAM                              nvFARRAM     000000
__Hnvbit                                 nvbit        000000
__Hnvrram                                nvrram       000000
__Hparam                                 rparam       000000
__Hpowerup                               powerup      000ABA
__Hram                                   ram          000000
__Hramtop                                ramtop       000600
__Hrbit                                  rbit         000000
__Hrbss                                  rbss         000000
__Hrdata                                 rdata        000000
__Hreset_vec                             reset_vec    000804
__Hrparam                                rparam       000000
__Hsfr                                   sfr          000000
__Hsmallconst                            smallconst   000B6E
__Hstruct                                struct       000000
__Htemp                                  temp         000000
__Htext                                  text         000000
__Htext0                                 text0        000000
__Htext1                                 text1        000000
__Htext10                                text10       000000
__Htext100                               text100      000000
__Htext101                               text101      000000
__Htext102                               text102      000000
__Htext11                                text11       000000
__Htext12                                text12       000000
__Htext13                                text13       000000
__Htext14                                text14       000000
__Htext15                                text15       000000
__Htext16                                text16       000000
__Htext17                                text17       000000
__Htext18                                text18       000000
__Htext19                                text19       000000
__Htext2                                 text2        000000
__Htext20                                text20       000000
__Htext21                                text21       000000
__Htext22                                text22       000000
__Htext23                                text23       000000
__Htext24                                text24       000000
__Htext25                                text25       000000
__Htext26                                text26       000000
__Htext27                                text27       000000
__Htext28                                text28       000000
__Htext29                                text29       000000
__Htext3                                 text3        000000
__Htext30                                text30       000000
__Htext31                                text31       000000
__Htext32                                text32       000000
__Htext33                                text33       000000
__Htext34                                text34       000000
__Htext35                                text35       000000
__Htext36                                text36       000000
__Htext37                                text37       000000
__Htext38                                text38       000000
__Htext39                                text39       000000
__Htext4                                 text4        000000
__Htext40                                text40       000000
__Htext41                                text41       000000
__Htext42                                text42       000000
__Htext43                                text43       000000
__Htext44                                text44       000000
__Htext45                                text45       000000
__Htext46                                text46       000000
__Htext47                                text47       000000
__Htext48                                text48       000000
__Htext49                                text49       000000
__Htext5                                 text5        000000
__Htext50                                text50       000000
__Htext51                                text51       000000
__Htext52                                text52       000000
__Htext53                                text53       000000
__Htext54                                text54       000000
__Htext55                                text55       000000
__Htext56                                text56       000000
__Htext57                                text57       000000
__Htext58                                text58       000000
__Htext59                                text59       000000
__Htext6                                 text6        000000
__Htext60                                text60       000000
__Htext61                                text61       000000
__Htext62                                text62       000000
__Htext63                                text63       000000
__Htext64                                text64       000000
__Htext65                                text65       000000
__Htext66                                text66       000000
__Htext67                                text67       000000
__Htext68                                text68       000000
__Htext69                                text69       000000
__Htext7                                 text7        000000
__Htext70                                text70       000000
__Htext71                                text71       000000
__Htext72                                text72       000000
__Htext73                                text73       000000
__Htext74                                text74       000000
__Htext75                                text75       000000
__Htext76                                text76       000000
__Htext77                                text77       000000
__Htext78                                text78       000000
__Htext79                                text79       000000
__Htext8                                 text8        000000
__Htext80                                text80       000000
__Htext81                                text81       000000
__Htext82                                text82       000000
__Htext83                                text83       000000
__Htext84                                text84       000000
__Htext85                                text85       000000
__Htext86                                text86       000000
__Htext87                                text87       000000
__Htext88                                text88       000000
__Htext89                                text89       000000
__Htext9                                 text9        000000
__Htext90                                text90       000000
__Htext91                                text91       000000
__Htext92                                text92       000000
__Htext93                                text93       000000
__Htext94                                text94       000000
__Htext95                                text95       000000
__Htext96                                text96       000000
__Htext97                                text97       000000
__Htext98                                text98       000000
__LRAM                                   (abs)        000001
__Labs1                                  abs1         000000
__Lbank0                                 bank0        000000
__Lbank1                                 bank1        000000
__Lbank2                                 bank2        000000
__Lbank3                                 bank3        000000
__Lbank4                                 bank4        000000
__Lbank5                                 bank5        000000
__Lbigbss                                bigbss       000000
__Lbigdata                               bigdata      000000
__Lbigram                                bigram       000000
__Lbss                                   bss          000000
__LbssBANK0                              bssBANK0     000000
__LbssBANK1                              bssBANK1     000000
__LbssBIGRAM                             bssBIGRAM    000000
__LbssCOMRAM                             bssCOMRAM    000000
__Lcinit                                 cinit        000000
__Lclrtext                               clrtext      000000
__Lcomram                                comram       000000
__Lconfig                                config       300000
__Lconst                                 const        000000
__LcstackBANK0                           cstackBANK0  000000
__LcstackBANK1                           cstackBANK1  000000
__LcstackCOMRAM                          cstackCOMRAM 000000
__Ldata                                  data         000000
__Leeprom_data                           eeprom_data  000000
__Lend_init                              end_init     000ABA
__Lfarbss                                farbss       000000
__Lfardata                               fardata      000000
__Libigdata                              ibigdata     000000
__Lidata                                 idata        000000
__Lidloc                                 idloc        200000
__Lifardata                              ifardata     000000
__Linit                                  init         000ABA
__Lintcode                               intcode      000804
__Lintcode_body                          intcode_body 000000
__Lintcodelo                             intcodelo    000818
__Lintentry                              intentry     000000
__Lintret                                intret       000000
__Lintsave_regs                          intsave_regs 000000
__Lirdata                                irdata       000000
__Lmediumconst                           mediumconst  000000
__LnvFARRAM                              nvFARRAM     000000
__Lnvbit                                 nvbit        000000
__Lnvrram                                nvrram       000000
__Lparam                                 rparam       000000
__Lpowerup                               powerup      000ABA
__Lram                                   ram          000000
__Lramtop                                ramtop       000600
__Lrbit                                  rbit         000000
__Lrbss                                  rbss         000000
__Lrdata                                 rdata        000000
__Lreset_vec                             reset_vec    000800
__Lrparam                                rparam       000000
__Lsfr                                   sfr          000000
__Lsmallconst                            smallconst   000B00
__Lstruct                                struct       000000
__Ltemp                                  temp         000000
__Ltext                                  text         000000
__Ltext0                                 text0        000000
__Ltext1                                 text1        000000
__Ltext10                                text10       000000
__Ltext100                               text100      000000
__Ltext101                               text101      000000
__Ltext102                               text102      000000
__Ltext11                                text11       000000
__Ltext12                                text12       000000
__Ltext13                                text13       000000
__Ltext14                                text14       000000
__Ltext15                                text15       000000
__Ltext16                                text16       000000
__Ltext17                                text17       000000
__Ltext18                                text18       000000
__Ltext19                                text19       000000
__Ltext2                                 text2        000000
__Ltext20                                text20       000000
__Ltext21                                text21       000000
__Ltext22                                text22       000000
__Ltext23                                text23       000000
__Ltext24                                text24       000000
__Ltext25                                text25       000000
__Ltext26                                text26       000000
__Ltext27                                text27       000000
__Ltext28                                text28       000000
__Ltext29                                text29       000000
__Ltext3                                 text3        000000
__Ltext30                                text30       000000
__Ltext31                                text31       000000
__Ltext32                                text32       000000
__Ltext33                                text33       000000
__Ltext34                                text34       000000
__Ltext35                                text35       000000
__Ltext36                                text36       000000
__Ltext37                                text37       000000
__Ltext38                                text38       000000
__Ltext39                                text39       000000
__Ltext4                                 text4        000000
__Ltext40                                text40       000000
__Ltext41                                text41       000000
__Ltext42                                text42       000000
__Ltext43                                text43       000000
__Ltext44                                text44       000000
__Ltext45                                text45       000000
__Ltext46                                text46       000000
__Ltext47                                text47       000000
__Ltext48                                text48       000000
__Ltext49                                text49       000000
__Ltext5                                 text5        000000
__Ltext50                                text50       000000
__Ltext51                                text51       000000
__Ltext52                                text52       000000
__Ltext53                                text53       000000
__Ltext54                                text54       000000
__Ltext55                                text55       000000
__Ltext56                                text56       000000
__Ltext57                                text57       000000
__Ltext58                                text58       000000
__Ltext59                                text59       000000
__Ltext6                                 text6        000000
__Ltext60                                text60       000000
__Ltext61                                text61       000000
__Ltext62                                text62       000000
__Ltext63                                text63       000000
__Ltext64                                text64       000000
__Ltext65                                text65       000000
__Ltext66                                text66       000000
__Ltext67                                text67       000000
__Ltext68                                text68       000000
__Ltext69                                text69       000000
__Ltext7                                 text7        000000
__Ltext70                                text70       000000
__Ltext71                                text71       000000
__Ltext72                                text72       000000
__Ltext73                                text73       000000
__Ltext74                                text74       000000
__Ltext75                                text75       000000
__Ltext76                                text76       000000
__Ltext77                                text77       000000
__Ltext78                                text78       000000
__Ltext79                                text79       000000
__Ltext8                                 text8        000000
__Ltext80                                text80       000000
__Ltext81                                text81       000000
__Ltext82                                text82       000000
__Ltext83                                text83       000000
__Ltext84                                text84       000000
__Ltext85                                text85       000000
__Ltext86                                text86       000000
__Ltext87                                text87       000000
__Ltext88                                text88       000000
__Ltext89                                text89       000000
__Ltext9                                 text9        000000
__Ltext90                                text90       000000
__Ltext91                                text91       000000
__Ltext92                                text92       000000
__Ltext93                                text93       000000
__Ltext94                                text94       000000
__Ltext95                                text95       000000
__Ltext96                                text96       000000
__Ltext97                                text97       000000
__Ltext98                                text98       000000
__RegsToCANID                            text78       003F72
__RegsToCANID@Value                      cstackCOMRAM 000014
__RegsToCANID@ptr                        cstackCOMRAM 00000E
__RegsToCANID@type                       cstackCOMRAM 000011
__RegsToCANID@val                        cstackCOMRAM 000010
__S0                                     (abs)        30000E
__S1                                     (abs)        00055E
___aldiv                                 text5        004AEC
___aldiv@counter                         cstackBANK0  000084
___aldiv@dividend                        cstackBANK0  00007C
___aldiv@divisor                         cstackBANK0  000080
___aldiv@quotient                        cstackBANK0  000086
___aldiv@sign                            cstackBANK0  000085
___altofl                                text16       005546
___altofl@c                              cstackBANK0  00008A
___altofl@sign                           cstackBANK0  00008E
___asfladd                               text4        0054FC
___asfladd@f1p                           cstackCOMRAM 00002C
___asfladd@f2                            cstackCOMRAM 00002E
___asfldiv                               text3        0054B2
___asfldiv@f1p                           cstackBANK0  000060
___asfldiv@f2                            cstackBANK0  000062
___asflmul                               text19       005466
___asflmul@mp                            cstackCOMRAM 000042
___asflmul@multiplicand                  cstackBANK0  000076
___asflsub                               text17       0053CC
___asflsub@f1p                           cstackBANK0  00007E
___asflsub@f2                            cstackBANK0  000080
___awtofl                                text95       0057D0
___awtofl@c                              cstackCOMRAM 000018
___awtofl@sign                           cstackCOMRAM 00001E
___fladd                                 text31       0040D6
___fladd@exp1                            cstackCOMRAM 00002B
___fladd@exp2                            cstackCOMRAM 00002A
___fladd@f1                              cstackCOMRAM 00001D
___fladd@f2                              cstackCOMRAM 000021
___fladd@sign                            cstackCOMRAM 000029
___fldiv                                 text20       004D0E
___fldiv@cntr                            cstackCOMRAM 00003F
___fldiv@exp                             cstackCOMRAM 000040
___fldiv@f1                              cstackCOMRAM 00002C
___fldiv@f2                              cstackCOMRAM 000030
___fldiv@f3                              cstackCOMRAM 00003B
___fldiv@sign                            cstackCOMRAM 000041
___flge                                  text15       00541A
___flge@ff1                              cstackCOMRAM 00000E
___flge@ff2                              cstackCOMRAM 000012
___flmul                                 text96       0047D8
___flmul@cntr                            cstackBANK0  000074
___flmul@exp                             cstackBANK0  00006F
___flmul@f1                              cstackBANK0  000060
___flmul@f2                              cstackBANK0  000064
___flmul@f3_as_product                   cstackBANK0  000070
___flmul@sign                            cstackBANK0  000075
___flneg                                 text9        0059BA
___flneg@f1                              cstackCOMRAM 00000E
___flpack                                text97       00496E
___flpack@arg                            cstackCOMRAM 00000E
___flpack@exp                            cstackCOMRAM 000012
___flpack@sign                           cstackCOMRAM 000013
___flsub                                 text18       0056E4
___flsub@f1                              cstackBANK0  000076
___flsub@f2                              cstackBANK0  00007A
___fltol                                 text13       004EFA
___fltol@exp1                            cstackBANK0  00007B
___fltol@f1                              cstackBANK0  000076
___fltol@sign1                           cstackBANK0  00007A
___lbmod                                 text34       005946
___lbmod@counter                         cstackCOMRAM 000010
___lbmod@dividend                        cstackCOMRAM 00000F
___lbmod@divisor                         cstackCOMRAM 00000E
___lbmod@rem                             cstackCOMRAM 000011
___lwtofl                                text2        0058C8
___lwtofl@c                              cstackCOMRAM 00001A
___wmul                                  text43       00575C
___wmul@multiplicand                     cstackCOMRAM 000010
___wmul@multiplier                       cstackCOMRAM 00000E
___wmul@product                          cstackCOMRAM 000014
__accesstop                              (abs)        000060
__activetblptr                           (abs)        000002
__end_of_Celsius2Fahrenheit              text30       00531C
__end_of_Celsius2Kelvin                  text32       00583E
__end_of_ConvertADC                      text93       005C3C
__end_of_ECANInitialize                  text88       00502E
__end_of_ECANReceiveMessage              text77       003A78
__end_of_ECANSendMessage                 text72       003F72
__end_of_ECANSetOperationMode            text89       005B70
__end_of_OpenADC                         text90       005378
__end_of_OpenTimer0                      text91       005ADC
__end_of_WriteTimer0                     text94       005BE4
__end_of__CANIDToRegs                    text73       004386
__end_of__ECANPointBuffer                text79       0052A8
__end_of__RegsToCANID                    text78       0040D6
__end_of___aldiv                         text5        004BA8
__end_of___altofl                        text16       00558E
__end_of___asfladd                       text4        005546
__end_of___asfldiv                       text3        0054FC
__end_of___asflmul                       text19       0054B2
__end_of___asflsub                       text17       00541A
__end_of___awtofl                        text95       00580A
__end_of___fladd                         text31       004236
__end_of___fldiv                         text20       004DB6
__end_of___flge                          text15       005466
__end_of___flmul                         text96       0048AE
__end_of___flneg                         text9        0059DE
__end_of___flpack                        text97       004A2E
__end_of___flsub                         text18       005720
__end_of___fltol                         text13       004F98
__end_of___lbmod                         text34       00596E
__end_of___lwtofl                        text2        0058F2
__end_of___wmul                          text43       005796
__end_of__initialization                 cinit        00569C
__end_of_doOneSecondWork                 text25       00204E
__end_of_doWork                          text1        00386A
__end_of_eval_poly                       text11       00496E
__end_of_exp                             text8        003C5C
__end_of_floor                           text12       0047D8
__end_of_frexp                           text14       0050B4
__end_of_getCANFrame                     text76       0058C8
__end_of_getCalibrationValue             text6        0056E4
__end_of_getVSCPFrame                    text75       005232
__end_of_handle_sync                     text27       0051BA
__end_of_init                            text87       00575C
__end_of_init_app_eeprom                 text82       003416
__end_of_init_app_ram                    text92       005664
__end_of_interrupt_at_low_vector         intcodelo    000ABA
__end_of_ldexp                           text10       004E5A
__end_of_log                             text7        0044B4
__end_of_main                            text0        0045C8
__end_of_readEEPROM                      text62       005BC0
__end_of_sendCANFrame                    text71       00561E
__end_of_sendTempEvent                   text28       005138
__end_of_sendVSCPFrame                   text70       004C5E
__end_of_setEventData                    text29       004D0E
__end_of_vscp_check_pstorage             text80       0057D0
__end_of_vscp_deviceURL                  smallconst   000B20
__end_of_vscp_doOneSecondWork            text21       0053CC
__end_of_vscp_error                      text26       005C34
__end_of_vscp_getBootLoaderAlgorithm     text50       005C46
__end_of_vscp_getBufferSize              text49       005C44
__end_of_vscp_getControlByte             text83       005A64
__end_of_vscp_getEvent                   text74       005946
__end_of_vscp_getFamilyCode              text47       005C1E
__end_of_vscp_getFamilyType              text46       005C14
__end_of_vscp_getGUID                    text54       005BAC
__end_of_vscp_getMDF_URL                 text53       005B58
__end_of_vscp_getMajorVersion            text57       005C4C
__end_of_vscp_getManufacturerId          text51       005B84
__end_of_vscp_getMatrixInfo              text66       005B10
__end_of_vscp_getMinorVersion            text56       005C4A
__end_of_vscp_getRegisterPagesUsed       text48       005C42
__end_of_vscp_getSubMinorVersion         text55       005C48
__end_of_vscp_getSubzone                 text23       005C00
__end_of_vscp_getUserID                  text52       005B98
__end_of_vscp_getZone                    text24       005C0A
__end_of_vscp_goActiveState              text68       005ABE
__end_of_vscp_goBootloaderMode           text65       005AA0
__end_of_vscp_handleDropNickname         text59       00586E
__end_of_vscp_handleHeartbeat            text64       005C4E
__end_of_vscp_handleProbeState           text67       004AEC
__end_of_vscp_handleProtocolEvent        text33       002E4E
__end_of_vscp_handleSetNickname          text63       005A82
__end_of_vscp_init                       text60       0055D6
__end_of_vscp_init_pstorage              text81       005C38
__end_of_vscp_newNodeOnline              text58       00591C
__end_of_vscp_readAppReg                 text98       0027FA
__end_of_vscp_readNicknamePermanent      text61       005C28
__end_of_vscp_readRegister               text44       005AF6
__end_of_vscp_readStdReg                 text45       003E0C
__end_of_vscp_restoreDefaults            text37       005C30
__end_of_vscp_sendEvent                  text69       00589C
__end_of_vscp_sendHeartBeat              text22       005994
__end_of_vscp_setControlByte             text84       005A44
__end_of_vscp_setGUID                    text40       005A22
__end_of_vscp_setManufacturerId          text38       005B28
__end_of_vscp_setUserID                  text39       005B40
__end_of_vscp_writeAppReg                text41       001870
__end_of_vscp_writeNicknamePermanent     text85       005BD2
__end_of_vscp_writeRegister              text35       005A00
__end_of_vscp_writeStdReg                text36       0046DC
__end_of_writeCoeffs2Ram                 text42       004EFA
__end_of_writeEEPROM                     text86       0059BA
__end_ofexp@coeff                        smallconst   000B48
__end_ofi1_ConvertADC                    text101      005C40
__end_ofi1_WriteTimer0                   text100      005BF6
__end_oflog@coeff                        smallconst   000B6C
__initialization                         cinit        005664
__mediumconst                            mediumconst  000000
__pbssBANK0                              bssBANK0     0000B6
__pbssBANK1                              bssBANK1     000100
__pbssBIGRAM                             bssBIGRAM    00019E
__pbssCOMRAM                             bssCOMRAM    000046
__pcinit                                 cinit        005664
__pcstackBANK0                           cstackBANK0  000060
__pcstackBANK1                           cstackBANK1  00016A
__pcstackCOMRAM                          cstackCOMRAM 000001
__pintcodelo                             intcodelo    000818
__psmallconst                            smallconst   000B00
__ptext0                                 text0        0044B4
__ptext1                                 text1        003416
__ptext10                                text10       004DB6
__ptext100                               text100      005BE4
__ptext101                               text101      005C3C
__ptext102                               text102      000000
__ptext11                                text11       0048AE
__ptext12                                text12       0046DC
__ptext13                                text13       004EFA
__ptext14                                text14       00502E
__ptext15                                text15       00541A
__ptext16                                text16       005546
__ptext17                                text17       0053CC
__ptext18                                text18       0056E4
__ptext19                                text19       005466
__ptext2                                 text2        0058C8
__ptext20                                text20       004D0E
__ptext21                                text21       005378
__ptext22                                text22       00596E
__ptext23                                text23       005BF6
__ptext24                                text24       005C00
__ptext25                                text25       001870
__ptext26                                text26       005C30
__ptext27                                text27       005138
__ptext28                                text28       0050B4
__ptext29                                text29       004C5E
__ptext3                                 text3        0054B2
__ptext30                                text30       0052A8
__ptext31                                text31       0040D6
__ptext32                                text32       00580A
__ptext33                                text33       0027FA
__ptext34                                text34       005946
__ptext35                                text35       0059DE
__ptext36                                text36       0045C8
__ptext37                                text37       005C28
__ptext38                                text38       005B10
__ptext39                                text39       005B28
__ptext4                                 text4        0054FC
__ptext40                                text40       005A00
__ptext41                                text41       000B6E
__ptext42                                text42       004E5A
__ptext43                                text43       00575C
__ptext44                                text44       005ADC
__ptext45                                text45       003C5C
__ptext46                                text46       005C0A
__ptext47                                text47       005C14
__ptext48                                text48       005C40
__ptext49                                text49       005C42
__ptext5                                 text5        004AEC
__ptext50                                text50       005C44
__ptext51                                text51       005B70
__ptext52                                text52       005B84
__ptext53                                text53       005B40
__ptext54                                text54       005B98
__ptext55                                text55       005C46
__ptext56                                text56       005C48
__ptext57                                text57       005C4A
__ptext58                                text58       0058F2
__ptext59                                text59       00583E
__ptext6                                 text6        0056A6
__ptext60                                text60       00558E
__ptext61                                text61       005C1E
__ptext62                                text62       005BAC
__ptext63                                text63       005A64
__ptext64                                text64       005C4C
__ptext65                                text65       005A82
__ptext66                                text66       005AF6
__ptext67                                text67       004A2E
__ptext68                                text68       005AA0
__ptext69                                text69       00586E
__ptext7                                 text7        004386
__ptext70                                text70       004BA8
__ptext71                                text71       0055D6
__ptext72                                text72       003E0C
__ptext73                                text73       004236
__ptext74                                text74       00591C
__ptext75                                text75       0051BA
__ptext76                                text76       00589C
__ptext77                                text77       00386A
__ptext78                                text78       003F72
__ptext79                                text79       005232
__ptext8                                 text8        003A78
__ptext80                                text80       005796
__ptext81                                text81       005C34
__ptext82                                text82       002E4E
__ptext83                                text83       005A44
__ptext84                                text84       005A22
__ptext85                                text85       005BC0
__ptext86                                text86       005994
__ptext87                                text87       005720
__ptext88                                text88       004F98
__ptext89                                text89       005B58
__ptext9                                 text9        0059BA
__ptext90                                text90       00531C
__ptext91                                text91       005ABE
__ptext92                                text92       00561E
__ptext93                                text93       005C38
__ptext94                                text94       005BD2
__ptext95                                text95       0057D0
__ptext96                                text96       0047D8
__ptext97                                text97       00496E
__ptext98                                text98       00204E
__ramtop                                 ramtop       000600
__size_of_Celsius2Fahrenheit             (abs)        000000
__size_of_Celsius2Kelvin                 (abs)        000000
__size_of_ConvertADC                     (abs)        000000
__size_of_ECANInitialize                 (abs)        000000
__size_of_ECANReceiveMessage             (abs)        000000
__size_of_ECANSendMessage                (abs)        000000
__size_of_ECANSetOperationMode           (abs)        000000
__size_of_OpenADC                        (abs)        000000
__size_of_OpenTimer0                     (abs)        000000
__size_of_WriteTimer0                    (abs)        000000
__size_of__CANIDToRegs                   (abs)        000000
__size_of__ECANPointBuffer               (abs)        000000
__size_of__RegsToCANID                   (abs)        000000
__size_of___aldiv                        (abs)        000000
__size_of___altofl                       (abs)        000000
__size_of___asfladd                      (abs)        000000
__size_of___asfldiv                      (abs)        000000
__size_of___asflmul                      (abs)        000000
__size_of___asflsub                      (abs)        000000
__size_of___awtofl                       (abs)        000000
__size_of___fladd                        (abs)        000000
__size_of___fldiv                        (abs)        000000
__size_of___flge                         (abs)        000000
__size_of___flmul                        (abs)        000000
__size_of___flneg                        (abs)        000000
__size_of___flpack                       (abs)        000000
__size_of___flsub                        (abs)        000000
__size_of___fltol                        (abs)        000000
__size_of___lbmod                        (abs)        000000
__size_of___lwtofl                       (abs)        000000
__size_of___wmul                         (abs)        000000
__size_of_doOneSecondWork                (abs)        000000
__size_of_doWork                         (abs)        000000
__size_of_eval_poly                      (abs)        000000
__size_of_exp                            (abs)        000000
__size_of_floor                          (abs)        000000
__size_of_frexp                          (abs)        000000
__size_of_getCANFrame                    (abs)        000000
__size_of_getCalibrationValue            (abs)        000000
__size_of_getVSCPFrame                   (abs)        000000
__size_of_handle_sync                    (abs)        000000
__size_of_init                           (abs)        000000
__size_of_init_app_eeprom                (abs)        000000
__size_of_init_app_ram                   (abs)        000000
__size_of_interrupt_at_low_vector        (abs)        000000
__size_of_ldexp                          (abs)        000000
__size_of_log                            (abs)        000000
__size_of_main                           (abs)        000000
__size_of_readEEPROM                     (abs)        000000
__size_of_sendCANFrame                   (abs)        000000
__size_of_sendTempEvent                  (abs)        000000
__size_of_sendVSCPFrame                  (abs)        000000
__size_of_setEventData                   (abs)        000000
__size_of_vscp_check_pstorage            (abs)        000000
__size_of_vscp_doOneSecondWork           (abs)        000000
__size_of_vscp_error                     (abs)        000000
__size_of_vscp_getBootLoaderAlgorithm    (abs)        000000
__size_of_vscp_getBufferSize             (abs)        000000
__size_of_vscp_getControlByte            (abs)        000000
__size_of_vscp_getEvent                  (abs)        000000
__size_of_vscp_getFamilyCode             (abs)        000000
__size_of_vscp_getFamilyType             (abs)        000000
__size_of_vscp_getGUID                   (abs)        000000
__size_of_vscp_getMDF_URL                (abs)        000000
__size_of_vscp_getMajorVersion           (abs)        000000
__size_of_vscp_getManufacturerId         (abs)        000000
__size_of_vscp_getMatrixInfo             (abs)        000000
__size_of_vscp_getMinorVersion           (abs)        000000
[...]
 This function calls:
		Nothing
 This function is called by:
		_init
 This function uses a non-reentrant model


 *************** function _init_app_ram *****************
 Defined at:
		line 987 in file "../main.c"
 Parameters:    Size  Location     Type
		None
 Auto vars:     Size  Location     Type
  i               1   13[COMRAM] unsigned char 
 Return value:  Size  Location     Type
		None               void
 Registers used:
		wreg, fsr2l, fsr2h, status,2, status,0, prodl, prodh
 Tracked objects:
		On entry : 
		On exit  : 
		Unchanged: 
 Data sizes:     COMRAM   BANK0   BANK1   BANK2   BANK3   BANK4   BANK5
      Params:         0       0       0       0       0       0       0
      Locals:         1       0       0       0       0       0       0
      Temps:          0       0       0       0       0       0       0
      Totals:         1       0       0       0       0       0       0
Total ram usage:        1 bytes
 Hardware stack levels used:    1
 Hardware stack levels required when called:    2
 This function calls:
		Nothing
 This function is called by:
		_init
		_vscp_restoreDefaults
 This function uses a non-reentrant model


 *************** function _ConvertADC *****************
 Defined at:
		line 23 in file "/opt/microchip/xc8/v1.21/sources/pic18/plib/ADC/adcconv.c"
 Parameters:    Size  Location     Type
		None
 Auto vars:     Size  Location     Type
		None
 Return value:  Size  Location     Type
		None               void
 Registers used:
		None
 Tracked objects:
		On entry : 
		On exit  : 
		Unchanged: 
 Data sizes:     COMRAM   BANK0   BANK1   BANK2   BANK3   BANK4   BANK5
      Params:         0       0       0       0       0       0       0
      Locals:         0       0       0       0       0       0       0
      Temps:          0       0       0       0       0       0       0
      Totals:         0       0       0       0       0       0       0
Total ram usage:        0 bytes
 Hardware stack levels used:    1
 Hardware stack levels required when called:    2
 This function calls:
		Nothing
 This function is called by:
		_init
 This function uses a non-reentrant model


 *************** function _WriteTimer0 *****************
 Defined at:
		line 17 in file "/opt/microchip/xc8/v1.21/sources/pic18/plib/Timers/t0write.c"
 Parameters:    Size  Location     Type
  timer0          2   13[COMRAM] unsigned int 
 Auto vars:     Size  Location     Type
  timer           2   15[COMRAM] struct Timers
 Return value:  Size  Location     Type
		None               void
 Registers used:
		None
 Tracked objects:
		On entry : 
		On exit  : 
		Unchanged: 
 Data sizes:     COMRAM   BANK0   BANK1   BANK2   BANK3   BANK4   BANK5
      Params:         2       0       0       0       0       0       0
      Locals:         2       0       0       0       0       0       0
      Temps:          0       0       0       0       0       0       0
      Totals:         4       0       0       0       0       0       0
Total ram usage:        4 bytes
 Hardware stack levels used:    1
 Hardware stack levels required when called:    2
 This function calls:
		Nothing
 This function is called by:
		_init
 This function uses a non-reentrant model


 *************** function ___awtofl *****************
 Defined at:
		line 32 in file "/opt/microchip/xc8/v1.21/sources/common/awtofl.c"
 Parameters:    Size  Location     Type
  c               2   23[COMRAM] int 
 Auto vars:     Size  Location     Type
  f1              4    0        int 
  sign            1   29[COMRAM] unsigned char 
 Return value:  Size  Location     Type
                  4   23[COMRAM] unsigned char 
 Registers used:
		wreg, status,2, status,0, cstack
 Tracked objects:
		On entry : 
		On exit  : 
		Unchanged: 
 Data sizes:     COMRAM   BANK0   BANK1   BANK2   BANK3   BANK4   BANK5
      Params:         4       0       0       0       0       0       0
      Locals:         3       0       0       0       0       0       0
      Temps:          0       0       0       0       0       0       0
      Totals:         7       0       0       0       0       0       0
Total ram usage:        7 bytes
 Hardware stack levels used:    1
 Hardware stack levels required when called:    3
 This function calls:
		___flpack
 This function is called by:
		_setEventData
		_exp
		_log
 This function uses a non-reentrant model


 *************** function ___flmul *****************
 Defined at:
		line 51 in file "/opt/microchip/xc8/v1.21/sources/common/flmul.c"
 Parameters:    Size  Location     Type
  f1              4    0[BANK0 ] unsigned char 
  f2              4    4[BANK0 ] unsigned char 
 Auto vars:     Size  Location     Type
  f3_as_produc    4   16[BANK0 ] unsigned long 
  sign            1   21[BANK0 ] unsigned char 
  cntr            1   20[BANK0 ] unsigned char 
  exp             1   15[BANK0 ] unsigned char 
 Return value:  Size  Location     Type
                  4    0[BANK0 ] unsigned char 
 Registers used:
		wreg, status,2, status,0, cstack
 Tracked objects:
		On entry : 
		On exit  : 
		Unchanged: 
 Data sizes:     COMRAM   BANK0   BANK1   BANK2   BANK3   BANK4   BANK5
      Params:         0       8       0       0       0       0       0
      Locals:         0      14       0       0       0       0       0
      Temps:          0       0       0       0       0       0       0
      Totals:         0      22       0       0       0       0       0
Total ram usage:       22 bytes
 Hardware stack levels used:    1
 Hardware stack levels required when called:    3
 This function calls:
		___flpack
 This function is called by:
		_doWork
		_Celsius2Fahrenheit
		___asflmul
		_log
		_eval_poly
 This function uses a non-reentrant model


 *************** function ___flpack *****************
 Defined at:
		line 64 in file "/opt/microchip/xc8/v1.21/sources/common/double.c"
 Parameters:    Size  Location     Type
  arg             4   13[COMRAM] unsigned long 
  exp             1   17[COMRAM] unsigned char 
  sign            1   18[COMRAM] unsigned char 
 Auto vars:     Size  Location     Type
		None
 Return value:  Size  Location     Type
                  4   13[COMRAM] unsigned char 
 Registers used:
		wreg, status,2, status,0
 Tracked objects:
		On entry : 
		On exit  : 
		Unchanged: 
 Data sizes:     COMRAM   BANK0   BANK1   BANK2   BANK3   BANK4   BANK5
      Params:         6       0       0       0       0       0       0
      Locals:         0       0       0       0       0       0       0
      Temps:          4       0       0       0       0       0       0
      Totals:        10       0       0       0       0       0       0
Total ram usage:       10 bytes
 Hardware stack levels used:    1
 Hardware stack levels required when called:    2
 This function calls:
		Nothing
 This function is called by:
		___altofl
		___awtofl
		___fladd
		___fldiv
		___flmul
		___lwtofl
 This function uses a non-reentrant model


 *************** function _vscp_readAppReg *****************
 Defined at:
		line 1282 in file "../main.c"
 Parameters:    Size  Location     Type
  reg             1    wreg     unsigned char 
 Auto vars:     Size  Location     Type
  reg             1   26[COMRAM] unsigned char 
  pos             1   25[COMRAM] unsigned char 
  rv              1   27[COMRAM] unsigned char 
 Return value:  Size  Location     Type
                  1    wreg      unsigned char 
 Registers used:
		wreg, fsr2l, fsr2h, status,2, status,0, cstack
 Tracked objects:
		On entry : 
		On exit  : 
		Unchanged: 
 Data sizes:     COMRAM   BANK0   BANK1   BANK2   BANK3   BANK4   BANK5
      Params:         0       0       0       0       0       0       0
      Locals:         3       0       0       0       0       0       0
      Temps:          0       0       0       0       0       0       0
      Totals:         3       0       0       0       0       0       0
Total ram usage:        3 bytes
 Hardware stack levels used:    1
 Hardware stack levels required when called:    3
 This function calls:
		_readEEPROM
 This function is called by:
		_vscp_readRegister
		_vscp_handleProtocolEvent
 This function uses a non-reentrant model


 *************** function _interrupt_at_low_vector *****************
 Defined at:
		line 128 in file "../main.c"
 Parameters:    Size  Location     Type
		None
 Auto vars:     Size  Location     Type
		None
 Return value:  Size  Location     Type
		None               void
 Registers used:
		wreg, fsr2l, fsr2h, status,2, status,0, prodl, prodh, cstack
 Tracked objects:
		On entry : 
		On exit  : 
		Unchanged: 
 Data sizes:     COMRAM   BANK0   BANK1   BANK2   BANK3   BANK4   BANK5
      Params:         0       0       0       0       0       0       0
      Locals:         0       0       0       0       0       0       0
      Temps:          9       0       0       0       0       0       0
      Totals:         9       0       0       0       0       0       0
Total ram usage:        9 bytes
 Hardware stack levels used:    1
 Hardware stack levels required when called:    1
 This function calls:
		i1_ConvertADC
		i1_WriteTimer0
 This function is called by:
		Interrupt level 1
 This function uses a non-reentrant model


 *************** function i1_WriteTimer0 *****************
 Defined at:
		line 17 in file "/opt/microchip/xc8/v1.21/sources/pic18/plib/Timers/t0write.c"
 Parameters:    Size  Location     Type
  timer0          2    0[COMRAM] unsigned int 
 Auto vars:     Size  Location     Type
  WriteTimer0     2    2[COMRAM] struct Timers
 Return value:  Size  Location     Type
		None               void
 Registers used:
		None
 Tracked objects:
		On entry : 
		On exit  : 
		Unchanged: 
 Data sizes:     COMRAM   BANK0   BANK1   BANK2   BANK3   BANK4   BANK5
      Params:         2       0       0       0       0       0       0
      Locals:         2       0       0       0       0       0       0
      Temps:          0       0       0       0       0       0       0
      Totals:         4       0       0       0       0       0       0
Total ram usage:        4 bytes
 Hardware stack levels used:    1
 This function calls:
		Nothing
 This function is called by:
		_interrupt_at_low_vector
 This function uses a non-reentrant model


 *************** function i1_ConvertADC *****************
 Defined at:
		line 23 in file "/opt/microchip/xc8/v1.21/sources/pic18/plib/ADC/adcconv.c"
 Parameters:    Size  Location     Type
		None
 Auto vars:     Size  Location     Type
		None
 Return value:  Size  Location     Type
		None               void
 Registers used:
		None
 Tracked objects:
		On entry : 
		On exit  : 
		Unchanged: 
 Data sizes:     COMRAM   BANK0   BANK1   BANK2   BANK3   BANK4   BANK5
      Params:         0       0       0       0       0       0       0
      Locals:         0       0       0       0       0       0       0
      Temps:          0       0       0       0       0       0       0
      Totals:         0       0       0       0       0       0       0
Total ram usage:        0 bytes
 Hardware stack levels used:    1
 This function calls:
		Nothing
 This function is called by:
		_interrupt_at_low_vector
 This function uses a non-reentrant model



MODULE INFORMATION

Module		Function		Class		Link	Load	Size
/opt/microchip/xc8/v1.21/sources/pic18/asfladd.c
		___asfladd     		CODE           	54FC	0000	74

/opt/microchip/xc8/v1.21/sources/pic18/asfladd.c estimated size: 74

/opt/microchip/xc8/v1.21/sources/common/double.c
		___flpack      		CODE           	496E	0000	192

/opt/microchip/xc8/v1.21/sources/common/double.c estimated size: 192

/opt/microchip/xc8/v1.21/sources/common/exp.c
		_exp           		CODE           	3A78	0000	484

/opt/microchip/xc8/v1.21/sources/common/exp.c estimated size: 484

../main.c
		_vscp_getBootLo		CODE           	5C44	0000	2
		_vscp_getZone  		CODE           	5C00	0000	10
		_vscp_getContro		CODE           	5A44	0000	32
		_init          		CODE           	5720	0000	60
		_vscp_setManufa		CODE           	5B10	0000	24
		_vscp_setGUID  		CODE           	5A00	0000	34
		_sendTempEvent 		CODE           	50B4	0000	132
		_getVSCPFrame  		CODE           	51BA	0000	120
		_vscp_setContro		CODE           	5A22	0000	34
		_vscp_getUserID		CODE           	5B84	0000	20
		_setEventData  		CODE           	4C5E	0000	176
		_doWork        		CODE           	3416	0000	1108
		_getCalibration		CODE           	56A6	0000	62
		_vscp_init_psto		CODE           	5C34	0000	4
		_vscp_restoreDe		CODE           	5C28	0000	8
		_vscp_readAppRe		CODE           	204E	0000	1964
		_vscp_getFamily		CODE           	5C14	0000	10
		_vscp_setUserID		CODE           	5B28	0000	24
		_getCANFrame   		CODE           	589C	0000	44
		_main          		CODE           	44B4	0000	276
		_handle_sync   		CODE           	5138	0000	130
		_vscp_getRegist		CODE           	5C40	0000	2
		_doOneSecondWor		CODE           	1870	0000	2014
		_sendVSCPFrame 		CODE           	4BA8	0000	182
		_vscp_getMDF_UR		CODE           	5B40	0000	24
		_init_app_eepro		CODE           	2E4E	0000	1480
		_sendCANFrame  		CODE           	55D6	0000	72
		_vscp_writeAppR		CODE           	0B6E	0000	3330
		_vscp_getFamily		CODE           	5C0A	0000	10
		_vscp_getBuffer		CODE           	5C42	0000	2
		_vscp_getSubzon		CODE           	5BF6	0000	10
		_vscp_getMatrix		CODE           	5AF6	0000	26
		_vscp_goBootloa		CODE           	5A82	0000	30
		_writeCoeffs2Ra		CODE           	4E5A	0000	160
		_vscp_readNickn		CODE           	5C1E	0000	10
		_interrupt_at_l		CODE           	0818	0000	674
		_vscp_getMajorV		CODE           	5C4A	0000	2
		_vscp_getMinorV		CODE           	5C48	0000	2
		_vscp_writeNick		CODE           	5BC0	0000	18
		_init_app_ram  		CODE           	561E	0000	70
		_vscp_getManufa		CODE           	5B70	0000	20
		_vscp_getSubMin		CODE           	5C46	0000	2
		_vscp_getGUID  		CODE           	5B98	0000	20

../main.c estimated size: 12434

/opt/microchip/xc8/v1.21/sources/pic18/plib/ADC/adcopen.c
		_OpenADC       		CODE           	531C	0000	92

/opt/microchip/xc8/v1.21/sources/pic18/plib/ADC/adcopen.c estimated size: 92

/opt/microchip/xc8/v1.21/sources/common/log.c
		_log           		CODE           	4386	0000	302

/opt/microchip/xc8/v1.21/sources/common/log.c estimated size: 302

/opt/microchip/xc8/v1.21/sources/common/fladd.c
		___fladd       		CODE           	40D6	0000	352

/opt/microchip/xc8/v1.21/sources/common/fladd.c estimated size: 352

../../vscp_firmware/pic/common/eeprom.c
		_readEEPROM    		CODE           	5BAC	0000	20
		_writeEEPROM   		CODE           	5994	0000	38

../../vscp_firmware/pic/common/eeprom.c estimated size: 58

../ECAN.c
		_ECANReceiveMes		CODE           	386A	0000	526
		__RegsToCANID  		CODE           	3F72	0000	356
		__ECANPointBuff		CODE           	5232	0000	118
		_ECANInitialize		CODE           	4F98	0000	150
		__CANIDToRegs  		CODE           	4236	0000	336
		_ECANSetOperati		CODE           	5B58	0000	24
		_ECANSendMessag		CODE           	3E0C	0000	358

../ECAN.c estimated size: 1868

shared
		exp@coeff      		SMALLCONST     	0B20	0000	40
		_vscp_deviceURL		SMALLCONST     	0B00	0000	32
		i1_ConvertADC  		CODE           	5C3C	0000	4
		__initializatio		CODE           	5664	0000	56
		i1_WriteTimer0 		CODE           	5BE4	0000	18
		log@coeff      		SMALLCONST     	0B48	0000	36

shared estimated size: 186

../ntc.c
		_Celsius2Kelvin		CODE           	580A	0000	52
		_Celsius2Fahren		CODE           	52A8	0000	116

../ntc.c estimated size: 168

../../vscp_firmware/common/vscp_firmware.c
		_vscp_getEvent 		CODE           	591C	0000	42
		_vscp_handleHea		CODE           	5C4C	0000	2
		_vscp_readRegis		CODE           	5ADC	0000	26
		_vscp_writeRegi		CODE           	59DE	0000	34
		_vscp_error    		CODE           	5C30	0000	4
		_vscp_readStdRe		CODE           	3C5C	0000	432
		_vscp_goActiveS		CODE           	5AA0	0000	30
		_vscp_doOneSeco		CODE           	5378	0000	84
		_vscp_sendEvent		CODE           	586E	0000	46
		_vscp_check_pst		CODE           	5796	0000	58
		_vscp_writeStdR		CODE           	45C8	0000	276
		_vscp_handlePro		CODE           	27FA	0000	1620
		_vscp_handleDro		CODE           	583E	0000	48
		_vscp_handleSet		CODE           	5A64	0000	30
		_vscp_handlePro		CODE           	4A2E	0000	190
		_vscp_sendHeart		CODE           	596E	0000	38
		_vscp_newNodeOn		CODE           	58F2	0000	42
		_vscp_init     		CODE           	558E	0000	72

../../vscp_firmware/common/vscp_firmware.c estimated size: 3074

/opt/microchip/xc8/v1.21/sources/common/frexp.c
		_ldexp         		CODE           	4DB6	0000	164
		_frexp         		CODE           	502E	0000	134

/opt/microchip/xc8/v1.21/sources/common/frexp.c estimated size: 298

/opt/microchip/xc8/v1.21/sources/common/altofl.c
		___altofl      		CODE           	5546	0000	72

/opt/microchip/xc8/v1.21/sources/common/altofl.c estimated size: 72

/opt/microchip/xc8/v1.21/sources/pic18/plib/ADC/adcconv.c
		_ConvertADC    		CODE           	5C38	0000	4

/opt/microchip/xc8/v1.21/sources/pic18/plib/ADC/adcconv.c estimated size: 4

/opt/microchip/xc8/v1.21/sources/common/awtofl.c
		___awtofl      		CODE           	57D0	0000	58

/opt/microchip/xc8/v1.21/sources/common/awtofl.c estimated size: 58

/opt/microchip/xc8/v1.21/sources/common/lbmod.c
		___lbmod       		CODE           	5946	0000	40

/opt/microchip/xc8/v1.21/sources/common/lbmod.c estimated size: 40

/opt/microchip/xc8/v1.21/sources/pic18/asfldiv.c
		___asfldiv     		CODE           	54B2	0000	74

/opt/microchip/xc8/v1.21/sources/pic18/asfldiv.c estimated size: 74

/opt/microchip/xc8/v1.21/sources/common/evalpoly.c
		_eval_poly     		CODE           	48AE	0000	192

/opt/microchip/xc8/v1.21/sources/common/evalpoly.c estimated size: 192

/opt/microchip/xc8/v1.21/sources/pic18/asflsub.c
		___asflsub     		CODE           	53CC	0000	78

/opt/microchip/xc8/v1.21/sources/pic18/asflsub.c estimated size: 78

/opt/microchip/xc8/v1.21/sources/common/aldiv.c
		___aldiv       		CODE           	4AEC	0000	188

/opt/microchip/xc8/v1.21/sources/common/aldiv.c estimated size: 188

/opt/microchip/xc8/v1.21/sources/common/fldiv.c
		___fldiv       		CODE           	4D0E	0000	168

/opt/microchip/xc8/v1.21/sources/common/fldiv.c estimated size: 168

/opt/microchip/xc8/v1.21/sources/common/flsub.c
		___flsub       		CODE           	56E4	0000	60

/opt/microchip/xc8/v1.21/sources/common/flsub.c estimated size: 60

/opt/microchip/xc8/v1.21/sources/common/lwtofl.c
		___lwtofl      		CODE           	58C8	0000	42

/opt/microchip/xc8/v1.21/sources/common/lwtofl.c estimated size: 42

/opt/microchip/xc8/v1.21/sources/pic18/asflmul.c
		___asflmul     		CODE           	5466	0000	76

/opt/microchip/xc8/v1.21/sources/pic18/asflmul.c estimated size: 76

/opt/microchip/xc8/v1.21/sources/common/flneg.c
		___flneg       		CODE           	59BA	0000	36

/opt/microchip/xc8/v1.21/sources/common/flneg.c estimated size: 36

/opt/microchip/xc8/v1.21/sources/pic18/plib/Timers/t0write.c
		_WriteTimer0   		CODE           	5BD2	0000	18

/opt/microchip/xc8/v1.21/sources/pic18/plib/Timers/t0write.c estimated size: 18

/opt/microchip/xc8/v1.21/sources/pic18/plib/Timers/t0open.c
		_OpenTimer0    		CODE           	5ABE	0000	30

/opt/microchip/xc8/v1.21/sources/pic18/plib/Timers/t0open.c estimated size: 30

/opt/microchip/xc8/v1.21/sources/common/flmul.c
		___flmul       		CODE           	47D8	0000	214

/opt/microchip/xc8/v1.21/sources/common/flmul.c estimated size: 214

/opt/microchip/xc8/v1.21/sources/common/fltol.c
		___fltol       		CODE           	4EFA	0000	158

/opt/microchip/xc8/v1.21/sources/common/fltol.c estimated size: 158

/opt/microchip/xc8/v1.21/sources/common/flge.c
		___flge        		CODE           	541A	0000	76

/opt/microchip/xc8/v1.21/sources/common/flge.c estimated size: 76

/opt/microchip/xc8/v1.21/sources/common/wmul.c
		___wmul        		CODE           	575C	0000	58

/opt/microchip/xc8/v1.21/sources/common/wmul.c estimated size: 58

/opt/microchip/xc8/v1.21/sources/common/floor.c
		_floor         		CODE           	46DC	0000	252

/opt/microchip/xc8/v1.21/sources/common/floor.c estimated size: 252

